Microchip MPLAB XC8 Compiler V2.41

Linker command line:

-W-3 \
  --edf=C:/Program Files/Microchip/MPLABX/v6.15/packs/Microchip/PIC18Fxxxx_DFP/1.4.151/xc8\pic\dat\20230323171731_en.msgs \
  -cn -h+dist/default/debug\APP.debug.sym \
  --cmf=dist/default/debug\APP.debug.cmf -z -Q18F4620 \
  -oC:\Users\user\AppData\Local\Temp\xcAsie8.\driver_tmp_3.o \
  --defsym=__MPLAB_BUILD=1 --fixupoverflow=error \
  -Mdist/default/debug/APP.debug.map \
  --md=C:\Users\user\AppData\Local\Temp\xcAsie8.\driver_tmp_0.dat -E1 \
  -ver=XC8 Compiler --acfsm=1493 -ACODE=00h-0FFFFh -ACONST=00h-0FFFFh \
  -ASMALLCONST=01000h-010FFhx240 -AMEDIUMCONST=01000h-0FFFFh \
  -ACOMRAM=01h-07Fh -AABS1=00h-0F7Fh -ABIGRAM=01h-0F7Fh \
  -ARAM=080h-0FFh,0100h-01FFhx14,0F00h-0F7Fh -ABANK0=080h-0FFh \
  -ABANK1=0100h-01FFh -ABANK2=0200h-02FFh -ABANK3=0300h-03FFh \
  -ABANK4=0400h-04FFh -ABANK5=0500h-05FFh -ABANK6=0600h-06FFh \
  -ABANK7=0700h-07FFh -ABANK8=0800h-08FFh -ABANK9=0900h-09FFh \
  -ABANK10=0A00h-0AFFh -ABANK11=0B00h-0BFFh -ABANK12=0C00h-0CFFh \
  -ABANK13=0D00h-0DFFh -ABANK14=0E00h-0EFFh -ABANK15=0F00h-0F7Fh \
  -ASFR=0F80h-0FFFh -ABIGSFR=0F80h-0FFFh -ACONFIG=0300000h-030000Dh \
  -AIDLOC=0200000h-0200007h -AEEDATA=0F00000h-0F003FFh -peeprom_data=EEDATA \
  -preset_vec=00h,intcode=08h,intcodelo,powerup,init -pramtop=01000h \
  -psmallconst=SMALLCONST -pmediumconst=MEDIUMCONST -pconst=CONST \
  -AFARRAM=00h-00h \
  -prdata=COMRAM,nvrram=COMRAM,nvbit=COMRAM,rbss=COMRAM,rbit=COMRAM \
  -pfarbss=FARRAM,fardata=FARRAM,nvFARRAM=FARRAM \
  -pintsave_regs=BIGRAM,bigbss=BIGRAM,bigdata=BIGRAM -pbss=RAM \
  -pidata=CODE,irdata=CODE,ibigdata=CODE,ifardata=CODE -prparam=COMRAM \
  C:\Users\user\AppData\Local\Temp\xcAsie8.\driver_tmp_14.o \
  dist/default/debug\APP.debug.o 

Object code version is 3.11

Machine type is 18F4620



                Name                               Link     Load   Length Selector   Space Scale
C:\Users\user\AppData\Local\Temp\xcAsie8.\driver_tmp_14.o
                idloc                            200000   200000        8        0       5
                config                           300000   300000        E        0       4
                init                                  E        E        4        4       0
                reset_vec                             0        0        4        0       0
dist/default/debug\APP.debug.o
                intcode                               8        8        6        4       0
                idloc                            200000   200000        8        0       5
                config                           300000   300000        E        0       4
                temp                                 7C       7C        1        1       1
                smallconst                         1000     1000       44      800       0
                text56                             2E30     2E30        4     16FE       0
                text55                             2E2C     2E2C        4     16FE       0
                text54                             2E28     2E28        4     16FE       0
                text53                             2CEC     2CEC       2C     1660       0
                text52                             2E24     2E24        4     16FE       0
                text51                             2E20     2E20        4     16FE       0
                text50                             2E1C     2E1C        4     16FE       0
                text49                             2E18     2E18        4     16FE       0
                text48                             2E14     2E14        4     16FE       0
                text47                             2E10     2E10        4     16FE       0
                text46                             2E0A     2E0A        6     16FE       0
                text45                             2DA6     2DA6       1A     1660       0
                text44                             2D8C     2D8C       1A     1660       0
                text43                             2D72     2D72       1A     1660       0
                text42                             2D58     2D58       1A     1660       0
                text41                             2DDA     2DDA        C     1660       0
                text40                             2DCE     2DCE        C     1660       0
                text39                             2DFC     2DFC        8     16FE       0
                text38                             2DC0     2DC0        E     1660       0
                intcode_body                       1044     1044      448      822       0
                text36                             1B22     1B22      144      822       0
                text35                             1D92     1D92      12C      822       0
                text34                             290E     290E       6C      822       0
                text33                             2730     2730       80      822       0
                text32                             2C54     2C54       36      822       0
                text31                             29E4     29E4       68      822       0
                text30                             289C     289C       72      822       0
                text29                             1EBE     1EBE      128      822       0
                text28                             2D3E     2D3E       1A     1660       0
                text27                             2E04     2E04        6     16FE       0
                text26                             255E     255E       A4      822       0
                text25                             297A     297A       6A      822       0
                text24                             1852     1852      176      822       0
                text23                             21D0     21D0       C4      822       0
                text22                             2406     2406       B0      822       0
                text21                             2C14     2C14       40      822       0
                text20                             2E34     2E34        2     16FE       0
                text19                             2106     2106       CA      822       0
                text18                             2B90     2B90       44      822       0
                text17                             27B0     27B0       7A      822       0
                text16                             16BC     16BC      196      822       0
                text15                             1C66     1C66      12C      822       0
                text14                             2AAE     2AAE       50      822       0
                text13                             2AFE     2AFE       4C      822       0
                text12                             2A4C     2A4C       62      822       0
                text11                             282A     282A       72      822       0
                text10                             24B6     24B6       A8      822       0
                text9                              2602     2602       A0      822       0
                text8                              19C8     19C8      15A      822       0
                text7                              2CC0     2CC0       2C     1660       0
                text6                              234E     234E       B8      822       0
                text5                              1FE6     1FE6      120      822       0
                text4                              2D18     2D18       26     1660       0
                text3                              2BD4     2BD4       40      822       0
                text2                              2B4A     2B4A       46      822       0
                text1                              2294     2294       BA      822       0
                text0                              148C     148C      230      822       0
                cstackCOMRAM                          1        1       5F        1       1
                cstackBANK0                          F9       F9        2       80       1
                dataBANK1                           12B      12B        A      100       1
                bssBANK1                            100      100       2B      100       1
                dataBANK0                            C4       C4       35       80       1
                bssBANK0                             80       80       44       80       1
                dataCOMRAM                           71       71        B        1       1
                bssCOMRAM                            60       60       11        1       1
                cinit                              26A2     26A2       8E      822       0
                idataBANK1                         2DF1     2DF1        A     1660       0
                idataBANK0                         2C8A     2C8A       35      822       0
                idataCOMRAM                        2DE6     2DE6        B     1660       0

TOTAL           Name                               Link     Load   Length     Space
        CLASS   CODE           
                intcode                               8        8        6         0
                init                                  E        E        4         0
                reset_vec                             0        0        4         0
                text56                             2E30     2E30        4         0
                text55                             2E2C     2E2C        4         0
                text54                             2E28     2E28        4         0
                text53                             2CEC     2CEC       2C         0
                text52                             2E24     2E24        4         0
                text51                             2E20     2E20        4         0
                text50                             2E1C     2E1C        4         0
                text49                             2E18     2E18        4         0
                text48                             2E14     2E14        4         0
                text47                             2E10     2E10        4         0
                text46                             2E0A     2E0A        6         0
                text45                             2DA6     2DA6       1A         0
                text44                             2D8C     2D8C       1A         0
                text43                             2D72     2D72       1A         0
                text42                             2D58     2D58       1A         0
                text41                             2DDA     2DDA        C         0
                text40                             2DCE     2DCE        C         0
                text39                             2DFC     2DFC        8         0
                text38                             2DC0     2DC0        E         0
                intcode_body                       1044     1044      448         0
                text36                             1B22     1B22      144         0
                text35                             1D92     1D92      12C         0
                text34                             290E     290E       6C         0
                text33                             2730     2730       80         0
                text32                             2C54     2C54       36         0
                text31                             29E4     29E4       68         0
                text30                             289C     289C       72         0
                text29                             1EBE     1EBE      128         0
                text28                             2D3E     2D3E       1A         0
                text27                             2E04     2E04        6         0
                text26                             255E     255E       A4         0
                text25                             297A     297A       6A         0
                text24                             1852     1852      176         0
                text23                             21D0     21D0       C4         0
                text22                             2406     2406       B0         0
                text21                             2C14     2C14       40         0
                text20                             2E34     2E34        2         0
                text19                             2106     2106       CA         0
                text18                             2B90     2B90       44         0
                text17                             27B0     27B0       7A         0
                text16                             16BC     16BC      196         0
                text15                             1C66     1C66      12C         0
                text14                             2AAE     2AAE       50         0
                text13                             2AFE     2AFE       4C         0
                text12                             2A4C     2A4C       62         0
                text11                             282A     282A       72         0
                text10                             24B6     24B6       A8         0
                text9                              2602     2602       A0         0
                text8                              19C8     19C8      15A         0
                text7                              2CC0     2CC0       2C         0
                text6                              234E     234E       B8         0
                text5                              1FE6     1FE6      120         0
                text4                              2D18     2D18       26         0
                text3                              2BD4     2BD4       40         0
                text2                              2B4A     2B4A       46         0
                text1                              2294     2294       BA         0
                text0                              148C     148C      230         0
                cinit                              26A2     26A2       8E         0
                idataBANK1                         2DF1     2DF1        A         0
                idataBANK0                         2C8A     2C8A       35         0
                idataCOMRAM                        2DE6     2DE6        B         0

        CLASS   CONST          

        CLASS   SMALLCONST     
                smallconst                         1000     1000       44         0

        CLASS   MEDIUMCONST    

        CLASS   COMRAM         
                temp                                 7C       7C        1         1
                cstackCOMRAM                          1        1       5F         1
                dataCOMRAM                           71       71        B         1
                bssCOMRAM                            60       60       11         1

        CLASS   ABS1           

        CLASS   BIGRAM         

        CLASS   RAM            

        CLASS   BANK0          
                cstackBANK0                          F9       F9        2         1
                dataBANK0                            C4       C4       35         1
                bssBANK0                             80       80       44         1

        CLASS   BANK1          
                dataBANK1                           12B      12B        A         1
                bssBANK1                            100      100       2B         1

        CLASS   BANK2          

        CLASS   BANK3          

        CLASS   BANK4          

        CLASS   BANK5          

        CLASS   BANK6          

        CLASS   BANK7          

        CLASS   BANK8          

        CLASS   BANK9          

        CLASS   BANK10         

        CLASS   BANK11         

        CLASS   BANK12         

        CLASS   BANK13         

        CLASS   BANK14         

        CLASS   BANK15         

        CLASS   SFR            

        CLASS   BIGSFR         

        CLASS   CONFIG         
                config                           300000   300000        E         4

        CLASS   IDLOC          
                idloc                            200000   200000        8         5

        CLASS   EEDATA         

        CLASS   FARRAM         

        CLASS   HEAP           

        CLASS   STACK          



SEGMENTS        Name                           Load    Length   Top    Selector   Space  Class

                reset_vec                      000000  000004  000004         0       0  CODE    
                cstackCOMRAM                   000001  00007C  00007D         1       1  COMRAM  
                intcode                        000008  00000A  000012         4       0  CODE    
                bssBANK0                       000080  00007B  0000FB        80       1  BANK0   
                bssBANK1                       000100  000035  000135       100       1  BANK1   
                smallconst                     001000  000044  001044       800       0  SMALLCON
                intcode_body                   001044  001C7B  002CBF       822       0  CODE    
                text7                          002CC0  00013B  002DFB      1660       0  CODE    
                text39                         002DFC  00003A  002E36      16FE       0  CODE    


UNUSED ADDRESS RANGES

        Name                Unused          Largest block    Delta
        BANK0            0000FB-0000FF                5
        BANK1            000135-0001FF               CB
        BANK10           000A00-000AFF              100
        BANK11           000B00-000BFF              100
        BANK12           000C00-000CFF              100
        BANK13           000D00-000DFF              100
        BANK14           000E00-000EFF              100
        BANK15           000F00-000F7F               80
        BANK2            000200-0002FF              100
        BANK3            000300-0003FF              100
        BANK4            000400-0004FF              100
        BANK5            000500-0005FF              100
        BANK6            000600-0006FF              100
        BANK7            000700-0007FF              100
        BANK8            000800-0008FF              100
        BANK9            000900-0009FF              100
        BIGRAM           00007D-00007F                3
                         0000FB-0000FF                5
                         000135-000F7F              E4B
        BIGSFR           000F80-000FFF               80
        CODE             000004-000007                4
                         000012-000FFF              FEE
                         002CBF-002CBF                1
                         002DFB-002DFB                1
                         002E36-00FFFF             D1CA
        COMRAM           00007D-00007F                3
        CONST            000004-000007                4
                         000012-000FFF              FEE
                         002CBF-002CBF                1
                         002DFB-002DFB                1
                         002E36-00FFFF             D1CA
        EEDATA           F00000-F003FF              400
        MEDIUMCONST      002CBF-002CBF                1
                         002DFB-002DFB                1
                         002E36-00FFFF             D1CA
        RAM              0000FB-0000FF                5
                         000135-000F7F              100
        SFR              000F80-000FFF               80
        SMALLCONST       002CBF-002CBF                1
                         002DFB-002DFB                1
                         002E36-00FFFF              100

                                  Symbol Table

?___awdiv                                          cstackCOMRAM 000003
?___awmod                                          cstackCOMRAM 000003
?___lldiv                                          cstackCOMRAM 000003
?___lmul                                           cstackCOMRAM 000003
?_abs                                              cstackCOMRAM 000009
?_isdigit                                          cstackCOMRAM 000003
?_sprintf                                          cstackCOMRAM 000041
?_vfprintf                                         cstackCOMRAM 000039
MSSP_SPI_Msster_Mode_GPIO_PIN_Configurations@F3596 dataCOMRAM   000077
MSSP_SPI_Msster_Mode_GPIO_PIN_Configurations@F3598 dataCOMRAM   000076
MSSP_SPI_Msster_Mode_GPIO_PIN_Configurations@F3600 dataCOMRAM   000075
MSSP_SPI_Slave_Mode_GPIO_PIN_Configurations@F3605  dataCOMRAM   000074
MSSP_SPI_Slave_Mode_GPIO_PIN_Configurations@F3607  dataCOMRAM   000073
MSSP_SPI_Slave_Mode_GPIO_PIN_Configurations@F3609  dataCOMRAM   000072
MSSP_SPI_Slave_Mode_GPIO_PIN_Configurations@F3611  dataCOMRAM   000071
RB4_ISR@RB4_Source                                 cstackCOMRAM 000001
RB5_ISR@RB5_Source                                 cstackCOMRAM 000001
RB6_ISR@RB6_Source                                 cstackCOMRAM 000001
RB7_ISR@RB7_Source                                 cstackCOMRAM 000001
_ADCON0bits                                        (abs)        000FC2
_ADCON1bits                                        (abs)        000FC1
_ADCON2bits                                        (abs)        000FC0
_ADC_ISR                                           text56       002E30
_ADC_InterruptHandler                              bssBANK0     0000C2
_ADRESH                                            (abs)        000FC4
_ADRESL                                            (abs)        000FC3
_BAUDCONbits                                       (abs)        000FB8
_CCP1CONbits                                       (abs)        000FBD
_CCP1_ISR                                          text55       002E2C
_CCP1_InterruptHandler                             bssBANK0     0000C0
_CCP2CONbits                                       (abs)        000FBA
_CCP2_ISR                                          text54       002E28
_CCP2_InterruptHandler                             bssBANK0     0000BE
_CCPR1L                                            (abs)        000FBE
_CCPR2L                                            (abs)        000FBB
_EEADR                                             (abs)        000FA9
_EEADRH                                            (abs)        000FAA
_EECON1bits                                        (abs)        000FA6
_EECON2                                            (abs)        000FA7
_EEDATA                                            (abs)        000FA8
_EUSART_FramingErrorHandler                        bssBANK0     000090
_EUSART_OverrunErrorHandler                        bssBANK0     00008E
_EUSART_RX_ISR                                     text53       002CEC
_EUSART_RxInterruptHandler                         bssBANK0     000092
_EUSART_TX_ISR                                     text52       002E24
_EUSART_TxInterruptHandler                         bssBANK0     000094
_I2C_DefaultInterruptHandle                        bssBANK0     0000BA
_I2C_Report_Receive_Overflow_InterruptHandle       bssBANK0     0000B8
_I2C_Report_Write_Collision_InterruptHandler       bssBANK0     0000BC
_INT0_ISR                                          text51       002E20
_INT0_InterruptHandler                             bssBANK0     0000B6
_INT1_ISR                                          text50       002E1C
_INT1_InterruptHandler                             bssBANK0     0000B4
_INT2_ISR                                          text49       002E18
_INT2_InterruptHandler                             bssBANK0     0000B2
_INTCON2bits                                       (abs)        000FF1
_INTCON3bits                                       (abs)        000FF0
_INTCONbits                                        (abs)        000FF2
_InterruptManager                                  intcode      000008
_LATA                                              (abs)        000F89
_LATB                                              (abs)        000F8A
_LATC                                              (abs)        000F8B
_LATD                                              (abs)        000F8C
_LATE                                              (abs)        000F8D
_MSSP_I2C_BC_ISR                                   text48       002E14
_MSSP_I2C_ISR                                      text47       002E10
_MSSP_SPI_ISR                                      text46       002E0A
_PIE1bits                                          (abs)        000F9D
_PIE2bits                                          (abs)        000FA0
_PIR1bits                                          (abs)        000F9E
_PIR2bits                                          (abs)        000FA1
_PORTA                                             (abs)        000F80
_PORTB                                             (abs)        000F81
_PORTBbits                                         (abs)        000F81
_PORTC                                             (abs)        000F82
_PORTD                                             (abs)        000F83
_PORTE                                             (abs)        000F84
_PR2                                               (abs)        000FCB
_RB4_Flag                                          dataCOMRAM   00007B
_RB4_ISR                                           text45       002DA6
_RB4_InterruptHandler_HIGH                         bssBANK0     0000B0
_RB4_InterruptHandler_LOW                          bssBANK0     0000AE
_RB5_Flag                                          dataCOMRAM   00007A
_RB5_ISR                                           text44       002D8C
_RB5_InterruptHandler_HIGH                         bssBANK0     0000AC
_RB5_InterruptHandler_LOW                          bssBANK0     0000AA
_RB6_Flag                                          dataCOMRAM   000079
_RB6_ISR                                           text43       002D72
_RB6_InterruptHandler_HIGH                         bssBANK0     0000A8
_RB6_InterruptHandler_LOW                          bssBANK0     0000A6
_RB7_Flag                                          dataCOMRAM   000078
_RB7_ISR                                           text42       002D58
_RB7_InterruptHandler_HIGH                         bssBANK0     0000A4
_RB7_InterruptHandler_LOW                          bssBANK0     0000A2
_RCREG                                             (abs)        000FAE
_RCSTAbits                                         (abs)        000FAB
_SPBRG                                             (abs)        000FAF
_SPBRGH                                            (abs)        000FB0
_SPI_InterruptHandler                              bssBANK0     0000A0
_SSPADD                                            (abs)        000FC8
_SSPBUF                                            (abs)        000FC9
_SSPCON1bits                                       (abs)        000FC6
_SSPCON2bits                                       (abs)        000FC5
_SSPSTATbits                                       (abs)        000FC7
_T0CONbits                                         (abs)        000FD5
_T1CONbits                                         (abs)        000FCD
_T2CONbits                                         (abs)        000FCA
_T3CONbits                                         (abs)        000FB1
_TMR0H                                             (abs)        000FD7
_TMR0L                                             (abs)        000FD6
_TMR0_ISR                                          text41       002DDA
_TMR0_InterruptHandler                             bssBANK0     00009E
_TMR1H                                             (abs)        000FCF
_TMR1L                                             (abs)        000FCE
_TMR1_ISR                                          text40       002DCE
_TMR1_InterruptHandler                             bssBANK0     00009C
_TMR2                                              (abs)        000FCC
_TMR2_ISR                                          text39       002DFC
_TMR2_InterruptHandler                             bssBANK0     00009A
_TMR3H                                             (abs)        000FB3
_TMR3L                                             (abs)        000FB2
_TMR3_ISR                                          text38       002DC0
_TMR3_InterruptHandler                             bssBANK0     000098
_TRISA                                             (abs)        000F92
_TRISB                                             (abs)        000F93
_TRISC                                             (abs)        000F94
_TRISCbits                                         (abs)        000F94
_TRISD                                             (abs)        000F95
_TRISE                                             (abs)        000F96
_TXREG                                             (abs)        000FAD
_TXSTAbits                                         (abs)        000FAC
__HRAM                                             (abs)        000000
__H__absolute__                                    __absolute__ 000000
__Habs1                                            abs1         000000
__Hbank0                                           bank0        000000
__Hbank1                                           bank1        000000
__Hbank10                                          bank10       000000
__Hbank11                                          bank11       000000
__Hbank12                                          bank12       000000
__Hbank13                                          bank13       000000
__Hbank14                                          bank14       000000
__Hbank15                                          bank15       000000
__Hbank2                                           bank2        000000
__Hbank3                                           bank3        000000
__Hbank4                                           bank4        000000
__Hbank5                                           bank5        000000
__Hbank6                                           bank6        000000
__Hbank7                                           bank7        000000
__Hbank8                                           bank8        000000
__Hbank9                                           bank9        000000
__Hbigbss                                          bigbss       000000
__Hbigdata                                         bigdata      000000
__Hbigram                                          bigram       000000
__Hbigsfr                                          bigsfr       000000
__Hbss                                             bss          000000
__HbssBANK0                                        bssBANK0     000000
__HbssBANK1                                        bssBANK1     000000
__HbssCOMRAM                                       bssCOMRAM    000000
__Hcinit                                           cinit        000000
__Hclrtext                                         clrtext      000000
__Hcomram                                          comram       000000
__Hconfig                                          config       30000E
__Hconst                                           const        000000
__HcstackBANK0                                     cstackBANK0  000000
__HcstackCOMRAM                                    cstackCOMRAM 000000
__Hdata                                            data         000000
__HdataBANK0                                       dataBANK0    000000
__HdataBANK1                                       dataBANK1    000000
__HdataCOMRAM                                      dataCOMRAM   000000
__Heeprom_data                                     eeprom_data  000000
__Hfarbss                                          farbss       000000
__Hfardata                                         fardata      000000
__Hheap                                            heap         000000
__Hibigdata                                        ibigdata     000000
__Hidata                                           idata        000000
__HidataBANK0                                      idataBANK0   000000
__HidataBANK1                                      idataBANK1   000000
__HidataCOMRAM                                     idataCOMRAM  000000
__Hidloc                                           idloc        200008
__Hifardata                                        ifardata     000000
__Hinit                                            init         000012
__Hintcode                                         intcode      00000E
__Hintcode_body                                    intcode_body 000000
__Hintcodelo                                       intcodelo    00000E
__Hintentry                                        intentry     000000
__Hintret                                          intret       000000
__Hintsave_regs                                    intsave_regs 000000
__Hirdata                                          irdata       000000
__Hmediumconst                                     mediumconst  000000
__HnvFARRAM                                        nvFARRAM     000000
__Hnvbit                                           nvbit        000000
__Hnvrram                                          nvrram       000000
__Hparam                                           rparam       000000
__Hpowerup                                         powerup      00000E
__Hram                                             ram          000000
__Hramtop                                          ramtop       001000
__Hrbit                                            rbit         000000
__Hrbss                                            rbss         000000
__Hrdata                                           rdata        000000
__Hreset_vec                                       reset_vec    000004
__Hrparam                                          rparam       000000
__Hsfr                                             sfr          000000
__Hsmallconst                                      smallconst   001044
__Hspace_0                                         (abs)        002E36
__Hspace_1                                         (abs)        000135
__Hspace_2                                         (abs)        000000
__Hspace_4                                         (abs)        60000E
__Hstack                                           stack        000000
__Hstruct                                          struct       000000
__Htemp                                            temp         00007D
__Htext                                            text         000000
__Htext0                                           text0        000000
__Htext1                                           text1        000000
__Htext10                                          text10       000000
__Htext11                                          text11       000000
__Htext12                                          text12       000000
__Htext13                                          text13       000000
__Htext14                                          text14       000000
__Htext15                                          text15       000000
__Htext16                                          text16       000000
__Htext17                                          text17       000000
__Htext18                                          text18       000000
__Htext19                                          text19       000000
__Htext2                                           text2        000000
__Htext20                                          text20       000000
__Htext21                                          text21       000000
__Htext22                                          text22       000000
__Htext23                                          text23       000000
__Htext24                                          text24       000000
__Htext25                                          text25       000000
__Htext26                                          text26       000000
__Htext27                                          text27       000000
__Htext28                                          text28       000000
__Htext29                                          text29       000000
__Htext3                                           text3        000000
__Htext30                                          text30       000000
__Htext31                                          text31       000000
__Htext32                                          text32       000000
__Htext33                                          text33       000000
__Htext34                                          text34       000000
__Htext35                                          text35       000000
__Htext36                                          text36       000000
__Htext38                                          text38       000000
__Htext39                                          text39       000000
__Htext4                                           text4        000000
__Htext40                                          text40       000000
__Htext41                                          text41       000000
__Htext42                                          text42       000000
__Htext43                                          text43       000000
__Htext44                                          text44       000000
__Htext45                                          text45       000000
__Htext46                                          text46       000000
__Htext47                                          text47       000000
__Htext48                                          text48       000000
__Htext49                                          text49       000000
__Htext5                                           text5        000000
__Htext50                                          text50       000000
__Htext51                                          text51       000000
__Htext52                                          text52       000000
__Htext53                                          text53       000000
__Htext54                                          text54       000000
__Htext55                                          text55       000000
__Htext56                                          text56       000000
__Htext6                                           text6        000000
__Htext7                                           text7        000000
__Htext8                                           text8        000000
__Htext9                                           text9        000000
__LRAM                                             (abs)        000001
__L__absolute__                                    __absolute__ 000000
__Labs1                                            abs1         000000
__Lbank0                                           bank0        000000
__Lbank1                                           bank1        000000
__Lbank10                                          bank10       000000
__Lbank11                                          bank11       000000
__Lbank12                                          bank12       000000
__Lbank13                                          bank13       000000
__Lbank14                                          bank14       000000
__Lbank15                                          bank15       000000
__Lbank2                                           bank2        000000
__Lbank3                                           bank3        000000
__Lbank4                                           bank4        000000
__Lbank5                                           bank5        000000
__Lbank6                                           bank6        000000
__Lbank7                                           bank7        000000
__Lbank8                                           bank8        000000
__Lbank9                                           bank9        000000
__Lbigbss                                          bigbss       000000
__Lbigdata                                         bigdata      000000
__Lbigram                                          bigram       000000
__Lbigsfr                                          bigsfr       000000
__Lbss                                             bss          000000
__LbssBANK0                                        bssBANK0     000000
__LbssBANK1                                        bssBANK1     000000
__LbssCOMRAM                                       bssCOMRAM    000000
__Lcinit                                           cinit        000000
__Lclrtext                                         clrtext      000000
__Lcomram                                          comram       000000
__Lconfig                                          config       000000
__Lconst                                           const        000000
__LcstackBANK0                                     cstackBANK0  000000
__LcstackCOMRAM                                    cstackCOMRAM 000000
__Ldata                                            data         000000
__LdataBANK0                                       dataBANK0    000000
__LdataBANK1                                       dataBANK1    000000
__LdataCOMRAM                                      dataCOMRAM   000000
__Leeprom_data                                     eeprom_data  000000
__Lfarbss                                          farbss       000000
__Lfardata                                         fardata      000000
__Lheap                                            heap         000000
__Libigdata                                        ibigdata     000000
__Lidata                                           idata        000000
__LidataBANK0                                      idataBANK0   000000
__LidataBANK1                                      idataBANK1   000000
__LidataCOMRAM                                     idataCOMRAM  000000
__Lidloc                                           idloc        000000
__Lifardata                                        ifardata     000000
__Linit                                            init         00000E
__Lintcode                                         intcode      000008
__Lintcode_body                                    intcode_body 000000
__Lintcodelo                                       intcodelo    00000E
__Lintentry                                        intentry     000000
__Lintret                                          intret       000000
__Lintsave_regs                                    intsave_regs 000000
__Lirdata                                          irdata       000000
__Lmediumconst                                     mediumconst  000000
__LnvFARRAM                                        nvFARRAM     000000
__Lnvbit                                           nvbit        000000
__Lnvrram                                          nvrram       000000
__Lparam                                           rparam       000000
__Lpowerup                                         powerup      00000E
__Lram                                             ram          000000
__Lramtop                                          ramtop       001000
__Lrbit                                            rbit         000000
__Lrbss                                            rbss         000000
__Lrdata                                           rdata        000000
__Lreset_vec                                       reset_vec    000000
__Lrparam                                          rparam       000000
__Lsfr                                             sfr          000000
__Lsmallconst                                      smallconst   001000
__Lspace_0                                         (abs)        000000
__Lspace_1                                         (abs)        000000
__Lspace_2                                         (abs)        000000
__Lspace_4                                         (abs)        000000
__Lstack                                           stack        000000
__Lstruct                                          struct       000000
__Ltemp                                            temp         00007C
__Ltext                                            text         000000
__Ltext0                                           text0        000000
__Ltext1                                           text1        000000
__Ltext10                                          text10       000000
__Ltext11                                          text11       000000
__Ltext12                                          text12       000000
__Ltext13                                          text13       000000
__Ltext14                                          text14       000000
__Ltext15                                          text15       000000
__Ltext16                                          text16       000000
__Ltext17                                          text17       000000
__Ltext18                                          text18       000000
__Ltext19                                          text19       000000
__Ltext2                                           text2        000000
__Ltext20                                          text20       000000
__Ltext21                                          text21       000000
__Ltext22                                          text22       000000
__Ltext23                                          text23       000000
__Ltext24                                          text24       000000
__Ltext25                                          text25       000000
__Ltext26                                          text26       000000
__Ltext27                                          text27       000000
__Ltext28                                          text28       000000
__Ltext29                                          text29       000000
__Ltext3                                           text3        000000
__Ltext30                                          text30       000000
__Ltext31                                          text31       000000
__Ltext32                                          text32       000000
__Ltext33                                          text33       000000
__Ltext34                                          text34       000000
__Ltext35                                          text35       000000
__Ltext36                                          text36       000000
__Ltext38                                          text38       000000
__Ltext39                                          text39       000000
__Ltext4                                           text4        000000
__Ltext40                                          text40       000000
__Ltext41                                          text41       000000
__Ltext42                                          text42       000000
__Ltext43                                          text43       000000
__Ltext44                                          text44       000000
__Ltext45                                          text45       000000
__Ltext46                                          text46       000000
__Ltext47                                          text47       000000
__Ltext48                                          text48       000000
__Ltext49                                          text49       000000
__Ltext5                                           text5        000000
__Ltext50                                          text50       000000
__Ltext51                                          text51       000000
__Ltext52                                          text52       000000
__Ltext53                                          text53       000000
__Ltext54                                          text54       000000
__Ltext55                                          text55       000000
__Ltext56                                          text56       000000
__Ltext6                                           text6        000000
__Ltext7                                           text7        000000
__Ltext8                                           text8        000000
__Ltext9                                           text9        000000
__S0                                               (abs)        002E36
__S1                                               (abs)        000135
__S4                                               (abs)        000000
__S5                                               (abs)        000000
___awdiv                                           text23       0021D0
___awdiv@counter                                   cstackCOMRAM 000007
___awdiv@dividend                                  cstackCOMRAM 000003
___awdiv@divisor                                   cstackCOMRAM 000005
___awdiv@quotient                                  cstackCOMRAM 000009
___awdiv@sign                                      cstackCOMRAM 000008
___awmod                                           text22       002406
___awmod@counter                                   cstackCOMRAM 000007
___awmod@dividend                                  cstackCOMRAM 000003
___awmod@divisor                                   cstackCOMRAM 000005
___awmod@sign                                      cstackCOMRAM 000008
___heap_hi                                         (abs)        000000
___heap_lo                                         (abs)        000000
___inthi_sp                                        stack        000000
___intlo_sp                                        stack        000000
___lldiv                                           text26       00255E
___lldiv@counter                                   cstackCOMRAM 00000F
___lldiv@dividend                                  cstackCOMRAM 000003
___lldiv@divisor                                   cstackCOMRAM 000007
___lldiv@quotient                                  cstackCOMRAM 00000B
___lmul                                            text25       00297A
___lmul@multiplicand                               cstackCOMRAM 000007
___lmul@multiplier                                 cstackCOMRAM 000003
___lmul@product                                    cstackCOMRAM 00000B
___param_bank                                      (abs)        000000
___rparam_used                                     (abs)        000001
___sp                                              stack        000000
__accesstop                                        (abs)        000080
__activetblptr                                     (abs)        000003
__end_of_ADC_ISR                                   text56       002E34
__end_of_CCP1_ISR                                  text55       002E30
__end_of_CCP2_ISR                                  text54       002E2C
__end_of_EUSART_RX_ISR                             text53       002D18
__end_of_EUSART_TX_ISR                             text52       002E28
__end_of_INT0_ISR                                  text51       002E24
__end_of_INT1_ISR                                  text50       002E20
__end_of_INT2_ISR                                  text49       002E1C
__end_of_InterruptManager                          intcode_body 00148C
__end_of_MSSP_I2C_BC_ISR                           text48       002E18
__end_of_MSSP_I2C_ISR                              text47       002E14
__end_of_MSSP_SPI_ISR                              text46       002E10
__end_of_RB4_ISR                                   text45       002DC0
__end_of_RB5_ISR                                   text44       002DA6
__end_of_RB6_ISR                                   text43       002D8C
__end_of_RB7_ISR                                   text42       002D72
__end_of_TMR0_ISR                                  text41       002DE6
__end_of_TMR1_ISR                                  text40       002DDA
__end_of_TMR2_ISR                                  text39       002E04
__end_of_TMR3_ISR                                  text38       002DCE
__end_of___awdiv                                   text23       002294
__end_of___awmod                                   text22       0024B6
__end_of___lldiv                                   text26       002602
__end_of___lmul                                    text25       0029E4
__end_of__initialization                           cinit        002726
__end_of_abs                                       text21       002C54
__end_of_application_initialize                    text27       002E0A
__end_of_btn_values                                smallconst   001011
__end_of_calculate                                 text8        001B22
__end_of_convert_uint32_to_string                  text12       002AAE
__end_of_dtoa                                      text16       001852
__end_of_ecu_layer_init                            text28       002D58
__end_of_fputc                                     text19       0021D0
__end_of_fputs                                     text18       002BD4
__end_of_gpio_pin_direction_intialize              text36       001C66
__end_of_gpio_pin_intialize                        text34       00297A
__end_of_gpio_pin_read_logic                       text6        002406
__end_of_gpio_pin_write_logic                      text35       001EBE
__end_of_isdigit                                   text7        002CEC
__end_of_keypad_get_value                          text5        002106
__end_of_keypad_initialize                         text33       0027B0
__end_of_lcd_4bit_clear                            text4        002D3E
__end_of_lcd_4bit_intialize                        text29       001FE6
__end_of_lcd_4bit_send_char_data                   text11       00289C
__end_of_lcd_4bit_send_char_data_pos               text2        002B90
__end_of_lcd_4bit_send_command                     text30       00290E
__end_of_lcd_4bit_send_enable_signal               text32       002C8A
__end_of_lcd_4bit_send_string_pos                  text9        0026A2
__end_of_lcd_4bit_set_cursor                       text10       00255E
__end_of_lcd_send_4bits                            text31       002A4C
__end_of_lcd_write                                 text3        002C14
__end_of_loading_screen                            text1        00234E
__end_of_main                                      text0        0016BC
__end_of_memset                                    text24       0019C8
__end_of_pad                                       text17       00282A
__end_of_putch                                     text20       002E36
__end_of_sprintf                                   text13       002B4A
__end_of_vfpfcnvrt                                 text15       001D92
__end_of_vfprintf                                  text14       002AFE
__initialization                                   cinit        0026A2
__mediumconst                                      mediumconst  000000
__pbssBANK0                                        bssBANK0     000080
__pbssBANK1                                        bssBANK1     000100
__pbssCOMRAM                                       bssCOMRAM    000060
__pcinit                                           cinit        0026A2
__pcstackBANK0                                     cstackBANK0  0000F9
__pcstackCOMRAM                                    cstackCOMRAM 000001
__pdataBANK0                                       dataBANK0    0000C4
__pdataBANK1                                       dataBANK1    00012B
__pdataCOMRAM                                      dataCOMRAM   000071
__pidataBANK0                                      idataBANK0   002C8A
__pidataBANK1                                      idataBANK1   002DF1
__pidataCOMRAM                                     idataCOMRAM  002DE6
__pintcode                                         intcode      000008
__pintcode_body                                    intcode_body 001044
__psmallconst                                      smallconst   001000
__ptext0                                           text0        00148C
__ptext1                                           text1        002294
__ptext10                                          text10       0024B6
__ptext11                                          text11       00282A
__ptext12                                          text12       002A4C
__ptext13                                          text13       002AFE
__ptext14                                          text14       002AAE
__ptext15                                          text15       001C66
__ptext16                                          text16       0016BC
__ptext17                                          text17       0027B0
__ptext18                                          text18       002B90
__ptext19                                          text19       002106
__ptext2                                           text2        002B4A
__ptext20                                          text20       002E34
__ptext21                                          text21       002C14
__ptext22                                          text22       002406
__ptext23                                          text23       0021D0
__ptext24                                          text24       001852
__ptext25                                          text25       00297A
__ptext26                                          text26       00255E
__ptext27                                          text27       002E04
__ptext28                                          text28       002D3E
__ptext29                                          text29       001EBE
__ptext3                                           text3        002BD4
__ptext30                                          text30       00289C
__ptext31                                          text31       0029E4
__ptext32                                          text32       002C54
__ptext33                                          text33       002730
__ptext34                                          text34       00290E
__ptext35                                          text35       001D92
__ptext36                                          text36       001B22
__ptext38                                          text38       002DC0
__ptext39                                          text39       002DFC
__ptext4                                           text4        002D18
__ptext40                                          text40       002DCE
__ptext41                                          text41       002DDA
__ptext42                                          text42       002D58
__ptext43                                          text43       002D72
__ptext44                                          text44       002D8C
__ptext45                                          text45       002DA6
__ptext46                                          text46       002E0A
__ptext47                                          text47       002E10
__ptext48                                          text48       002E14
__ptext49                                          text49       002E18
__ptext5                                           text5        001FE6
__ptext50                                          text50       002E1C
__ptext51                                          text51       002E20
__ptext52                                          text52       002E24
__ptext53                                          text53       002CEC
__ptext54                                          text54       002E28
__ptext55                                          text55       002E2C
__ptext56                                          text56       002E30
__ptext6                                           text6        00234E
__ptext7                                           text7        002CC0
__ptext8                                           text8        0019C8
__ptext9                                           text9        002602
__ramtop                                           ramtop       001000
__smallconst                                       smallconst   001000
_abs                                               text21       002C14
_application_initialize                            text27       002E04
_btn_values                                        smallconst   001001
_calculate                                         text8        0019C8
_convert_uint32_to_string                          text12       002A4C
_dbuf                                              bssBANK1     000100
_dc_motor_1                                        dataBANK0    0000E9
_dc_motor_2                                        dataBANK0    0000E7
_dtoa                                              text16       0016BC
_dtoa$5060                                         cstackCOMRAM 000022
_ecu_layer_init                                    text28       002D3E
_flags                                             bssCOMRAM    00006C
_fputc                                             text19       002106
_fputs                                             text18       002B90
_gpio_pin_direction_intialize                      text36       001B22
_gpio_pin_intialize                                text34       00290E
_gpio_pin_read_logic                               text6        00234E
_gpio_pin_write_logic                              text35       001D92
_isdigit                                           text7        002CC0
_keypad1                                           dataBANK0    0000EB
_keypad_get_value                                  text5        001FE6
_keypad_initialize                                 text33       002730
_keypad_value                                      bssCOMRAM    000070
_lat_registers                                     dataBANK0    0000CE
_lcd_1                                             dataBANK0    0000F3
_lcd_2                                             dataBANK1    00012B
_lcd_4bit_clear                                    text4        002D18
_lcd_4bit_intialize                                text29       001EBE
_lcd_4bit_send_char_data                           text11       00282A
_lcd_4bit_send_char_data_pos                       text2        002B4A
_lcd_4bit_send_command                             text30       00289C
_lcd_4bit_send_enable_signal                       text32       002C54
_lcd_4bit_send_string_pos                          text9        002602
_lcd_4bit_set_cursor                               text10       0024B6
_lcd_send_4bits                                    text31       0029E4
_lcd_write                                         text3        002BD4
_loading_screen                                    text1        002294
_main                                              text0        00148C
_memset                                            text24       001852
_num1                                              bssCOMRAM    000064
_num2                                              bssCOMRAM    000060
_num2_flag                                         bssCOMRAM    00006D
_operator                                          bssCOMRAM    00006E
_pad                                               text17       0027B0
_port_registers                                    dataBANK0    0000C4
_prec                                              bssBANK0     00008C
_putch                                             text20       002E34
_result                                            bssBANK0     000086
_result_txt                                        bssBANK1     000120
_seg1                                              dataBANK0    0000E2
_sprintf                                           text13       002AFE
_timer0_preload                                    bssCOMRAM    00006A
_timer1_preload                                    bssCOMRAM    000068
_timer2_preload                                    bssCOMRAM    00006F
_timer3_preload                                    bssBANK0     000096
_tris_registers                                    dataBANK0    0000D8
_vfpfcnvrt                                         text15       001C66
_vfprintf                                          text14       002AAE
_width                                             bssBANK0     00008A
abs@a                                              cstackCOMRAM 000009
btemp                                              temp         00007C
convert_uint32_to_string@ret                       cstackCOMRAM 00005D
convert_uint32_to_string@str                       cstackCOMRAM 00005B
convert_uint32_to_string@value                     cstackCOMRAM 000057
dtoa@d                                             cstackCOMRAM 000020
dtoa@fp                                            cstackCOMRAM 00001E
dtoa@i                                             cstackCOMRAM 000028
dtoa@p                                             cstackCOMRAM 000024
dtoa@s                                             cstackCOMRAM 00002A
dtoa@w                                             cstackCOMRAM 000026
end_of_initialization                              cinit        002726
fputc@c                                            cstackCOMRAM 000003
fputc@fp                                           cstackCOMRAM 000005
fputs@c                                            cstackCOMRAM 000010
fputs@fp                                           cstackCOMRAM 00000E
fputs@i                                            cstackCOMRAM 000011
fputs@s                                            cstackCOMRAM 00000C
gpio_pin_direction_intialize@_pin_config           cstackCOMRAM 000003
gpio_pin_direction_intialize@ret                   cstackCOMRAM 00000B
gpio_pin_intialize@_pin_config                     cstackCOMRAM 00000D
gpio_pin_intialize@ret                             cstackCOMRAM 000010
gpio_pin_read_logic@_pin_config                    cstackCOMRAM 000003
gpio_pin_read_logic@logic                          cstackCOMRAM 000005
gpio_pin_read_logic@ret                            cstackCOMRAM 00000C
gpio_pin_write_logic@_pin_config                   cstackCOMRAM 000003
gpio_pin_write_logic@logic                         cstackCOMRAM 000005
gpio_pin_write_logic@ret                           cstackCOMRAM 00000C
int$flags                                          temp         00007C
int_func                                           intcode_body 001044
intlevel0                                          text         000000
intlevel1                                          text         000000
intlevel2                                          text         000000
intlevel3                                          text         000000
isa$std                                            (abs)        000001
isa$xinst                                          (abs)        000000
isdigit@c                                          cstackCOMRAM 000003
keypad_get_value@_keypad_obj                       cstackCOMRAM 00000D
keypad_get_value@column_logic                      cstackCOMRAM 000014
keypad_get_value@l_columns_counter                 cstackCOMRAM 000017
keypad_get_value@l_counter                         cstackCOMRAM 000015
keypad_get_value@l_rows_counter                    cstackCOMRAM 000016
keypad_get_value@ret                               cstackCOMRAM 000013
keypad_get_value@value                             cstackCOMRAM 00000F
keypad_initialize@_keypad_obj                      cstackCOMRAM 000011
keypad_initialize@columns_counter                  cstackCOMRAM 000017
keypad_initialize@ret                              cstackCOMRAM 000015
keypad_initialize@rows_counter                     cstackCOMRAM 000016
lcd_4bit_clear@lcd                                 cstackCOMRAM 000015
lcd_4bit_clear@ret                                 cstackCOMRAM 000017
lcd_4bit_intialize@l_data_pins_counter             cstackCOMRAM 000019
lcd_4bit_intialize@lcd                             cstackCOMRAM 000015
lcd_4bit_intialize@ret                             cstackCOMRAM 00001A
lcd_4bit_send_char_data@data                       cstackCOMRAM 000013
lcd_4bit_send_char_data@lcd                        cstackCOMRAM 000011
lcd_4bit_send_char_data@ret                        cstackCOMRAM 000014
lcd_4bit_send_char_data_pos@column                 cstackCOMRAM 00001F
lcd_4bit_send_char_data_pos@data                   cstackCOMRAM 000020
lcd_4bit_send_char_data_pos@lcd                    cstackCOMRAM 00001C
lcd_4bit_send_char_data_pos@ret                    cstackCOMRAM 000021
lcd_4bit_send_char_data_pos@row                    cstackCOMRAM 00001E
lcd_4bit_send_command@command                      cstackCOMRAM 000013
lcd_4bit_send_command@lcd                          cstackCOMRAM 000011
lcd_4bit_send_command@ret                          cstackCOMRAM 000014
lcd_4bit_send_enable_signal@lcd                    cstackCOMRAM 00000D
lcd_4bit_send_enable_signal@ret                    cstackCOMRAM 00000F
lcd_4bit_send_string_pos@column                    cstackCOMRAM 00001F
lcd_4bit_send_string_pos@lcd                       cstackCOMRAM 00001C
lcd_4bit_send_string_pos@ret                       cstackCOMRAM 000022
lcd_4bit_send_string_pos@row                       cstackCOMRAM 00001E
lcd_4bit_send_string_pos@str                       cstackCOMRAM 000020
lcd_4bit_set_cursor@coulmn                         cstackCOMRAM 000018
lcd_4bit_set_cursor@lcd                            cstackCOMRAM 000015
lcd_4bit_set_cursor@ret                            cstackCOMRAM 00001B
lcd_4bit_set_cursor@row                            cstackCOMRAM 000017
lcd_send_4bits@_data_command                       cstackCOMRAM 00000F
lcd_send_4bits@lcd                                 cstackCOMRAM 00000D
lcd_send_4bits@ret                                 cstackCOMRAM 000010
lcd_write@not_pressed                              cstackCOMRAM 000017
loading_screen@counter                             cstackCOMRAM 000025
loading_screen@l_lcd1_counter                      cstackCOMRAM 000026
memset@c                                           cstackCOMRAM 000005
memset@dest                                        cstackCOMRAM 000003
memset@k                                           cstackCOMRAM 00000B
memset@n                                           cstackCOMRAM 000007
memset@s                                           cstackCOMRAM 00000D
pad@buf                                            cstackCOMRAM 000015
pad@fp                                             cstackCOMRAM 000013
pad@i                                              cstackCOMRAM 00001A
pad@p                                              cstackCOMRAM 000017
pad@w                                              cstackCOMRAM 00001C
sprintf@ap                                         cstackCOMRAM 000049
sprintf@f                                          cstackCOMRAM 00004B
sprintf@fmt                                        cstackCOMRAM 000043
sprintf@s                                          cstackCOMRAM 000041
stackhi                                            (abs)        000000
stacklo                                            (abs)        000000
start                                              init         00000E
start_initialization                               cinit        0026A2
ttemp5                                             temp         00007D
ttemp6                                             temp         000080
ttemp7                                             temp         000084
vfpfcnvrt@ap                                       cstackCOMRAM 00002F
vfpfcnvrt@convarg                                  cstackCOMRAM 000033
vfpfcnvrt@cp                                       cstackCOMRAM 000037
vfpfcnvrt@fmt                                      cstackCOMRAM 00002D
vfpfcnvrt@fp                                       cstackCOMRAM 00002B
vfprintf@ap                                        cstackCOMRAM 00003D
vfprintf@cfmt                                      cstackCOMRAM 00003F
vfprintf@fmt                                       cstackCOMRAM 00003B
vfprintf@fp                                        cstackCOMRAM 000039
wtemp8                                             temp         00007D


MODULE INFORMATION

Module		Function		Class		Link	Load	Size
C:\Program Files\Microchip\xc8\v2.41\pic\sources\c99\common\awmod.c
		___awmod       		CODE           	2406	0000	176

C:\Program Files\Microchip\xc8\v2.41\pic\sources\c99\common\awmod.c estimated size: 176

MCAL_Layer/Timer2/hal_timr2.c
		_TMR2_ISR      		CODE           	2DFC	0000	8

MCAL_Layer/Timer2/hal_timr2.c estimated size: 8

C:\Program Files\Microchip\xc8\v2.41\pic\sources\c99\common\Umul32.c
		___lmul        		CODE           	297A	0000	106

C:\Program Files\Microchip\xc8\v2.41\pic\sources\c99\common\Umul32.c estimated size: 106

MCAL_Layer/Timer0/hal_timr0.c
		_TMR0_ISR      		CODE           	2DDA	0000	12

MCAL_Layer/Timer0/hal_timr0.c estimated size: 12

ECU_Layer/KeyPad/ecu_keypad.c
		_keypad_get_value		CODE           	1FE6	0000	288
		_keypad_initialize		CODE           	2730	0000	128

ECU_Layer/KeyPad/ecu_keypad.c estimated size: 416

C:\Program Files\Microchip\xc8\v2.41\pic\sources\c99\common\__lldiv.c
		___lldiv       		CODE           	255E	0000	164

C:\Program Files\Microchip\xc8\v2.41\pic\sources\c99\common\__lldiv.c estimated size: 164

C:\Program Files\Microchip\xc8\v2.41\pic\sources\c99\common\nf_fputc.c
		_fputc         		CODE           	2106	0000	202

C:\Program Files\Microchip\xc8\v2.41\pic\sources\c99\common\nf_fputc.c estimated size: 202

C:\Program Files\Microchip\xc8\v2.41\pic\sources\c99\common\memset.c
		_memset        		CODE           	1852	0000	374

C:\Program Files\Microchip\xc8\v2.41\pic\sources\c99\common\memset.c estimated size: 374

C:\Program Files\Microchip\xc8\v2.41\pic\sources\c99\common\isdigit.c
		_isdigit       		CODE           	2CC0	0000	44

C:\Program Files\Microchip\xc8\v2.41\pic\sources\c99\common\isdigit.c estimated size: 44

C:\Program Files\Microchip\xc8\v2.41\pic\sources\c99\common\nf_sprintf.c
		_sprintf       		CODE           	2AFE	0000	76

C:\Program Files\Microchip\xc8\v2.41\pic\sources\c99\common\nf_sprintf.c estimated size: 76

MCAL_Layer/SPI/hal_spi.c
		_MSSP_SPI_ISR  		CODE           	2E0A	0000	6

MCAL_Layer/SPI/hal_spi.c estimated size: 6

C:\Program Files\Microchip\xc8\v2.41\pic\sources\c99\common\awdiv.c
		___awdiv       		CODE           	21D0	0000	196

C:\Program Files\Microchip\xc8\v2.41\pic\sources\c99\common\awdiv.c estimated size: 196

ECU_Layer/Chr_LCD/ecu_chr_lcd.c
		_lcd_4bit_clear		CODE           	2D18	0000	38
		_lcd_4bit_send_command		CODE           	289C	0000	114
		_lcd_4bit_send_string_pos		CODE           	2602	0000	160
		_lcd_4bit_send_char_data		CODE           	282A	0000	114
		_lcd_send_4bits		CODE           	29E4	0000	104
		_lcd_4bit_intialize		CODE           	1EBE	0000	296
		_lcd_4bit_send_char_data_pos		CODE           	2B4A	0000	70
		_convert_uint32_to_string		CODE           	2A4C	0000	98
		_lcd_4bit_set_cursor		CODE           	24B6	0000	168
		_lcd_4bit_send_enable_signal		CODE           	2C54	0000	54

ECU_Layer/Chr_LCD/ecu_chr_lcd.c estimated size: 1216

MCAL_Layer/I2C/hal_i2c.c
		_MSSP_I2C_ISR  		CODE           	2E10	0000	4
		_MSSP_I2C_BC_ISR		CODE           	2E14	0000	4

MCAL_Layer/I2C/hal_i2c.c estimated size: 8

C:\Program Files\Microchip\xc8\v2.41\pic\sources\c99\common\abs.c
		_abs           		CODE           	2C14	0000	64

C:\Program Files\Microchip\xc8\v2.41\pic\sources\c99\common\abs.c estimated size: 64

C:\Program Files\Microchip\xc8\v2.41\pic\sources\c99\common\doprnt.c
		_vfpfcnvrt     		CODE           	1C66	0000	300
		_pad           		CODE           	27B0	0000	122
		_dtoa          		CODE           	16BC	0000	406
		_vfprintf      		CODE           	2AAE	0000	80

C:\Program Files\Microchip\xc8\v2.41\pic\sources\c99\common\doprnt.c estimated size: 908

MCAL_Layer/usart/hal_usart.c
		_EUSART_RX_ISR 		CODE           	2CEC	0000	44
		_EUSART_TX_ISR 		CODE           	2E24	0000	4

MCAL_Layer/usart/hal_usart.c estimated size: 48

MCAL_Layer/Timer3/hal_timr3.c
		_TMR3_ISR      		CODE           	2DC0	0000	14

MCAL_Layer/Timer3/hal_timr3.c estimated size: 14

shared
		_btn_values    		SMALLCONST     	1001	0000	16
		__initialization		CODE           	26A2	0000	132

shared estimated size: 148

MCAL_Layer/Interrupt/mcal_external_interrupt.c
		_RB4_ISR       		CODE           	2DA6	0000	26
		_RB5_ISR       		CODE           	2D8C	0000	26
		_RB6_ISR       		CODE           	2D72	0000	26
		_RB7_ISR       		CODE           	2D58	0000	26
		_INT0_ISR      		CODE           	2E20	0000	4
		_INT1_ISR      		CODE           	2E1C	0000	4
		_INT2_ISR      		CODE           	2E18	0000	4

MCAL_Layer/Interrupt/mcal_external_interrupt.c estimated size: 116

MCAL_Layer/ADC/hal_adc.c
		_ADC_ISR       		CODE           	2E30	0000	4

MCAL_Layer/ADC/hal_adc.c estimated size: 4

MCAL_Layer/Interrupt/mcal_interrupt_manager.c
		_InterruptManager		CODE           	0008	0000	1102

MCAL_Layer/Interrupt/mcal_interrupt_manager.c estimated size: 1102

MCAL_Layer/GPIO/hal_gpio.c
		_gpio_pin_write_logic		CODE           	1D92	0000	300
		_gpio_pin_intialize		CODE           	290E	0000	108
		_gpio_pin_read_logic		CODE           	234E	0000	184
		_gpio_pin_direction_intialize		CODE           	1B22	0000	324

MCAL_Layer/GPIO/hal_gpio.c estimated size: 916

MCAL_Layer/Timer1/hal_timr1.c
		_TMR1_ISR      		CODE           	2DCE	0000	12

MCAL_Layer/Timer1/hal_timr1.c estimated size: 12

C:\Program Files\Microchip\xc8\v2.41\pic\sources\c99\common\putch.c
		_putch         		CODE           	2E34	0000	2

C:\Program Files\Microchip\xc8\v2.41\pic\sources\c99\common\putch.c estimated size: 2

C:\Program Files\Microchip\xc8\v2.41\pic\sources\c99\common\nf_fputs.c
		_fputs         		CODE           	2B90	0000	68

C:\Program Files\Microchip\xc8\v2.41\pic\sources\c99\common\nf_fputs.c estimated size: 68

ECU_Layer/ecu_layer_init.c
		_ecu_layer_init		CODE           	2D3E	0000	26

ECU_Layer/ecu_layer_init.c estimated size: 26

application.c
		_application_initialize		CODE           	2E04	0000	6
		_main          		CODE           	148C	0000	560
		_calculate     		CODE           	19C8	0000	346
		_loading_screen		CODE           	2294	0000	186
		_lcd_write     		CODE           	2BD4	0000	64

application.c estimated size: 1162

MCAL_Layer/CCP/hal_ccp.c
		_CCP1_ISR      		CODE           	2E2C	0000	4
		_CCP2_ISR      		CODE           	2E28	0000	4

MCAL_Layer/CCP/hal_ccp.c estimated size: 8

