Microchip MPLAB XC8 Compiler V2.41

Linker command line:

-W-3 \
  --edf=C:/Program Files/Microchip/MPLABX/v6.15/packs/Microchip/PIC18Fxxxx_DFP/1.4.151/xc8\pic\dat\20230323171731_en.msgs \
  -cn -h+dist/default/debug\APP.debug.sym \
  --cmf=dist/default/debug\APP.debug.cmf -z -Q18F4620 \
  -oC:\Users\user\AppData\Local\Temp\xcAsru8.\driver_tmp_3.o \
  --defsym=__MPLAB_BUILD=1 --fixupoverflow=error \
  -Mdist/default/debug/APP.debug.map \
  --md=C:\Users\user\AppData\Local\Temp\xcAsru8.\driver_tmp_0.dat -E1 \
  -ver=XC8 Compiler --acfsm=1493 -ACODE=00h-0FFFFh -ACONST=00h-0FFFFh \
  -ASMALLCONST=01000h-010FFhx240 -AMEDIUMCONST=01000h-0FFFFh \
  -ACOMRAM=01h-07Fh -AABS1=00h-0F7Fh -ABIGRAM=01h-0F7Fh \
  -ARAM=080h-0FFh,0100h-01FFhx14,0F00h-0F7Fh -ABANK0=080h-0FFh \
  -ABANK1=0100h-01FFh -ABANK2=0200h-02FFh -ABANK3=0300h-03FFh \
  -ABANK4=0400h-04FFh -ABANK5=0500h-05FFh -ABANK6=0600h-06FFh \
  -ABANK7=0700h-07FFh -ABANK8=0800h-08FFh -ABANK9=0900h-09FFh \
  -ABANK10=0A00h-0AFFh -ABANK11=0B00h-0BFFh -ABANK12=0C00h-0CFFh \
  -ABANK13=0D00h-0DFFh -ABANK14=0E00h-0EFFh -ABANK15=0F00h-0F7Fh \
  -ASFR=0F80h-0FFFh -ABIGSFR=0F80h-0FFFh -ACONFIG=0300000h-030000Dh \
  -AIDLOC=0200000h-0200007h -AEEDATA=0F00000h-0F003FFh -peeprom_data=EEDATA \
  -preset_vec=00h,intcode=08h,intcodelo,powerup,init -pramtop=01000h \
  -psmallconst=SMALLCONST -pmediumconst=MEDIUMCONST -pconst=CONST \
  -AFARRAM=00h-00h \
  -prdata=COMRAM,nvrram=COMRAM,nvbit=COMRAM,rbss=COMRAM,rbit=COMRAM \
  -pfarbss=FARRAM,fardata=FARRAM,nvFARRAM=FARRAM \
  -pintsave_regs=BIGRAM,bigbss=BIGRAM,bigdata=BIGRAM -pbss=RAM \
  -pidata=CODE,irdata=CODE,ibigdata=CODE,ifardata=CODE -prparam=COMRAM \
  C:\Users\user\AppData\Local\Temp\xcAsru8.\driver_tmp_9.o \
  dist/default/debug\APP.debug.o 

Object code version is 3.11

Machine type is 18F4620



                Name                               Link     Load   Length Selector   Space Scale
C:\Users\user\AppData\Local\Temp\xcAsru8.\driver_tmp_9.o
                idloc                            200000   200000        8        0       5
                config                           300000   300000        E        0       4
                init                                  E        E        4        4       0
                reset_vec                             0        0        4        0       0
dist/default/debug\APP.debug.o
                intcode                               8        8        6        4       0
                idloc                            200000   200000        8        0       5
                config                           300000   300000        E        0       4
                temp                                 61       61        1        1       1
                smallconst                         1000     1000       B6      800       0
                text65                             2FA6     2FA6        4     17B6       0
                text64                             2FA2     2FA2        4     17B6       0
                text63                             2F9E     2F9E        4     17B6       0
                text62                             2E00     2E00       2C     15C7       0
                text61                             2F9A     2F9A        4     17B6       0
                text60                             1A26     1A26      12C      85B       0
                text59                             2CAA     2CAA       36     15C7       0
                text58                             29B6     29B6       68      85B       0
                text57                             28D8     28D8       72      85B       0
                text56                             2EAA     2EAA       26     15C7       0
                text55                             2D44     2D44       32     15C7       0
                text54                             2A1E     2A1E       64      85B       0
                text53                             2DD2     2DD2       2E     15C7       0
                text52                             2DA4     2DA4       2E     15C7       0
                text51                             2D76     2D76       2E     15C7       0
                text50                             2F96     2F96        4     17B6       0
                text49                             2F92     2F92        4     17B6       0
                text48                             2F8C     2F8C        6     17B6       0
                text47                             2F40     2F40       1A     15C7       0
                text46                             2F26     2F26       1A     15C7       0
                text45                             2F0C     2F0C       1A     15C7       0
                text44                             2EF2     2EF2       1A     15C7       0
                text43                             21E4     21E4       96      85B       0
                text42                             2C74     2C74       36     15C7       0
                text41                             2F78     2F78        C     17B6       0
                text40                             2F84     2F84        8     17B6       0
                text39                             2F6C     2F6C        C     17B6       0
                intcode_body                       10B6     10B6      478      85B       0
                text37                             17C4     17C4      132      85B       0
                text36                             2BCC     2BCC       3C     15C7       0
                text35                             2866     2866       72      85B       0
                text34                             268A     268A       7E      85B       0
                text33                             260C     260C       7E      85B       0
                text32                             1DE4     1DE4       B2      85B       0
                text31                             258E     258E       7E      85B       0
                text30                             2C3E     2C3E       36     15C7       0
                text29                             2C08     2C08       36     15C7       0
                text28                             2304     2304       8A      85B       0
                text27                             227A     227A       8A      85B       0
                text26                             1F44     1F44       AE      85B       0
                text25                             1E96     1E96       AE      85B       0
                text24                             1C6C     1C6C       C6      85B       0
                text23                             1D32     1D32       B2      85B       0
                text22                             277E     277E       76      85B       0
                text21                             2708     2708       76      85B       0
                text20                             18F6     18F6      130      85B       0
                text19                             238E     238E       82      85B       0
                text18                             167A     167A      14A      85B       0
                text17                             2D12     2D12       32     15C7       0
                text16                             2E80     2E80       2A     15C7       0
                text15                             2E56     2E56       2A     15C7       0
                text14                             2E2C     2E2C       2A     15C7       0
                text13                             1FF2     1FF2       AC      85B       0
                text12                             2490     2490       80      85B       0
                text11                             2510     2510       7E      85B       0
                text10                             2AE4     2AE4       58      85B       0
                text9                              2B8E     2B8E       3E     15C7       0
                text8                              209E     209E       A8      85B       0
                text7                              27F4     27F4       72      85B       0
                text6                              152E     152E      14C      85B       0
                text5                              2CE0     2CE0       32     15C7       0
                text4                              294A     294A       6C      85B       0
                text3                              2410     2410       80      85B       0
                text2                              2ED0     2ED0       22     15C7       0
                text1                              2146     2146       9E      85B       0
                text0                              1B52     1B52      11A      85B       0
                cstackCOMRAM                         2D       2D       22        1       1
                cstackBANK0                          E9       E9       15       80       1
                cstackBANK1                         100      100        9      100       1
                dataBANK0                            80       80       51       80       1
                bssBANK0                             D1       D1       18       80       1
                dataCOMRAM                           4F       4F       11        1       1
                bssCOMRAM                             1        1       2C        1       1
                cinit                              2A82     2A82       62      85B       0
                nvBANK0                              FE       FE        2       80       1
                nvCOMRAM                             60       60        1        1       1
                idataBANK0                         2B3C     2B3C       51      85B       0
                idataCOMRAM                        2F5A     2F5A       11     15C7       0

TOTAL           Name                               Link     Load   Length     Space
        CLASS   CODE           
                intcode                               8        8        6         0
                init                                  E        E        4         0
                reset_vec                             0        0        4         0
                text65                             2FA6     2FA6        4         0
                text64                             2FA2     2FA2        4         0
                text63                             2F9E     2F9E        4         0
                text62                             2E00     2E00       2C         0
                text61                             2F9A     2F9A        4         0
                text60                             1A26     1A26      12C         0
                text59                             2CAA     2CAA       36         0
                text58                             29B6     29B6       68         0
                text57                             28D8     28D8       72         0
                text56                             2EAA     2EAA       26         0
                text55                             2D44     2D44       32         0
                text54                             2A1E     2A1E       64         0
                text53                             2DD2     2DD2       2E         0
                text52                             2DA4     2DA4       2E         0
                text51                             2D76     2D76       2E         0
                text50                             2F96     2F96        4         0
                text49                             2F92     2F92        4         0
                text48                             2F8C     2F8C        6         0
                text47                             2F40     2F40       1A         0
                text46                             2F26     2F26       1A         0
                text45                             2F0C     2F0C       1A         0
                text44                             2EF2     2EF2       1A         0
                text43                             21E4     21E4       96         0
                text42                             2C74     2C74       36         0
                text41                             2F78     2F78        C         0
                text40                             2F84     2F84        8         0
                text39                             2F6C     2F6C        C         0
                intcode_body                       10B6     10B6      478         0
                text37                             17C4     17C4      132         0
                text36                             2BCC     2BCC       3C         0
                text35                             2866     2866       72         0
                text34                             268A     268A       7E         0
                text33                             260C     260C       7E         0
                text32                             1DE4     1DE4       B2         0
                text31                             258E     258E       7E         0
                text30                             2C3E     2C3E       36         0
                text29                             2C08     2C08       36         0
                text28                             2304     2304       8A         0
                text27                             227A     227A       8A         0
                text26                             1F44     1F44       AE         0
                text25                             1E96     1E96       AE         0
                text24                             1C6C     1C6C       C6         0
                text23                             1D32     1D32       B2         0
                text22                             277E     277E       76         0
                text21                             2708     2708       76         0
                text20                             18F6     18F6      130         0
                text19                             238E     238E       82         0
                text18                             167A     167A      14A         0
                text17                             2D12     2D12       32         0
                text16                             2E80     2E80       2A         0
                text15                             2E56     2E56       2A         0
                text14                             2E2C     2E2C       2A         0
                text13                             1FF2     1FF2       AC         0
                text12                             2490     2490       80         0
                text11                             2510     2510       7E         0
                text10                             2AE4     2AE4       58         0
                text9                              2B8E     2B8E       3E         0
                text8                              209E     209E       A8         0
                text7                              27F4     27F4       72         0
                text6                              152E     152E      14C         0
                text5                              2CE0     2CE0       32         0
                text4                              294A     294A       6C         0
                text3                              2410     2410       80         0
                text2                              2ED0     2ED0       22         0
                text1                              2146     2146       9E         0
                text0                              1B52     1B52      11A         0
                cinit                              2A82     2A82       62         0
                idataBANK0                         2B3C     2B3C       51         0
                idataCOMRAM                        2F5A     2F5A       11         0

        CLASS   CONST          

        CLASS   SMALLCONST     
                smallconst                         1000     1000       B6         0

        CLASS   MEDIUMCONST    

        CLASS   COMRAM         
                temp                                 61       61        1         1
                cstackCOMRAM                         2D       2D       22         1
                dataCOMRAM                           4F       4F       11         1
                bssCOMRAM                             1        1       2C         1
                nvCOMRAM                             60       60        1         1

        CLASS   ABS1           

        CLASS   BIGRAM         

        CLASS   RAM            

        CLASS   BANK0          
                cstackBANK0                          E9       E9       15         1
                dataBANK0                            80       80       51         1
                bssBANK0                             D1       D1       18         1
                nvBANK0                              FE       FE        2         1

        CLASS   BANK1          
                cstackBANK1                         100      100        9         1

        CLASS   BANK2          

        CLASS   BANK3          

        CLASS   BANK4          

        CLASS   BANK5          

        CLASS   BANK6          

        CLASS   BANK7          

        CLASS   BANK8          

        CLASS   BANK9          

        CLASS   BANK10         

        CLASS   BANK11         

        CLASS   BANK12         

        CLASS   BANK13         

        CLASS   BANK14         

        CLASS   BANK15         

        CLASS   SFR            

        CLASS   BIGSFR         

        CLASS   CONFIG         
                config                           300000   300000        E         4

        CLASS   IDLOC          
                idloc                            200000   200000        8         5

        CLASS   EEDATA         

        CLASS   FARRAM         

        CLASS   HEAP           

        CLASS   STACK          



SEGMENTS        Name                           Load    Length   Top    Selector   Space  Class

                reset_vec                      000000  000004  000004         0       0  CODE    
                bssCOMRAM                      000001  000061  000062         1       1  COMRAM  
                intcode                        000008  00000A  000012         4       0  CODE    
                dataBANK0                      000080  000080  000100        80       1  BANK0   
                cstackBANK1                    000100  000009  000109       100       1  BANK1   
                smallconst                     001000  0000B6  0010B6       800       0  SMALLCON
                intcode_body                   0010B6  001AD7  002B8D       85B       0  CODE    
                text9                          002B8E  0003DD  002F6B      15C7       0  CODE    
                text39                         002F6C  00003E  002FAA      17B6       0  CODE    


UNUSED ADDRESS RANGES

        Name                Unused          Largest block    Delta
        BANK1            000109-0001FF               F7
        BANK10           000A00-000AFF              100
        BANK11           000B00-000BFF              100
        BANK12           000C00-000CFF              100
        BANK13           000D00-000DFF              100
        BANK14           000E00-000EFF              100
        BANK15           000F00-000F7F               80
        BANK2            000200-0002FF              100
        BANK3            000300-0003FF              100
        BANK4            000400-0004FF              100
        BANK5            000500-0005FF              100
        BANK6            000600-0006FF              100
        BANK7            000700-0007FF              100
        BANK8            000800-0008FF              100
        BANK9            000900-0009FF              100
        BIGRAM           000062-00007F               1E
                         000109-000F7F              E77
        BIGSFR           000F80-000FFF               80
        CODE             000004-000007                4
                         000012-000FFF              FEE
                         002B8D-002B8D                1
                         002F6B-002F6B                1
                         002FAA-00FFFF             D056
        COMRAM           000062-00007F               1E
        CONST            000004-000007                4
                         000012-000FFF              FEE
                         002B8D-002B8D                1
                         002F6B-002F6B                1
                         002FAA-00FFFF             D056
        EEDATA           F00000-F003FF              400
        MEDIUMCONST      002B8D-002B8D                1
                         002F6B-002F6B                1
                         002FAA-00FFFF             D056
        RAM              000109-000F7F              100
        SFR              000F80-000FFF               80
        SMALLCONST       002B8D-002B8D                1
                         002F6B-002F6B                1
                         002FAA-00FFFF              100

                                  Symbol Table

?___awdiv                                            cstackCOMRAM 00004B
?___awmod                                            cstackCOMRAM 00004B
INT0_SetInterruptHandler@InterruptHandler            cstackCOMRAM 00004B
INT0_SetInterruptHandler@ret                         cstackCOMRAM 00004D
INT1_SetInterruptHandler@InterruptHandler            cstackCOMRAM 00004B
INT1_SetInterruptHandler@ret                         cstackCOMRAM 00004D
INT2_SetInterruptHandler@InterruptHandler            cstackCOMRAM 00004B
INT2_SetInterruptHandler@ret                         cstackCOMRAM 00004D
Interrupt_INTx_Clear_Flag@int_obj                    cstackCOMRAM 00004B
Interrupt_INTx_Clear_Flag@ret                        cstackBANK0  0000E9
Interrupt_INTx_Disable@int_obj                       cstackCOMRAM 00004B
Interrupt_INTx_Disable@ret                           cstackBANK0  0000E9
Interrupt_INTx_Edge_Init@int_obj                     cstackCOMRAM 00004B
Interrupt_INTx_Edge_Init@ret                         cstackBANK0  0000E9
Interrupt_INTx_Enable@int_obj                        cstackCOMRAM 00004B
Interrupt_INTx_Enable@ret                            cstackBANK0  0000E9
Interrupt_INTx_Init@int_obj                          cstackBANK0  0000F1
Interrupt_INTx_Init@ret                              cstackBANK0  0000F3
Interrupt_INTx_Pin_Init@int_obj                      cstackBANK0  0000EF
Interrupt_INTx_Pin_Init@ret                          cstackCOMRAM 00004E
Interrupt_INTx_SetInterruptHandler@int_obj           cstackBANK0  0000E9
Interrupt_INTx_SetInterruptHandler@ret               cstackCOMRAM 00004E
MSSP_SPI_Msster_Mode_GPIO_PIN_Configurations@F3596   dataCOMRAM   000056
MSSP_SPI_Msster_Mode_GPIO_PIN_Configurations@F3598   dataCOMRAM   000055
MSSP_SPI_Msster_Mode_GPIO_PIN_Configurations@F3600   dataCOMRAM   000054
MSSP_SPI_Slave_Mode_GPIO_PIN_Configurations@F3605    dataCOMRAM   000053
MSSP_SPI_Slave_Mode_GPIO_PIN_Configurations@F3607    dataCOMRAM   000052
MSSP_SPI_Slave_Mode_GPIO_PIN_Configurations@F3609    dataCOMRAM   000051
MSSP_SPI_Slave_Mode_GPIO_PIN_Configurations@F3611    dataCOMRAM   000050
RB4_ISR@RB4_Source                                   cstackCOMRAM 00002D
RB5_ISR@RB5_Source                                   cstackCOMRAM 00002D
RB6_ISR@RB6_Source                                   cstackCOMRAM 00002D
RB7_ISR@RB7_Source                                   cstackCOMRAM 00002D
Timer0_Init@_timer                                   cstackBANK0  0000E9
Timer0_Init@ret                                      cstackCOMRAM 00004E
Timer0_Mode_Select@_timer                            cstackCOMRAM 00004B
Timer0_Prescaler_Config@_timer                       cstackCOMRAM 00004B
Timer0_Register_Size_Config@_timer                   cstackCOMRAM 00004B
_ADCON0bits                                          (abs)        000FC2
_ADCON1bits                                          (abs)        000FC1
_ADCON2bits                                          (abs)        000FC0
_ADC_ISR                                             text65       002FA6
_ADC_InterruptHandler                                bssCOMRAM    000027
_ADRESH                                              (abs)        000FC4
_ADRESL                                              (abs)        000FC3
_BAUDCONbits                                         (abs)        000FB8
_CCP1CONbits                                         (abs)        000FBD
_CCP1_ISR                                            text64       002FA2
_CCP1_InterruptHandler                               bssCOMRAM    000025
_CCP2CONbits                                         (abs)        000FBA
_CCP2_ISR                                            text63       002F9E
_CCP2_InterruptHandler                               bssCOMRAM    000023
_CCPR1L                                              (abs)        000FBE
_CCPR2L                                              (abs)        000FBB
_EEADR                                               (abs)        000FA9
_EEADRH                                              (abs)        000FAA
_EECON1bits                                          (abs)        000FA6
_EECON2                                              (abs)        000FA7
_EEDATA                                              (abs)        000FA8
_EUSART_FramingErrorHandler                          bssBANK0     0000D9
_EUSART_OverrunErrorHandler                          bssBANK0     0000D7
_EUSART_RX_ISR                                       text62       002E00
_EUSART_RxInterruptHandler                           bssBANK0     0000DB
_EUSART_TX_ISR                                       text61       002F9A
_EUSART_TxInterruptHandler                           bssBANK0     0000DD
_I2C_DefaultInterruptHandle                          bssCOMRAM    00001F
_I2C_Report_Receive_Overflow_InterruptHandle         bssBANK0     0000E7
_I2C_Report_Write_Collision_InterruptHandler         bssCOMRAM    000021
_INT0_ISR                                            text53       002DD2
_INT0_InterruptHandler                               bssCOMRAM    00001D
_INT0_SetInterruptHandler                            text16       002E80
_INT1_ISR                                            text52       002DA4
_INT1_InterruptHandler                               bssCOMRAM    00001B
_INT1_SetInterruptHandler                            text15       002E56
_INT2_ISR                                            text51       002D76
_INT2_InterruptHandler                               bssCOMRAM    000019
_INT2_SetInterruptHandler                            text14       002E2C
_INTCON2bits                                         (abs)        000FF1
_INTCON3bits                                         (abs)        000FF0
_INTCONbits                                          (abs)        000FF2
_Int0_APP_ISR                                        text54       002A1E
_InterruptManager                                    intcode      000008
_Interrupt_INTx_Clear_Flag                           text22       00277E
_Interrupt_INTx_Disable                              text21       002708
_Interrupt_INTx_Edge_Init                            text20       0018F6
_Interrupt_INTx_Enable                               text19       00238E
_Interrupt_INTx_Init                                 text12       002490
_Interrupt_INTx_Pin_Init                             text17       002D12
_Interrupt_INTx_SetInterruptHandler                  text13       001FF2
_LATA                                                (abs)        000F89
_LATB                                                (abs)        000F8A
_LATC                                                (abs)        000F8B
_LATD                                                (abs)        000F8C
_LATE                                                (abs)        000F8D
_MSSP_I2C_BC_ISR                                     text50       002F96
_MSSP_I2C_ISR                                        text49       002F92
_MSSP_SPI_ISR                                        text48       002F8C
_PIE1bits                                            (abs)        000F9D
_PIE2bits                                            (abs)        000FA0
_PIR1bits                                            (abs)        000F9E
_PIR2bits                                            (abs)        000FA1
_PORTA                                               (abs)        000F80
_PORTB                                               (abs)        000F81
_PORTBbits                                           (abs)        000F81
_PORTC                                               (abs)        000F82
_PORTD                                               (abs)        000F83
_PORTE                                               (abs)        000F84
_PR2                                                 (abs)        000FCB
_RB4_Flag                                            dataCOMRAM   00005A
_RB4_ISR                                             text47       002F40
_RB4_InterruptHandler_HIGH                           bssCOMRAM    000017
_RB4_InterruptHandler_LOW                            bssCOMRAM    000015
_RB5_Flag                                            dataCOMRAM   000059
_RB5_ISR                                             text46       002F26
_RB5_InterruptHandler_HIGH                           bssCOMRAM    000013
_RB5_InterruptHandler_LOW                            bssCOMRAM    000011
_RB6_Flag                                            dataCOMRAM   000058
_RB6_ISR                                             text45       002F0C
_RB6_InterruptHandler_HIGH                           bssCOMRAM    00000F
_RB6_InterruptHandler_LOW                            bssCOMRAM    00000D
_RB7_Flag                                            dataCOMRAM   000057
_RB7_ISR                                             text44       002EF2
_RB7_InterruptHandler_HIGH                           bssCOMRAM    00000B
_RB7_InterruptHandler_LOW                            bssCOMRAM    000009
_RCREG                                               (abs)        000FAE
_RCSTAbits                                           (abs)        000FAB
_ReadyTimeOfCarsToStopFinishedHandler                text28       002304
_ReadyTimeOfPedestriansToStopFinishedHandler         text27       00227A
_SPBRG                                               (abs)        000FAF
_SPBRGH                                              (abs)        000FB0
_SPI_InterruptHandler                                bssBANK0     0000E5
_SSPADD                                              (abs)        000FC8
_SSPBUF                                              (abs)        000FC9
_SSPCON1bits                                         (abs)        000FC6
_SSPCON2bits                                         (abs)        000FC5
_SSPSTATbits                                         (abs)        000FC7
_T0CONbits                                           (abs)        000FD5
_T1CONbits                                           (abs)        000FCD
_T2CONbits                                           (abs)        000FCA
_T3CONbits                                           (abs)        000FB1
_TMR0H                                               (abs)        000FD7
_TMR0L                                               (abs)        000FD6
_TMR0_DefualtInterruptHandler                        text43       0021E4
_TMR0_ISR                                            text42       002C74
_TMR0_InterruptHandler                               bssCOMRAM    000007
_TMR1H                                               (abs)        000FCF
_TMR1L                                               (abs)        000FCE
_TMR1_ISR                                            text41       002F78
_TMR1_InterruptHandler                               bssBANK0     0000E3
_TMR2                                                (abs)        000FCC
_TMR2_ISR                                            text40       002F84
_TMR2_InterruptHandler                               bssBANK0     0000E1
_TMR3H                                               (abs)        000FB3
_TMR3L                                               (abs)        000FB2
_TMR3_ISR                                            text39       002F6C
_TMR3_InterruptHandler                               bssBANK0     0000DF
_TRISA                                               (abs)        000F92
_TRISB                                               (abs)        000F93
_TRISC                                               (abs)        000F94
_TRISCbits                                           (abs)        000F94
_TRISD                                               (abs)        000F95
_TRISE                                               (abs)        000F96
_TXREG                                               (abs)        000FAD
_TXSTAbits                                           (abs)        000FAC
_TimeOfCarsMoveFinishedHandler                       text26       001F44
_TimeOfPedestriansMoveFinishedHandler                text25       001E96
_Timer0_Init                                         text8        00209E
_Timer0_Mode_Select                                  text11       002510
_Timer0_Prescaler_Config                             text10       002AE4
_Timer0_Register_Size_Config                         text9        002B8E
__HRAM                                               (abs)        000000
__H__absolute__                                      __absolute__ 000000
__Habs1                                              abs1         000000
__Hbank0                                             bank0        000000
__Hbank1                                             bank1        000000
__Hbank10                                            bank10       000000
__Hbank11                                            bank11       000000
__Hbank12                                            bank12       000000
__Hbank13                                            bank13       000000
__Hbank14                                            bank14       000000
__Hbank15                                            bank15       000000
__Hbank2                                             bank2        000000
__Hbank3                                             bank3        000000
__Hbank4                                             bank4        000000
__Hbank5                                             bank5        000000
__Hbank6                                             bank6        000000
__Hbank7                                             bank7        000000
__Hbank8                                             bank8        000000
__Hbank9                                             bank9        000000
__Hbigbss                                            bigbss       000000
__Hbigdata                                           bigdata      000000
__Hbigram                                            bigram       000000
__Hbigsfr                                            bigsfr       000000
__Hbss                                               bss          000000
__HbssBANK0                                          bssBANK0     000000
__HbssCOMRAM                                         bssCOMRAM    000000
__Hcinit                                             cinit        000000
__Hclrtext                                           clrtext      000000
__Hcomram                                            comram       000000
__Hconfig                                            config       30000E
__Hconst                                             const        000000
__HcstackBANK0                                       cstackBANK0  000000
__HcstackBANK1                                       cstackBANK1  000000
__HcstackCOMRAM                                      cstackCOMRAM 000000
__Hdata                                              data         000000
__HdataBANK0                                         dataBANK0    000000
__HdataCOMRAM                                        dataCOMRAM   000000
__Heeprom_data                                       eeprom_data  000000
__Hfarbss                                            farbss       000000
__Hfardata                                           fardata      000000
__Hheap                                              heap         000000
__Hibigdata                                          ibigdata     000000
__Hidata                                             idata        000000
__HidataBANK0                                        idataBANK0   000000
__HidataCOMRAM                                       idataCOMRAM  000000
__Hidloc                                             idloc        200008
__Hifardata                                          ifardata     000000
__Hinit                                              init         000012
__Hintcode                                           intcode      00000E
__Hintcode_body                                      intcode_body 000000
__Hintcodelo                                         intcodelo    00000E
__Hintentry                                          intentry     000000
__Hintret                                            intret       000000
__Hintsave_regs                                      intsave_regs 000000
__Hirdata                                            irdata       000000
__Hmediumconst                                       mediumconst  000000
__HnvBANK0                                           nvBANK0      000000
__HnvCOMRAM                                          nvCOMRAM     000000
__HnvFARRAM                                          nvFARRAM     000000
__Hnvbit                                             nvbit        000000
__Hnvrram                                            nvrram       000000
__Hparam                                             rparam       000000
__Hpowerup                                           powerup      00000E
__Hram                                               ram          000000
__Hramtop                                            ramtop       001000
__Hrbit                                              rbit         000000
__Hrbss                                              rbss         000000
__Hrdata                                             rdata        000000
__Hreset_vec                                         reset_vec    000004
__Hrparam                                            rparam       000000
__Hsfr                                               sfr          000000
__Hsmallconst                                        smallconst   0010B6
__Hspace_0                                           (abs)        002FAA
__Hspace_1                                           (abs)        000109
__Hspace_2                                           (abs)        000000
__Hspace_4                                           (abs)        60000E
__Hstack                                             stack        000000
__Hstruct                                            struct       000000
__Htemp                                              temp         000062
__Htext                                              text         000000
__Htext0                                             text0        000000
__Htext1                                             text1        000000
__Htext10                                            text10       000000
__Htext11                                            text11       000000
__Htext12                                            text12       000000
__Htext13                                            text13       000000
__Htext14                                            text14       000000
__Htext15                                            text15       000000
__Htext16                                            text16       000000
__Htext17                                            text17       000000
__Htext18                                            text18       000000
__Htext19                                            text19       000000
__Htext2                                             text2        000000
__Htext20                                            text20       000000
__Htext21                                            text21       000000
__Htext22                                            text22       000000
__Htext23                                            text23       000000
__Htext24                                            text24       000000
__Htext25                                            text25       000000
__Htext26                                            text26       000000
__Htext27                                            text27       000000
__Htext28                                            text28       000000
__Htext29                                            text29       000000
__Htext3                                             text3        000000
__Htext30                                            text30       000000
__Htext31                                            text31       000000
__Htext32                                            text32       000000
__Htext33                                            text33       000000
__Htext34                                            text34       000000
__Htext35                                            text35       000000
__Htext36                                            text36       000000
__Htext37                                            text37       000000
__Htext39                                            text39       000000
__Htext4                                             text4        000000
__Htext40                                            text40       000000
__Htext41                                            text41       000000
__Htext42                                            text42       000000
__Htext43                                            text43       000000
__Htext44                                            text44       000000
__Htext45                                            text45       000000
__Htext46                                            text46       000000
__Htext47                                            text47       000000
__Htext48                                            text48       000000
__Htext49                                            text49       000000
__Htext5                                             text5        000000
__Htext50                                            text50       000000
__Htext51                                            text51       000000
__Htext52                                            text52       000000
__Htext53                                            text53       000000
__Htext54                                            text54       000000
__Htext55                                            text55       000000
__Htext56                                            text56       000000
__Htext57                                            text57       000000
__Htext58                                            text58       000000
__Htext59                                            text59       000000
__Htext6                                             text6        000000
__Htext60                                            text60       000000
__Htext61                                            text61       000000
__Htext62                                            text62       000000
__Htext63                                            text63       000000
__Htext64                                            text64       000000
__Htext65                                            text65       000000
__Htext66                                            text66       000000
__Htext7                                             text7        000000
__Htext8                                             text8        000000
__Htext9                                             text9        000000
__LRAM                                               (abs)        000001
__L__absolute__                                      __absolute__ 000000
__Labs1                                              abs1         000000
__Lbank0                                             bank0        000000
__Lbank1                                             bank1        000000
__Lbank10                                            bank10       000000
__Lbank11                                            bank11       000000
__Lbank12                                            bank12       000000
__Lbank13                                            bank13       000000
__Lbank14                                            bank14       000000
__Lbank15                                            bank15       000000
__Lbank2                                             bank2        000000
__Lbank3                                             bank3        000000
__Lbank4                                             bank4        000000
__Lbank5                                             bank5        000000
__Lbank6                                             bank6        000000
__Lbank7                                             bank7        000000
__Lbank8                                             bank8        000000
__Lbank9                                             bank9        000000
__Lbigbss                                            bigbss       000000
__Lbigdata                                           bigdata      000000
__Lbigram                                            bigram       000000
__Lbigsfr                                            bigsfr       000000
__Lbss                                               bss          000000
__LbssBANK0                                          bssBANK0     000000
__LbssCOMRAM                                         bssCOMRAM    000000
__Lcinit                                             cinit        000000
__Lclrtext                                           clrtext      000000
__Lcomram                                            comram       000000
__Lconfig                                            config       000000
__Lconst                                             const        000000
__LcstackBANK0                                       cstackBANK0  000000
__LcstackBANK1                                       cstackBANK1  000000
__LcstackCOMRAM                                      cstackCOMRAM 000000
__Ldata                                              data         000000
__LdataBANK0                                         dataBANK0    000000
__LdataCOMRAM                                        dataCOMRAM   000000
__Leeprom_data                                       eeprom_data  000000
__Lfarbss                                            farbss       000000
__Lfardata                                           fardata      000000
__Lheap                                              heap         000000
__Libigdata                                          ibigdata     000000
__Lidata                                             idata        000000
__LidataBANK0                                        idataBANK0   000000
__LidataCOMRAM                                       idataCOMRAM  000000
__Lidloc                                             idloc        000000
__Lifardata                                          ifardata     000000
__Linit                                              init         00000E
__Lintcode                                           intcode      000008
__Lintcode_body                                      intcode_body 000000
__Lintcodelo                                         intcodelo    00000E
__Lintentry                                          intentry     000000
__Lintret                                            intret       000000
__Lintsave_regs                                      intsave_regs 000000
__Lirdata                                            irdata       000000
__Lmediumconst                                       mediumconst  000000
__LnvBANK0                                           nvBANK0      000000
__LnvCOMRAM                                          nvCOMRAM     000000
__LnvFARRAM                                          nvFARRAM     000000
__Lnvbit                                             nvbit        000000
__Lnvrram                                            nvrram       000000
__Lparam                                             rparam       000000
__Lpowerup                                           powerup      00000E
__Lram                                               ram          000000
__Lramtop                                            ramtop       001000
__Lrbit                                              rbit         000000
__Lrbss                                              rbss         000000
__Lrdata                                             rdata        000000
__Lreset_vec                                         reset_vec    000000
__Lrparam                                            rparam       000000
__Lsfr                                               sfr          000000
__Lsmallconst                                        smallconst   001000
__Lspace_0                                           (abs)        000000
__Lspace_1                                           (abs)        000000
__Lspace_2                                           (abs)        000000
__Lspace_4                                           (abs)        000000
__Lstack                                             stack        000000
__Lstruct                                            struct       000000
__Ltemp                                              temp         000061
__Ltext                                              text         000000
__Ltext0                                             text0        000000
__Ltext1                                             text1        000000
__Ltext10                                            text10       000000
__Ltext11                                            text11       000000
__Ltext12                                            text12       000000
__Ltext13                                            text13       000000
__Ltext14                                            text14       000000
__Ltext15                                            text15       000000
__Ltext16                                            text16       000000
__Ltext17                                            text17       000000
__Ltext18                                            text18       000000
__Ltext19                                            text19       000000
__Ltext2                                             text2        000000
__Ltext20                                            text20       000000
__Ltext21                                            text21       000000
__Ltext22                                            text22       000000
__Ltext23                                            text23       000000
__Ltext24                                            text24       000000
__Ltext25                                            text25       000000
__Ltext26                                            text26       000000
__Ltext27                                            text27       000000
__Ltext28                                            text28       000000
__Ltext29                                            text29       000000
__Ltext3                                             text3        000000
__Ltext30                                            text30       000000
__Ltext31                                            text31       000000
__Ltext32                                            text32       000000
__Ltext33                                            text33       000000
__Ltext34                                            text34       000000
__Ltext35                                            text35       000000
__Ltext36                                            text36       000000
__Ltext37                                            text37       000000
__Ltext39                                            text39       000000
__Ltext4                                             text4        000000
__Ltext40                                            text40       000000
__Ltext41                                            text41       000000
__Ltext42                                            text42       000000
__Ltext43                                            text43       000000
__Ltext44                                            text44       000000
__Ltext45                                            text45       000000
__Ltext46                                            text46       000000
__Ltext47                                            text47       000000
__Ltext48                                            text48       000000
__Ltext49                                            text49       000000
__Ltext5                                             text5        000000
__Ltext50                                            text50       000000
__Ltext51                                            text51       000000
__Ltext52                                            text52       000000
__Ltext53                                            text53       000000
__Ltext54                                            text54       000000
__Ltext55                                            text55       000000
__Ltext56                                            text56       000000
__Ltext57                                            text57       000000
__Ltext58                                            text58       000000
__Ltext59                                            text59       000000
__Ltext6                                             text6        000000
__Ltext60                                            text60       000000
__Ltext61                                            text61       000000
__Ltext62                                            text62       000000
__Ltext63                                            text63       000000
__Ltext64                                            text64       000000
__Ltext65                                            text65       000000
__Ltext66                                            text66       000000
__Ltext7                                             text7        000000
__Ltext8                                             text8        000000
__Ltext9                                             text9        000000
__S0                                                 (abs)        002FAA
__S1                                                 (abs)        000109
__S4                                                 (abs)        000000
__S5                                                 (abs)        000000
___awdiv                                             text24       001C6C
___awdiv@counter                                     cstackBANK0  0000E9
___awdiv@dividend                                    cstackCOMRAM 00004B
___awdiv@divisor                                     cstackCOMRAM 00004D
___awdiv@quotient                                    cstackBANK0  0000EB
___awdiv@sign                                        cstackBANK0  0000EA
___awmod                                             text23       001D32
___awmod@counter                                     cstackBANK0  0000E9
___awmod@dividend                                    cstackCOMRAM 00004B
___awmod@divisor                                     cstackCOMRAM 00004D
___awmod@sign                                        cstackBANK0  0000EA
___heap_hi                                           (abs)        000000
___heap_lo                                           (abs)        000000
___inthi_sp                                          stack        000000
___intlo_sp                                          stack        000000
___param_bank                                        (abs)        000000
___rparam_used                                       (abs)        000001
___sp                                                stack        000000
__accesstop                                          (abs)        000080
__activetblptr                                       (abs)        000003
__end_of_ADC_ISR                                     text65       002FAA
__end_of_CCP1_ISR                                    text64       002FA6
__end_of_CCP2_ISR                                    text63       002FA2
__end_of_EUSART_RX_ISR                               text62       002E2C
__end_of_EUSART_TX_ISR                               text61       002F9E
__end_of_INT0_ISR                                    text53       002E00
__end_of_INT0_SetInterruptHandler                    text16       002EAA
__end_of_INT1_ISR                                    text52       002DD2
__end_of_INT1_SetInterruptHandler                    text15       002E80
__end_of_INT2_ISR                                    text51       002DA4
__end_of_INT2_SetInterruptHandler                    text14       002E56
__end_of_Int0_APP_ISR                                text54       002A82
__end_of_InterruptManager                            intcode_body 00152E
__end_of_Interrupt_INTx_Clear_Flag                   text22       0027F4
__end_of_Interrupt_INTx_Disable                      text21       00277E
__end_of_Interrupt_INTx_Edge_Init                    text20       001A26
__end_of_Interrupt_INTx_Enable                       text19       002410
__end_of_Interrupt_INTx_Init                         text12       002510
__end_of_Interrupt_INTx_Pin_Init                     text17       002D44
__end_of_Interrupt_INTx_SetInterruptHandler          text13       00209E
__end_of_MSSP_I2C_BC_ISR                             text50       002F9A
__end_of_MSSP_I2C_ISR                                text49       002F96
__end_of_MSSP_SPI_ISR                                text48       002F92
__end_of_RB4_ISR                                     text47       002F5A
__end_of_RB5_ISR                                     text46       002F40
__end_of_RB6_ISR                                     text45       002F26
__end_of_RB7_ISR                                     text44       002F0C
__end_of_ReadyTimeOfCarsToStopFinishedHandler        text28       00238E
__end_of_ReadyTimeOfPedestriansToStopFinishedHandler text27       002304
__end_of_TMR0_DefualtInterruptHandler                text43       00227A
__end_of_TMR0_ISR                                    text42       002CAA
__end_of_TMR1_ISR                                    text41       002F84
__end_of_TMR2_ISR                                    text40       002F8C
__end_of_TMR3_ISR                                    text39       002F78
__end_of_TimeOfCarsMoveFinishedHandler               text26       001FF2
__end_of_TimeOfPedestriansMoveFinishedHandler        text25       001F44
__end_of_Timer0_Init                                 text8        002146
__end_of_Timer0_Mode_Select                          text11       00258E
__end_of_Timer0_Prescaler_Config                     text10       002B3C
__end_of_Timer0_Register_Size_Config                 text9        002BCC
__end_of___awdiv                                     text24       001D32
__end_of___awmod                                     text23       001DE4
__end_of__initialization                             cinit        002ADA
__end_of_application_initialize                      text2        002EF2
__end_of_btn_values                                  smallconst   001011
__end_of_ecu_layer_init                              text3        002490
__end_of_gpio_pin_direction_intialize                text18       0017C4
__end_of_gpio_pin_intialize                          text7        002866
__end_of_gpio_pin_write_logic                        text37       0018F6
__end_of_lcd_4bit_clear                              text56       002ED0
__end_of_lcd_4bit_intialize                          text6        00167A
__end_of_lcd_4bit_send_char_data                     text34       002708
__end_of_lcd_4bit_send_command                       text33       00268A
__end_of_lcd_4bit_send_enable_signal                 text36       002C08
__end_of_lcd_4bit_send_string_pos                    text31       00260C
__end_of_lcd_4bit_set_cursor                         text32       001E96
__end_of_lcd_send_4bits                              text35       0028D8
__end_of_led_initialize                              text5        002D12
__end_of_led_turn_off                                text30       002C74
__end_of_led_turn_on                                 text29       002C3E
__end_of_main                                        text0        001C6C
__end_of_seven_segement_intialize                    text4        0029B6
__end_of_seven_segement_write_number                 text1        0021E4
__end_ofi2_gpio_pin_write_logic                      text60       001B52
__end_ofi2_lcd_4bit_send_command                     text57       00294A
__end_ofi2_lcd_4bit_send_enable_signal               text59       002CE0
__end_ofi2_lcd_send_4bits                            text58       002A1E
__end_ofi2_led_turn_off                              text55       002D76
__initialization                                     cinit        002A82
__mediumconst                                        mediumconst  000000
__pbssBANK0                                          bssBANK0     0000D1
__pbssCOMRAM                                         bssCOMRAM    000001
__pcinit                                             cinit        002A82
__pcstackBANK0                                       cstackBANK0  0000E9
__pcstackBANK1                                       cstackBANK1  000100
__pcstackCOMRAM                                      cstackCOMRAM 00002D
__pdataBANK0                                         dataBANK0    000080
__pdataCOMRAM                                        dataCOMRAM   00004F
__pidataBANK0                                        idataBANK0   002B3C
__pidataCOMRAM                                       idataCOMRAM  002F5A
__pintcode                                           intcode      000008
__pintcode_body                                      intcode_body 0010B6
__pnvBANK0                                           nvBANK0      0000FE
__pnvCOMRAM                                          nvCOMRAM     000060
__psmallconst                                        smallconst   001000
__ptext0                                             text0        001B52
__ptext1                                             text1        002146
__ptext10                                            text10       002AE4
__ptext11                                            text11       002510
__ptext12                                            text12       002490
__ptext13                                            text13       001FF2
__ptext14                                            text14       002E2C
__ptext15                                            text15       002E56
__ptext16                                            text16       002E80
__ptext17                                            text17       002D12
__ptext18                                            text18       00167A
__ptext19                                            text19       00238E
__ptext2                                             text2        002ED0
__ptext20                                            text20       0018F6
__ptext21                                            text21       002708
__ptext22                                            text22       00277E
__ptext23                                            text23       001D32
__ptext24                                            text24       001C6C
__ptext25                                            text25       001E96
__ptext26                                            text26       001F44
__ptext27                                            text27       00227A
__ptext28                                            text28       002304
__ptext29                                            text29       002C08
__ptext3                                             text3        002410
__ptext30                                            text30       002C3E
__ptext31                                            text31       00258E
__ptext32                                            text32       001DE4
__ptext33                                            text33       00260C
__ptext34                                            text34       00268A
__ptext35                                            text35       002866
__ptext36                                            text36       002BCC
__ptext37                                            text37       0017C4
__ptext39                                            text39       002F6C
__ptext4                                             text4        00294A
__ptext40                                            text40       002F84
__ptext41                                            text41       002F78
__ptext42                                            text42       002C74
__ptext43                                            text43       0021E4
__ptext44                                            text44       002EF2
__ptext45                                            text45       002F0C
__ptext46                                            text46       002F26
__ptext47                                            text47       002F40
__ptext48                                            text48       002F8C
__ptext49                                            text49       002F92
__ptext5                                             text5        002CE0
__ptext50                                            text50       002F96
__ptext51                                            text51       002D76
__ptext52                                            text52       002DA4
__ptext53                                            text53       002DD2
__ptext54                                            text54       002A1E
__ptext55                                            text55       002D44
__ptext56                                            text56       002EAA
__ptext57                                            text57       0028D8
__ptext58                                            text58       0029B6
__ptext59                                            text59       002CAA
__ptext6                                             text6        00152E
__ptext60                                            text60       001A26
__ptext61                                            text61       002F9A
__ptext62                                            text62       002E00
__ptext63                                            text63       002F9E
__ptext64                                            text64       002FA2
__ptext65                                            text65       002FA6
__ptext66                                            text66       000000
__ptext7                                             text7        0027F4
__ptext8                                             text8        00209E
__ptext9                                             text9        002B8E
__ramtop                                             ramtop       001000
__smallconst                                         smallconst   001000
_application_initialize                              text2        002ED0
_btn_values                                          smallconst   001001
_dc_motor_1                                          dataBANK0    0000B2
_dc_motor_2                                          dataBANK0    0000B0
_ecu_layer_init                                      text3        002410
_gpio_pin_direction_intialize                        text18       00167A
_gpio_pin_intialize                                  text7        0027F4
_gpio_pin_write_logic                                text37       0017C4
_int0_obj                                            dataBANK0    0000BB
_keypad1                                             dataBANK0    0000A8
_lat_registers                                       dataBANK0    00008A
_lcd_1                                               dataBANK0    0000C1
_lcd_2                                               dataBANK0    00009E
_lcd_4bit_clear                                      text56       002EAA
_lcd_4bit_intialize                                  text6        00152E
_lcd_4bit_send_char_data                             text34       00268A
_lcd_4bit_send_command                               text33       00260C
_lcd_4bit_send_enable_signal                         text36       002BCC
_lcd_4bit_send_string_pos                            text31       00258E
_lcd_4bit_set_cursor                                 text32       001DE4
_lcd_send_4bits                                      text35       002866
_led_green_car                                       dataCOMRAM   00005E
_led_green_people                                    dataCOMRAM   00005D
_led_initialize                                      text5        002CE0
_led_red_car                                         dataCOMRAM   00005F
_led_red_people                                      bssCOMRAM    00002C
_led_turn_off                                        text30       002C3E
_led_turn_on                                         text29       002C08
_led_yellow_car                                      dataCOMRAM   00005C
_led_yellow_people                                   dataCOMRAM   00005B
_main                                                text0        001B52
_next_state                                          bssCOMRAM    000029
_next_traffic_light_event                            bssCOMRAM    00002A
_port_registers                                      dataBANK0    000080
_ret                                                 nvBANK0      0000FF
_seg1                                                dataBANK0    0000CC
_seg2                                                dataBANK0    0000C7
_seven_seg_cnt                                       dataCOMRAM   00004F
_seven_segement_intialize                            text4        00294A
_seven_segement_write_number                         text1        002146
_timer0                                              dataBANK0    0000B4
_timer0_preload                                      bssCOMRAM    000005
_timer1_preload                                      bssCOMRAM    000003
_timer2_preload                                      bssCOMRAM    00002B
_timer3_preload                                      bssCOMRAM    000001
_traffic_light_event                                 nvCOMRAM     000060
_traffic_light_state                                 nvBANK0      0000FE
_tris_registers                                      dataBANK0    000094
btemp                                                temp         000061
end_of_initialization                                cinit        002ADA
gpio_pin_direction_intialize@_pin_config             cstackCOMRAM 00004B
gpio_pin_direction_intialize@ret                     cstackCOMRAM 00004D
gpio_pin_intialize@_pin_config                       cstackBANK0  0000EF
gpio_pin_intialize@ret                               cstackBANK0  0000F2
gpio_pin_write_logic@_pin_config                     cstackCOMRAM 00004B
gpio_pin_write_logic@logic                           cstackCOMRAM 00004D
gpio_pin_write_logic@ret                             cstackCOMRAM 00004E
i2_gpio_pin_write_logic                              text60       001A26
i2_lcd_4bit_send_command                             text57       0028D8
i2_lcd_4bit_send_enable_signal                       text59       002CAA
i2_lcd_send_4bits                                    text58       0029B6
i2_led_turn_off                                      text55       002D44
i2gpio_pin_write_logic@_pin_config                   cstackCOMRAM 00002D
i2gpio_pin_write_logic@logic                         cstackCOMRAM 00002F
i2gpio_pin_write_logic@ret                           cstackCOMRAM 000036
i2lcd_4bit_send_command@command                      cstackCOMRAM 00003D
i2lcd_4bit_send_command@lcd                          cstackCOMRAM 00003B
i2lcd_4bit_send_command@ret                          cstackCOMRAM 00003E
i2lcd_4bit_send_enable_signal@lcd                    cstackCOMRAM 000037
i2lcd_4bit_send_enable_signal@ret                    cstackCOMRAM 000039
i2lcd_send_4bits@_data_command                       cstackCOMRAM 000039
i2lcd_send_4bits@lcd                                 cstackCOMRAM 000037
i2lcd_send_4bits@ret                                 cstackCOMRAM 00003A
i2led_turn_off@led                                   cstackCOMRAM 000037
i2led_turn_off@ret                                   cstackCOMRAM 000039
int$flags                                            temp         000061
int_func                                             intcode_body 0010B6
intlevel0                                            text         000000
intlevel1                                            text         000000
intlevel2                                            text         000000
intlevel3                                            text         000000
isa$std                                              (abs)        000001
isa$xinst                                            (abs)        000000
lcd_4bit_clear@lcd                                   cstackCOMRAM 00003F
lcd_4bit_clear@ret                                   cstackCOMRAM 000041
lcd_4bit_intialize@l_data_pins_counter               cstackBANK0  0000FB
lcd_4bit_intialize@lcd                               cstackBANK0  0000F7
lcd_4bit_intialize@ret                               cstackBANK0  0000FC
lcd_4bit_send_char_data@data                         cstackBANK0  0000F5
lcd_4bit_send_char_data@lcd                          cstackBANK0  0000F3
lcd_4bit_send_char_data@ret                          cstackBANK0  0000F6
lcd_4bit_send_command@command                        cstackBANK0  0000F5
lcd_4bit_send_command@lcd                            cstackBANK0  0000F3
lcd_4bit_send_command@ret                            cstackBANK0  0000F6
lcd_4bit_send_enable_signal@lcd                      cstackBANK0  0000EF
lcd_4bit_send_enable_signal@ret                      cstackBANK0  0000F1
lcd_4bit_send_string_pos@column                      cstackBANK1  000103
lcd_4bit_send_string_pos@lcd                         cstackBANK1  000100
lcd_4bit_send_string_pos@ret                         cstackBANK1  000106
lcd_4bit_send_string_pos@row                         cstackBANK1  000102
lcd_4bit_send_string_pos@str                         cstackBANK1  000104
lcd_4bit_set_cursor@coulmn                           cstackBANK0  0000FA
lcd_4bit_set_cursor@lcd                              cstackBANK0  0000F7
lcd_4bit_set_cursor@ret                              cstackBANK0  0000FD
lcd_4bit_set_cursor@row                              cstackBANK0  0000F9
lcd_send_4bits@_data_command                         cstackBANK0  0000F1
lcd_send_4bits@lcd                                   cstackBANK0  0000EF
lcd_send_4bits@ret                                   cstackBANK0  0000F2
led_initialize@led                                   cstackBANK0  0000F3
led_initialize@ret                                   cstackBANK0  0000F5
led_turn_off@led                                     cstackBANK0  0000EF
led_turn_off@ret                                     cstackBANK0  0000F1
led_turn_on@led                                      cstackBANK0  0000EF
led_turn_on@ret                                      cstackBANK0  0000F1
seven_segement_intialize@ret                         cstackBANK0  0000F5
seven_segement_intialize@seg                         cstackBANK0  0000F3
seven_segement_write_number@number                   cstackBANK0  0000F1
seven_segement_write_number@ret                      cstackBANK0  0000F2
seven_segement_write_number@seg                      cstackBANK0  0000EF
stackhi                                              (abs)        000000
stacklo                                              (abs)        000000
start                                                init         00000E
start_initialization                                 cinit        002A82
ttemp5                                               temp         000062
ttemp6                                               temp         000065
ttemp7                                               temp         000069
wtemp8                                               temp         000062


MODULE INFORMATION

Module		Function		Class		Link	Load	Size
C:\Program Files\Microchip\xc8\v2.41\pic\sources\c99\common\awmod.c
		___awmod       		CODE           	1D32	0000	178

C:\Program Files\Microchip\xc8\v2.41\pic\sources\c99\common\awmod.c estimated size: 178

MCAL_Layer/Timer2/hal_timr2.c
		_TMR2_ISR      		CODE           	2F84	0000	8

MCAL_Layer/Timer2/hal_timr2.c estimated size: 8

MCAL_Layer/Timer0/hal_timr0.c
		_Timer0_Register_Size_Config		CODE           	2B8E	0000	62
		_Timer0_Init   		CODE           	209E	0000	168
		_Timer0_Prescaler_Config		CODE           	2AE4	0000	88
		_Timer0_Mode_Select		CODE           	2510	0000	126
		_TMR0_ISR      		CODE           	2C74	0000	54

MCAL_Layer/Timer0/hal_timr0.c estimated size: 498

ECU_Layer/7_Segment/ecu_seven_segment.c
		_seven_segement_write_number		CODE           	2146	0000	158
		_seven_segement_intialize		CODE           	294A	0000	108

ECU_Layer/7_Segment/ecu_seven_segment.c estimated size: 266

MCAL_Layer/SPI/hal_spi.c
		_MSSP_SPI_ISR  		CODE           	2F8C	0000	6

MCAL_Layer/SPI/hal_spi.c estimated size: 6

C:\Program Files\Microchip\xc8\v2.41\pic\sources\c99\common\awdiv.c
		___awdiv       		CODE           	1C6C	0000	198

C:\Program Files\Microchip\xc8\v2.41\pic\sources\c99\common\awdiv.c estimated size: 198

ECU_Layer/Chr_LCD/ecu_chr_lcd.c
		_lcd_4bit_clear		CODE           	2EAA	0000	38
		_lcd_4bit_send_command		CODE           	260C	0000	126
		_lcd_4bit_send_string_pos		CODE           	258E	0000	126
		_lcd_4bit_send_char_data		CODE           	268A	0000	126
		_lcd_send_4bits		CODE           	2866	0000	114
		_lcd_4bit_intialize		CODE           	152E	0000	332
		_lcd_4bit_set_cursor		CODE           	1DE4	0000	178
		_lcd_4bit_send_enable_signal		CODE           	2BCC	0000	60

ECU_Layer/Chr_LCD/ecu_chr_lcd.c estimated size: 1100

MCAL_Layer/I2C/hal_i2c.c
		_MSSP_I2C_ISR  		CODE           	2F92	0000	4
		_MSSP_I2C_BC_ISR		CODE           	2F96	0000	4

MCAL_Layer/I2C/hal_i2c.c estimated size: 8

MCAL_Layer/usart/hal_usart.c
		_EUSART_RX_ISR 		CODE           	2E00	0000	44
		_EUSART_TX_ISR 		CODE           	2F9A	0000	4

MCAL_Layer/usart/hal_usart.c estimated size: 48

MCAL_Layer/Timer3/hal_timr3.c
		_TMR3_ISR      		CODE           	2F6C	0000	12

MCAL_Layer/Timer3/hal_timr3.c estimated size: 12

shared
		i2_lcd_send_4bits		CODE           	29B6	0000	104
		i2_lcd_4bit_send_command		CODE           	28D8	0000	114
		i2_lcd_4bit_send_enable_signal		CODE           	2CAA	0000	54
		_btn_values    		SMALLCONST     	1001	0000	16
		__initialization		CODE           	2A82	0000	88
		i2_gpio_pin_write_logic		CODE           	1A26	0000	300
		i2_led_turn_off		CODE           	2D44	0000	50

shared estimated size: 726

MCAL_Layer/Interrupt/mcal_external_interrupt.c
		_INT0_SetInterruptHandler		CODE           	2E80	0000	42
		_Interrupt_INTx_Clear_Flag		CODE           	277E	0000	118
		_Interrupt_INTx_SetInterruptHandler		CODE           	1FF2	0000	172
		_INT1_SetInterruptHandler		CODE           	2E56	0000	42
		_Interrupt_INTx_Enable		CODE           	238E	0000	130
		_RB4_ISR       		CODE           	2F40	0000	26
		_INT2_SetInterruptHandler		CODE           	2E2C	0000	42
		_RB5_ISR       		CODE           	2F26	0000	26
		_RB6_ISR       		CODE           	2F0C	0000	26
		_RB7_ISR       		CODE           	2EF2	0000	26
		_Interrupt_INTx_Edge_Init		CODE           	18F6	0000	304
		_Interrupt_INTx_Init		CODE           	2490	0000	128
		_Interrupt_INTx_Disable		CODE           	2708	0000	118
		_INT0_ISR      		CODE           	2DD2	0000	46
		_Interrupt_INTx_Pin_Init		CODE           	2D12	0000	50
		_INT1_ISR      		CODE           	2DA4	0000	46
		_INT2_ISR      		CODE           	2D76	0000	46

MCAL_Layer/Interrupt/mcal_external_interrupt.c estimated size: 1388

MCAL_Layer/ADC/hal_adc.c
		_ADC_ISR       		CODE           	2FA6	0000	4

MCAL_Layer/ADC/hal_adc.c estimated size: 4

MCAL_Layer/Interrupt/mcal_interrupt_manager.c
		_InterruptManager		CODE           	0008	0000	1150

MCAL_Layer/Interrupt/mcal_interrupt_manager.c estimated size: 1150

MCAL_Layer/GPIO/hal_gpio.c
		_gpio_pin_write_logic		CODE           	17C4	0000	306
		_gpio_pin_intialize		CODE           	27F4	0000	114
		_gpio_pin_direction_intialize		CODE           	167A	0000	330

MCAL_Layer/GPIO/hal_gpio.c estimated size: 750

ECU_Layer/LED/ecu_led.c
		_led_initialize		CODE           	2CE0	0000	50
		_led_turn_on   		CODE           	2C08	0000	54
		_led_turn_off  		CODE           	2C3E	0000	54

ECU_Layer/LED/ecu_led.c estimated size: 158

MCAL_Layer/Timer1/hal_timr1.c
		_TMR1_ISR      		CODE           	2F78	0000	12

MCAL_Layer/Timer1/hal_timr1.c estimated size: 12

ECU_Layer/ecu_layer_init.c
		_ecu_layer_init		CODE           	2410	0000	128

ECU_Layer/ecu_layer_init.c estimated size: 128

application.c
		_Int0_APP_ISR  		CODE           	2A1E	0000	100
		_TimeOfCarsMoveFinishedHandler		CODE           	1F44	0000	174
		_application_initialize		CODE           	2ED0	0000	34
		_main          		CODE           	1B52	0000	282
		_TMR0_DefualtInterruptHandler		CODE           	21E4	0000	150
		_TimeOfPedestriansMoveFinishedHandler		CODE           	1E96	0000	174
		_ReadyTimeOfCarsToStopFinishedHandler		CODE           	2304	0000	138
		_ReadyTimeOfPedestriansToStopFinishedHandler		CODE           	227A	0000	138

application.c estimated size: 1190

MCAL_Layer/CCP/hal_ccp.c
		_CCP1_ISR      		CODE           	2FA2	0000	4
		_CCP2_ISR      		CODE           	2F9E	0000	4

MCAL_Layer/CCP/hal_ccp.c estimated size: 8

