Microchip MPLAB XC8 Compiler V2.41

Linker command line:

-W-3 \
  --edf=C:/Program Files/Microchip/MPLABX/v6.15/packs/Microchip/PIC18Fxxxx_DFP/1.4.151/xc8\pic\dat\20230323171731_en.msgs \
  -cn -h+dist/default/debug\APP.debug.sym \
  --cmf=dist/default/debug\APP.debug.cmf -z -Q18F4620 \
  -oC:\Users\user\AppData\Local\Temp\xcAs1050.\driver_tmp_3.o \
  --defsym=__MPLAB_BUILD=1 --fixupoverflow=error \
  -Mdist/default/debug/APP.debug.map \
  --md=C:\Users\user\AppData\Local\Temp\xcAs1050.\driver_tmp_0.dat -E1 \
  -ver=XC8 Compiler --acfsm=1493 -ACODE=00h-0FFFFh -ACONST=00h-0FFFFh \
  -ASMALLCONST=01000h-010FFhx240 -AMEDIUMCONST=01000h-0FFFFh \
  -ACOMRAM=01h-07Fh -AABS1=00h-0F7Fh -ABIGRAM=01h-0F7Fh \
  -ARAM=080h-0FFh,0100h-01FFhx14,0F00h-0F7Fh -ABANK0=080h-0FFh \
  -ABANK1=0100h-01FFh -ABANK2=0200h-02FFh -ABANK3=0300h-03FFh \
  -ABANK4=0400h-04FFh -ABANK5=0500h-05FFh -ABANK6=0600h-06FFh \
  -ABANK7=0700h-07FFh -ABANK8=0800h-08FFh -ABANK9=0900h-09FFh \
  -ABANK10=0A00h-0AFFh -ABANK11=0B00h-0BFFh -ABANK12=0C00h-0CFFh \
  -ABANK13=0D00h-0DFFh -ABANK14=0E00h-0EFFh -ABANK15=0F00h-0F7Fh \
  -ASFR=0F80h-0FFFh -ABIGSFR=0F80h-0FFFh -ACONFIG=0300000h-030000Dh \
  -AIDLOC=0200000h-0200007h -AEEDATA=0F00000h-0F003FFh -peeprom_data=EEDATA \
  -preset_vec=00h,intcode=08h,intcodelo,powerup,init -pramtop=01000h \
  -psmallconst=SMALLCONST -pmediumconst=MEDIUMCONST -pconst=CONST \
  -AFARRAM=00h-00h \
  -prdata=COMRAM,nvrram=COMRAM,nvbit=COMRAM,rbss=COMRAM,rbit=COMRAM \
  -pfarbss=FARRAM,fardata=FARRAM,nvFARRAM=FARRAM \
  -pintsave_regs=BIGRAM,bigbss=BIGRAM,bigdata=BIGRAM -pbss=RAM \
  -pidata=CODE,irdata=CODE,ibigdata=CODE,ifardata=CODE -prparam=COMRAM \
  C:\Users\user\AppData\Local\Temp\xcAs1050.\driver_tmp_9.o \
  dist/default/debug\APP.debug.o 

Object code version is 3.11

Machine type is 18F4620



                Name                               Link     Load   Length Selector   Space Scale
C:\Users\user\AppData\Local\Temp\xcAs1050.\driver_tmp_9.o
                idloc                            200000   200000        8        0       5
                config                           300000   300000        E        0       4
                init                                  E        E        4        4       0
                reset_vec                             0        0        4        0       0
dist/default/debug\APP.debug.o
                intcode                               8        8        6        4       0
                idloc                            200000   200000        8        0       5
                config                           300000   300000        E        0       4
                temp                                 61       61        1        1       1
                smallconst                         1000     1000       C6      800       0
                text65                             2FB4     2FB4        4     17BD       0
                text64                             2FB0     2FB0        4     17BD       0
                text63                             2FAC     2FAC        4     17BD       0
                text62                             2E10     2E10       2C     15CF       0
                text61                             2FA8     2FA8        4     17BD       0
                text60                             1A36     1A36      12C      863       0
                text59                             2CBA     2CBA       36     15CF       0
                text58                             29D4     29D4       68      863       0
                text57                             28F6     28F6       72      863       0
                text56                             2EBA     2EBA       26     15CF       0
                text55                             2D54     2D54       32     15CF       0
                text54                             2AF6     2AF6       56      863       0
                text53                             2DE2     2DE2       2E     15CF       0
                text52                             2DB4     2DB4       2E     15CF       0
                text51                             2D86     2D86       2E     15CF       0
                text50                             2FA4     2FA4        4     17BD       0
                text49                             2FA0     2FA0        4     17BD       0
                text48                             2F9A     2F9A        6     17BD       0
                text47                             2F50     2F50       1A     15CF       0
                text46                             2F36     2F36       1A     15CF       0
                text45                             2F1C     2F1C       1A     15CF       0
                text44                             2F02     2F02       1A     15CF       0
                text43                             20D0     20D0       AA      863       0
                text42                             2C84     2C84       36     15CF       0
                text41                             2F86     2F86        C     17BD       0
                text40                             2F92     2F92        8     17BD       0
                text39                             2F7A     2F7A        C     17BD       0
                intcode_body                       10C6     10C6      478      863       0
                text37                             17D4     17D4      132      863       0
                text36                             2BDC     2BDC       3C     15CF       0
                text35                             2884     2884       72      863       0
                text34                             2542     2542       7E      863       0
                text33                             24C4     24C4       7E      863       0
                text32                             1F72     1F72       B2      863       0
                text31                             22C0     22C0       84      863       0
                text30                             2C4E     2C4E       36     15CF       0
                text29                             2C18     2C18       36     15CF       0
                text28                             263A     263A       7A      863       0
                text27                             25C0     25C0       7A      863       0
                text26                             1E02     1E02       BE      863       0
                text25                             1D44     1D44       BE      863       0
                text24                             1C7E     1C7E       C6      863       0
                text23                             1EC0     1EC0       B2      863       0
                text22                             272A     272A       76      863       0
                text21                             26B4     26B4       76      863       0
                text20                             1906     1906      130      863       0
                text19                             2344     2344       82      863       0
                text18                             168A     168A      14A      863       0
                text17                             2D22     2D22       32     15CF       0
                text16                             2E90     2E90       2A     15CF       0
                text15                             2E66     2E66       2A     15CF       0
                text14                             2E3C     2E3C       2A     15CF       0
                text13                             2024     2024       AC      863       0
                text12                             23C6     23C6       80      863       0
                text11                             2446     2446       7E      863       0
                text10                             2A9E     2A9E       58      863       0
                text9                              2B9E     2B9E       3E     15CF       0
                text8                              217A     217A       A8      863       0
                text7                              2812     2812       72      863       0
                text6                              153E     153E      14C      863       0
                text5                              2CF0     2CF0       32     15CF       0
                text4                              2968     2968       6C      863       0
                text3                              27A0     27A0       72      863       0
                text2                              2EE0     2EE0       22     15CF       0
                text1                              2222     2222       9E      863       0
                text0                              1B62     1B62      11C      863       0
                cstackCOMRAM                         2F       2F       22        1       1
                cstackBANK0                          E7       E7       16       80       1
                cstackBANK1                         100      100        8      100       1
                dataBANK0                            80       80       51       80       1
                bssBANK0                             D1       D1       16       80       1
                dataCOMRAM                           51       51        F        1       1
                bssCOMRAM                             1        1       2E        1       1
                cinit                              2A3C     2A3C       62      863       0
                nvBANK0                              FD       FD        3       80       1
                nvCOMRAM                             60       60        1        1       1
                idataBANK0                         2B4C     2B4C       51      863       0
                idataCOMRAM                        2F6A     2F6A        F     15CF       0

TOTAL           Name                               Link     Load   Length     Space
        CLASS   CODE           
                intcode                               8        8        6         0
                init                                  E        E        4         0
                reset_vec                             0        0        4         0
                text65                             2FB4     2FB4        4         0
                text64                             2FB0     2FB0        4         0
                text63                             2FAC     2FAC        4         0
                text62                             2E10     2E10       2C         0
                text61                             2FA8     2FA8        4         0
                text60                             1A36     1A36      12C         0
                text59                             2CBA     2CBA       36         0
                text58                             29D4     29D4       68         0
                text57                             28F6     28F6       72         0
                text56                             2EBA     2EBA       26         0
                text55                             2D54     2D54       32         0
                text54                             2AF6     2AF6       56         0
                text53                             2DE2     2DE2       2E         0
                text52                             2DB4     2DB4       2E         0
                text51                             2D86     2D86       2E         0
                text50                             2FA4     2FA4        4         0
                text49                             2FA0     2FA0        4         0
                text48                             2F9A     2F9A        6         0
                text47                             2F50     2F50       1A         0
                text46                             2F36     2F36       1A         0
                text45                             2F1C     2F1C       1A         0
                text44                             2F02     2F02       1A         0
                text43                             20D0     20D0       AA         0
                text42                             2C84     2C84       36         0
                text41                             2F86     2F86        C         0
                text40                             2F92     2F92        8         0
                text39                             2F7A     2F7A        C         0
                intcode_body                       10C6     10C6      478         0
                text37                             17D4     17D4      132         0
                text36                             2BDC     2BDC       3C         0
                text35                             2884     2884       72         0
                text34                             2542     2542       7E         0
                text33                             24C4     24C4       7E         0
                text32                             1F72     1F72       B2         0
                text31                             22C0     22C0       84         0
                text30                             2C4E     2C4E       36         0
                text29                             2C18     2C18       36         0
                text28                             263A     263A       7A         0
                text27                             25C0     25C0       7A         0
                text26                             1E02     1E02       BE         0
                text25                             1D44     1D44       BE         0
                text24                             1C7E     1C7E       C6         0
                text23                             1EC0     1EC0       B2         0
                text22                             272A     272A       76         0
                text21                             26B4     26B4       76         0
                text20                             1906     1906      130         0
                text19                             2344     2344       82         0
                text18                             168A     168A      14A         0
                text17                             2D22     2D22       32         0
                text16                             2E90     2E90       2A         0
                text15                             2E66     2E66       2A         0
                text14                             2E3C     2E3C       2A         0
                text13                             2024     2024       AC         0
                text12                             23C6     23C6       80         0
                text11                             2446     2446       7E         0
                text10                             2A9E     2A9E       58         0
                text9                              2B9E     2B9E       3E         0
                text8                              217A     217A       A8         0
                text7                              2812     2812       72         0
                text6                              153E     153E      14C         0
                text5                              2CF0     2CF0       32         0
                text4                              2968     2968       6C         0
                text3                              27A0     27A0       72         0
                text2                              2EE0     2EE0       22         0
                text1                              2222     2222       9E         0
                text0                              1B62     1B62      11C         0
                cinit                              2A3C     2A3C       62         0
                idataBANK0                         2B4C     2B4C       51         0
                idataCOMRAM                        2F6A     2F6A        F         0

        CLASS   CONST          

        CLASS   SMALLCONST     
                smallconst                         1000     1000       C6         0

        CLASS   MEDIUMCONST    

        CLASS   COMRAM         
                temp                                 61       61        1         1
                cstackCOMRAM                         2F       2F       22         1
                dataCOMRAM                           51       51        F         1
                bssCOMRAM                             1        1       2E         1
                nvCOMRAM                             60       60        1         1

        CLASS   ABS1           

        CLASS   BIGRAM         

        CLASS   RAM            

        CLASS   BANK0          
                cstackBANK0                          E7       E7       16         1
                dataBANK0                            80       80       51         1
                bssBANK0                             D1       D1       16         1
                nvBANK0                              FD       FD        3         1

        CLASS   BANK1          
                cstackBANK1                         100      100        8         1

        CLASS   BANK2          

        CLASS   BANK3          

        CLASS   BANK4          

        CLASS   BANK5          

        CLASS   BANK6          

        CLASS   BANK7          

        CLASS   BANK8          

        CLASS   BANK9          

        CLASS   BANK10         

        CLASS   BANK11         

        CLASS   BANK12         

        CLASS   BANK13         

        CLASS   BANK14         

        CLASS   BANK15         

        CLASS   SFR            

        CLASS   BIGSFR         

        CLASS   CONFIG         
                config                           300000   300000        E         4

        CLASS   IDLOC          
                idloc                            200000   200000        8         5

        CLASS   EEDATA         

        CLASS   FARRAM         

        CLASS   HEAP           

        CLASS   STACK          



SEGMENTS        Name                           Load    Length   Top    Selector   Space  Class

                reset_vec                      000000  000004  000004         0       0  CODE    
                bssCOMRAM                      000001  000061  000062         1       1  COMRAM  
                intcode                        000008  00000A  000012         4       0  CODE    
                dataBANK0                      000080  000080  000100        80       1  BANK0   
                cstackBANK1                    000100  000008  000108       100       1  BANK1   
                smallconst                     001000  0000C6  0010C6       800       0  SMALLCON
                intcode_body                   0010C6  001AD7  002B9D       863       0  CODE    
                text9                          002B9E  0003DB  002F79      15CF       0  CODE    
                text39                         002F7A  00003E  002FB8      17BD       0  CODE    


UNUSED ADDRESS RANGES

        Name                Unused          Largest block    Delta
        BANK1            000108-0001FF               F8
        BANK10           000A00-000AFF              100
        BANK11           000B00-000BFF              100
        BANK12           000C00-000CFF              100
        BANK13           000D00-000DFF              100
        BANK14           000E00-000EFF              100
        BANK15           000F00-000F7F               80
        BANK2            000200-0002FF              100
        BANK3            000300-0003FF              100
        BANK4            000400-0004FF              100
        BANK5            000500-0005FF              100
        BANK6            000600-0006FF              100
        BANK7            000700-0007FF              100
        BANK8            000800-0008FF              100
        BANK9            000900-0009FF              100
        BIGRAM           000062-00007F               1E
                         000108-000F7F              E78
        BIGSFR           000F80-000FFF               80
        CODE             000004-000007                4
                         000012-000FFF              FEE
                         002B9D-002B9D                1
                         002F79-002F79                1
                         002FB8-00FFFF             D048
        COMRAM           000062-00007F               1E
        CONST            000004-000007                4
                         000012-000FFF              FEE
                         002B9D-002B9D                1
                         002F79-002F79                1
                         002FB8-00FFFF             D048
        EEDATA           F00000-F003FF              400
        MEDIUMCONST      002B9D-002B9D                1
                         002F79-002F79                1
                         002FB8-00FFFF             D048
        RAM              000108-000F7F              100
        SFR              000F80-000FFF               80
        SMALLCONST       002B9D-002B9D                1
                         002F79-002F79                1
                         002FB8-00FFFF              100

                                  Symbol Table

?___awdiv                                            cstackCOMRAM 00004D
?___awmod                                            cstackCOMRAM 00004D
INT0_SetInterruptHandler@InterruptHandler            cstackCOMRAM 00004D
INT0_SetInterruptHandler@ret                         cstackCOMRAM 00004F
INT1_SetInterruptHandler@InterruptHandler            cstackCOMRAM 00004D
INT1_SetInterruptHandler@ret                         cstackCOMRAM 00004F
INT2_SetInterruptHandler@InterruptHandler            cstackCOMRAM 00004D
INT2_SetInterruptHandler@ret                         cstackCOMRAM 00004F
Interrupt_INTx_Clear_Flag@int_obj                    cstackCOMRAM 00004D
Interrupt_INTx_Clear_Flag@ret                        cstackBANK0  0000E7
Interrupt_INTx_Disable@int_obj                       cstackCOMRAM 00004D
Interrupt_INTx_Disable@ret                           cstackBANK0  0000E7
Interrupt_INTx_Edge_Init@int_obj                     cstackCOMRAM 00004D
Interrupt_INTx_Edge_Init@ret                         cstackBANK0  0000E7
Interrupt_INTx_Enable@int_obj                        cstackCOMRAM 00004D
Interrupt_INTx_Enable@ret                            cstackBANK0  0000E7
Interrupt_INTx_Init@int_obj                          cstackBANK0  0000EF
Interrupt_INTx_Init@ret                              cstackBANK0  0000F1
Interrupt_INTx_Pin_Init@int_obj                      cstackBANK0  0000ED
Interrupt_INTx_Pin_Init@ret                          cstackCOMRAM 000050
Interrupt_INTx_SetInterruptHandler@int_obj           cstackBANK0  0000E7
Interrupt_INTx_SetInterruptHandler@ret               cstackCOMRAM 000050
MSSP_SPI_Msster_Mode_GPIO_PIN_Configurations@F3596   dataCOMRAM   000057
MSSP_SPI_Msster_Mode_GPIO_PIN_Configurations@F3598   dataCOMRAM   000056
MSSP_SPI_Msster_Mode_GPIO_PIN_Configurations@F3600   dataCOMRAM   000055
MSSP_SPI_Slave_Mode_GPIO_PIN_Configurations@F3605    dataCOMRAM   000054
MSSP_SPI_Slave_Mode_GPIO_PIN_Configurations@F3607    dataCOMRAM   000053
MSSP_SPI_Slave_Mode_GPIO_PIN_Configurations@F3609    dataCOMRAM   000052
MSSP_SPI_Slave_Mode_GPIO_PIN_Configurations@F3611    dataCOMRAM   000051
RB4_ISR@RB4_Source                                   cstackCOMRAM 00002F
RB5_ISR@RB5_Source                                   cstackCOMRAM 00002F
RB6_ISR@RB6_Source                                   cstackCOMRAM 00002F
RB7_ISR@RB7_Source                                   cstackCOMRAM 00002F
Timer0_Init@_timer                                   cstackBANK0  0000E7
Timer0_Init@ret                                      cstackCOMRAM 000050
Timer0_Mode_Select@_timer                            cstackCOMRAM 00004D
Timer0_Prescaler_Config@_timer                       cstackCOMRAM 00004D
Timer0_Register_Size_Config@_timer                   cstackCOMRAM 00004D
_ADCON0bits                                          (abs)        000FC2
_ADCON1bits                                          (abs)        000FC1
_ADCON2bits                                          (abs)        000FC0
_ADC_ISR                                             text65       002FB4
_ADC_InterruptHandler                                bssCOMRAM    000029
_ADRESH                                              (abs)        000FC4
_ADRESL                                              (abs)        000FC3
_BAUDCONbits                                         (abs)        000FB8
_CCP1CONbits                                         (abs)        000FBD
_CCP1_ISR                                            text64       002FB0
_CCP1_InterruptHandler                               bssCOMRAM    000027
_CCP2CONbits                                         (abs)        000FBA
_CCP2_ISR                                            text63       002FAC
_CCP2_InterruptHandler                               bssCOMRAM    000025
_CCPR1L                                              (abs)        000FBE
_CCPR2L                                              (abs)        000FBB
_EEADR                                               (abs)        000FA9
_EEADRH                                              (abs)        000FAA
_EECON1bits                                          (abs)        000FA6
_EECON2                                              (abs)        000FA7
_EEDATA                                              (abs)        000FA8
_EUSART_FramingErrorHandler                          bssBANK0     0000D9
_EUSART_OverrunErrorHandler                          bssBANK0     0000D7
_EUSART_RX_ISR                                       text62       002E10
_EUSART_RxInterruptHandler                           bssBANK0     0000DB
_EUSART_TX_ISR                                       text61       002FA8
_EUSART_TxInterruptHandler                           bssBANK0     0000DD
_I2C_DefaultInterruptHandle                          bssCOMRAM    000021
_I2C_Report_Receive_Overflow_InterruptHandle         bssBANK0     0000E5
_I2C_Report_Write_Collision_InterruptHandler         bssCOMRAM    000023
_INT0_ISR                                            text53       002DE2
_INT0_InterruptHandler                               bssCOMRAM    00001F
_INT0_SetInterruptHandler                            text16       002E90
_INT1_ISR                                            text52       002DB4
_INT1_InterruptHandler                               bssCOMRAM    00001D
_INT1_SetInterruptHandler                            text15       002E66
_INT2_ISR                                            text51       002D86
_INT2_InterruptHandler                               bssCOMRAM    00001B
_INT2_SetInterruptHandler                            text14       002E3C
_INTCON2bits                                         (abs)        000FF1
_INTCON3bits                                         (abs)        000FF0
_INTCONbits                                          (abs)        000FF2
_Int0_APP_ISR                                        text54       002AF6
_InterruptManager                                    intcode      000008
_Interrupt_INTx_Clear_Flag                           text22       00272A
_Interrupt_INTx_Disable                              text21       0026B4
_Interrupt_INTx_Edge_Init                            text20       001906
_Interrupt_INTx_Enable                               text19       002344
_Interrupt_INTx_Init                                 text12       0023C6
_Interrupt_INTx_Pin_Init                             text17       002D22
_Interrupt_INTx_SetInterruptHandler                  text13       002024
_LATA                                                (abs)        000F89
_LATB                                                (abs)        000F8A
_LATC                                                (abs)        000F8B
_LATD                                                (abs)        000F8C
_LATE                                                (abs)        000F8D
_MSSP_I2C_BC_ISR                                     text50       002FA4
_MSSP_I2C_ISR                                        text49       002FA0
_MSSP_SPI_ISR                                        text48       002F9A
_PIE1bits                                            (abs)        000F9D
_PIE2bits                                            (abs)        000FA0
_PIR1bits                                            (abs)        000F9E
_PIR2bits                                            (abs)        000FA1
_PORTA                                               (abs)        000F80
_PORTB                                               (abs)        000F81
_PORTBbits                                           (abs)        000F81
_PORTC                                               (abs)        000F82
_PORTD                                               (abs)        000F83
_PORTE                                               (abs)        000F84
_PR2                                                 (abs)        000FCB
_RB4_Flag                                            dataCOMRAM   00005B
_RB4_ISR                                             text47       002F50
_RB4_InterruptHandler_HIGH                           bssCOMRAM    000019
_RB4_InterruptHandler_LOW                            bssCOMRAM    000017
_RB5_Flag                                            dataCOMRAM   00005A
_RB5_ISR                                             text46       002F36
_RB5_InterruptHandler_HIGH                           bssCOMRAM    000015
_RB5_InterruptHandler_LOW                            bssCOMRAM    000013
_RB6_Flag                                            dataCOMRAM   000059
_RB6_ISR                                             text45       002F1C
_RB6_InterruptHandler_HIGH                           bssCOMRAM    000011
_RB6_InterruptHandler_LOW                            bssCOMRAM    00000F
_RB7_Flag                                            dataCOMRAM   000058
_RB7_ISR                                             text44       002F02
_RB7_InterruptHandler_HIGH                           bssCOMRAM    00000D
_RB7_InterruptHandler_LOW                            bssCOMRAM    00000B
_RCREG                                               (abs)        000FAE
_RCSTAbits                                           (abs)        000FAB
_ReadyTimeOfCarsToMoveFinishedHandler                text28       00263A
_ReadyTimeOfPedestriansToMoveFinishedHandler         text27       0025C0
_SPBRG                                               (abs)        000FAF
_SPBRGH                                              (abs)        000FB0
_SPI_InterruptHandler                                bssCOMRAM    000009
_SSPADD                                              (abs)        000FC8
_SSPBUF                                              (abs)        000FC9
_SSPCON1bits                                         (abs)        000FC6
_SSPCON2bits                                         (abs)        000FC5
_SSPSTATbits                                         (abs)        000FC7
_T0CONbits                                           (abs)        000FD5
_T1CONbits                                           (abs)        000FCD
_T2CONbits                                           (abs)        000FCA
_T3CONbits                                           (abs)        000FB1
_TMR0H                                               (abs)        000FD7
_TMR0L                                               (abs)        000FD6
_TMR0_DefualtInterruptHandler                        text43       0020D0
_TMR0_ISR                                            text42       002C84
_TMR0_InterruptHandler                               bssCOMRAM    000007
_TMR1H                                               (abs)        000FCF
_TMR1L                                               (abs)        000FCE
_TMR1_ISR                                            text41       002F86
_TMR1_InterruptHandler                               bssBANK0     0000E3
_TMR2                                                (abs)        000FCC
_TMR2_ISR                                            text40       002F92
_TMR2_InterruptHandler                               bssBANK0     0000E1
_TMR3H                                               (abs)        000FB3
_TMR3L                                               (abs)        000FB2
_TMR3_ISR                                            text39       002F7A
_TMR3_InterruptHandler                               bssBANK0     0000DF
_TRISA                                               (abs)        000F92
_TRISB                                               (abs)        000F93
_TRISC                                               (abs)        000F94
_TRISCbits                                           (abs)        000F94
_TRISD                                               (abs)        000F95
_TRISE                                               (abs)        000F96
_TXREG                                               (abs)        000FAD
_TXSTAbits                                           (abs)        000FAC
_TimeOfCarsMoveFinishedHandler                       text26       001E02
_TimeOfPedestriansMoveFinishedHandler                text25       001D44
_Timer0_Init                                         text8        00217A
_Timer0_Mode_Select                                  text11       002446
_Timer0_Prescaler_Config                             text10       002A9E
_Timer0_Register_Size_Config                         text9        002B9E
__HRAM                                               (abs)        000000
__H__absolute__                                      __absolute__ 000000
__Habs1                                              abs1         000000
__Hbank0                                             bank0        000000
__Hbank1                                             bank1        000000
__Hbank10                                            bank10       000000
__Hbank11                                            bank11       000000
__Hbank12                                            bank12       000000
__Hbank13                                            bank13       000000
__Hbank14                                            bank14       000000
__Hbank15                                            bank15       000000
__Hbank2                                             bank2        000000
__Hbank3                                             bank3        000000
__Hbank4                                             bank4        000000
__Hbank5                                             bank5        000000
__Hbank6                                             bank6        000000
__Hbank7                                             bank7        000000
__Hbank8                                             bank8        000000
__Hbank9                                             bank9        000000
__Hbigbss                                            bigbss       000000
__Hbigdata                                           bigdata      000000
__Hbigram                                            bigram       000000
__Hbigsfr                                            bigsfr       000000
__Hbss                                               bss          000000
__HbssBANK0                                          bssBANK0     000000
__HbssCOMRAM                                         bssCOMRAM    000000
__Hcinit                                             cinit        000000
__Hclrtext                                           clrtext      000000
__Hcomram                                            comram       000000
__Hconfig                                            config       30000E
__Hconst                                             const        000000
__HcstackBANK0                                       cstackBANK0  000000
__HcstackBANK1                                       cstackBANK1  000000
__HcstackCOMRAM                                      cstackCOMRAM 000000
__Hdata                                              data         000000
__HdataBANK0                                         dataBANK0    000000
__HdataCOMRAM                                        dataCOMRAM   000000
__Heeprom_data                                       eeprom_data  000000
__Hfarbss                                            farbss       000000
__Hfardata                                           fardata      000000
__Hheap                                              heap         000000
__Hibigdata                                          ibigdata     000000
__Hidata                                             idata        000000
__HidataBANK0                                        idataBANK0   000000
__HidataCOMRAM                                       idataCOMRAM  000000
__Hidloc                                             idloc        200008
__Hifardata                                          ifardata     000000
__Hinit                                              init         000012
__Hintcode                                           intcode      00000E
__Hintcode_body                                      intcode_body 000000
__Hintcodelo                                         intcodelo    00000E
__Hintentry                                          intentry     000000
__Hintret                                            intret       000000
__Hintsave_regs                                      intsave_regs 000000
__Hirdata                                            irdata       000000
__Hmediumconst                                       mediumconst  000000
__HnvBANK0                                           nvBANK0      000000
__HnvCOMRAM                                          nvCOMRAM     000000
__HnvFARRAM                                          nvFARRAM     000000
__Hnvbit                                             nvbit        000000
__Hnvrram                                            nvrram       000000
__Hparam                                             rparam       000000
__Hpowerup                                           powerup      00000E
__Hram                                               ram          000000
__Hramtop                                            ramtop       001000
__Hrbit                                              rbit         000000
__Hrbss                                              rbss         000000
__Hrdata                                             rdata        000000
__Hreset_vec                                         reset_vec    000004
__Hrparam                                            rparam       000000
__Hsfr                                               sfr          000000
__Hsmallconst                                        smallconst   0010C6
__Hspace_0                                           (abs)        002FB8
__Hspace_1                                           (abs)        000108
__Hspace_2                                           (abs)        000000
__Hspace_4                                           (abs)        60000E
__Hstack                                             stack        000000
__Hstruct                                            struct       000000
__Htemp                                              temp         000062
__Htext                                              text         000000
__Htext0                                             text0        000000
__Htext1                                             text1        000000
__Htext10                                            text10       000000
__Htext11                                            text11       000000
__Htext12                                            text12       000000
__Htext13                                            text13       000000
__Htext14                                            text14       000000
__Htext15                                            text15       000000
__Htext16                                            text16       000000
__Htext17                                            text17       000000
__Htext18                                            text18       000000
__Htext19                                            text19       000000
__Htext2                                             text2        000000
__Htext20                                            text20       000000
__Htext21                                            text21       000000
__Htext22                                            text22       000000
__Htext23                                            text23       000000
__Htext24                                            text24       000000
__Htext25                                            text25       000000
__Htext26                                            text26       000000
__Htext27                                            text27       000000
__Htext28                                            text28       000000
__Htext29                                            text29       000000
__Htext3                                             text3        000000
__Htext30                                            text30       000000
__Htext31                                            text31       000000
__Htext32                                            text32       000000
__Htext33                                            text33       000000
__Htext34                                            text34       000000
__Htext35                                            text35       000000
__Htext36                                            text36       000000
__Htext37                                            text37       000000
__Htext39                                            text39       000000
__Htext4                                             text4        000000
__Htext40                                            text40       000000
__Htext41                                            text41       000000
__Htext42                                            text42       000000
__Htext43                                            text43       000000
__Htext44                                            text44       000000
__Htext45                                            text45       000000
__Htext46                                            text46       000000
__Htext47                                            text47       000000
__Htext48                                            text48       000000
__Htext49                                            text49       000000
__Htext5                                             text5        000000
__Htext50                                            text50       000000
__Htext51                                            text51       000000
__Htext52                                            text52       000000
__Htext53                                            text53       000000
__Htext54                                            text54       000000
__Htext55                                            text55       000000
__Htext56                                            text56       000000
__Htext57                                            text57       000000
__Htext58                                            text58       000000
__Htext59                                            text59       000000
__Htext6                                             text6        000000
__Htext60                                            text60       000000
__Htext61                                            text61       000000
__Htext62                                            text62       000000
__Htext63                                            text63       000000
__Htext64                                            text64       000000
__Htext65                                            text65       000000
__Htext66                                            text66       000000
__Htext7                                             text7        000000
__Htext8                                             text8        000000
__Htext9                                             text9        000000
__LRAM                                               (abs)        000001
__L__absolute__                                      __absolute__ 000000
__Labs1                                              abs1         000000
__Lbank0                                             bank0        000000
__Lbank1                                             bank1        000000
__Lbank10                                            bank10       000000
__Lbank11                                            bank11       000000
__Lbank12                                            bank12       000000
__Lbank13                                            bank13       000000
__Lbank14                                            bank14       000000
__Lbank15                                            bank15       000000
__Lbank2                                             bank2        000000
__Lbank3                                             bank3        000000
__Lbank4                                             bank4        000000
__Lbank5                                             bank5        000000
__Lbank6                                             bank6        000000
__Lbank7                                             bank7        000000
__Lbank8                                             bank8        000000
__Lbank9                                             bank9        000000
__Lbigbss                                            bigbss       000000
__Lbigdata                                           bigdata      000000
__Lbigram                                            bigram       000000
__Lbigsfr                                            bigsfr       000000
__Lbss                                               bss          000000
__LbssBANK0                                          bssBANK0     000000
__LbssCOMRAM                                         bssCOMRAM    000000
__Lcinit                                             cinit        000000
__Lclrtext                                           clrtext      000000
__Lcomram                                            comram       000000
__Lconfig                                            config       000000
__Lconst                                             const        000000
__LcstackBANK0                                       cstackBANK0  000000
__LcstackBANK1                                       cstackBANK1  000000
__LcstackCOMRAM                                      cstackCOMRAM 000000
__Ldata                                              data         000000
__LdataBANK0                                         dataBANK0    000000
__LdataCOMRAM                                        dataCOMRAM   000000
__Leeprom_data                                       eeprom_data  000000
__Lfarbss                                            farbss       000000
__Lfardata                                           fardata      000000
__Lheap                                              heap         000000
__Libigdata                                          ibigdata     000000
__Lidata                                             idata        000000
__LidataBANK0                                        idataBANK0   000000
__LidataCOMRAM                                       idataCOMRAM  000000
__Lidloc                                             idloc        000000
__Lifardata                                          ifardata     000000
__Linit                                              init         00000E
__Lintcode                                           intcode      000008
__Lintcode_body                                      intcode_body 000000
__Lintcodelo                                         intcodelo    00000E
__Lintentry                                          intentry     000000
__Lintret                                            intret       000000
__Lintsave_regs                                      intsave_regs 000000
__Lirdata                                            irdata       000000
__Lmediumconst                                       mediumconst  000000
__LnvBANK0                                           nvBANK0      000000
__LnvCOMRAM                                          nvCOMRAM     000000
__LnvFARRAM                                          nvFARRAM     000000
__Lnvbit                                             nvbit        000000
__Lnvrram                                            nvrram       000000
__Lparam                                             rparam       000000
__Lpowerup                                           powerup      00000E
__Lram                                               ram          000000
__Lramtop                                            ramtop       001000
__Lrbit                                              rbit         000000
__Lrbss                                              rbss         000000
__Lrdata                                             rdata        000000
__Lreset_vec                                         reset_vec    000000
__Lrparam                                            rparam       000000
__Lsfr                                               sfr          000000
__Lsmallconst                                        smallconst   001000
__Lspace_0                                           (abs)        000000
__Lspace_1                                           (abs)        000000
__Lspace_2                                           (abs)        000000
__Lspace_4                                           (abs)        000000
__Lstack                                             stack        000000
__Lstruct                                            struct       000000
__Ltemp                                              temp         000061
__Ltext                                              text         000000
__Ltext0                                             text0        000000
__Ltext1                                             text1        000000
__Ltext10                                            text10       000000
__Ltext11                                            text11       000000
__Ltext12                                            text12       000000
__Ltext13                                            text13       000000
__Ltext14                                            text14       000000
__Ltext15                                            text15       000000
__Ltext16                                            text16       000000
__Ltext17                                            text17       000000
__Ltext18                                            text18       000000
__Ltext19                                            text19       000000
__Ltext2                                             text2        000000
__Ltext20                                            text20       000000
__Ltext21                                            text21       000000
__Ltext22                                            text22       000000
__Ltext23                                            text23       000000
__Ltext24                                            text24       000000
__Ltext25                                            text25       000000
__Ltext26                                            text26       000000
__Ltext27                                            text27       000000
__Ltext28                                            text28       000000
__Ltext29                                            text29       000000
__Ltext3                                             text3        000000
__Ltext30                                            text30       000000
__Ltext31                                            text31       000000
__Ltext32                                            text32       000000
__Ltext33                                            text33       000000
__Ltext34                                            text34       000000
__Ltext35                                            text35       000000
__Ltext36                                            text36       000000
__Ltext37                                            text37       000000
__Ltext39                                            text39       000000
__Ltext4                                             text4        000000
__Ltext40                                            text40       000000
__Ltext41                                            text41       000000
__Ltext42                                            text42       000000
__Ltext43                                            text43       000000
__Ltext44                                            text44       000000
__Ltext45                                            text45       000000
__Ltext46                                            text46       000000
__Ltext47                                            text47       000000
__Ltext48                                            text48       000000
__Ltext49                                            text49       000000
__Ltext5                                             text5        000000
__Ltext50                                            text50       000000
__Ltext51                                            text51       000000
__Ltext52                                            text52       000000
__Ltext53                                            text53       000000
__Ltext54                                            text54       000000
__Ltext55                                            text55       000000
__Ltext56                                            text56       000000
__Ltext57                                            text57       000000
__Ltext58                                            text58       000000
__Ltext59                                            text59       000000
__Ltext6                                             text6        000000
__Ltext60                                            text60       000000
__Ltext61                                            text61       000000
__Ltext62                                            text62       000000
__Ltext63                                            text63       000000
__Ltext64                                            text64       000000
__Ltext65                                            text65       000000
__Ltext66                                            text66       000000
__Ltext7                                             text7        000000
__Ltext8                                             text8        000000
__Ltext9                                             text9        000000
__S0                                                 (abs)        002FB8
__S1                                                 (abs)        000108
__S4                                                 (abs)        000000
__S5                                                 (abs)        000000
___awdiv                                             text24       001C7E
___awdiv@counter                                     cstackBANK0  0000E7
___awdiv@dividend                                    cstackCOMRAM 00004D
___awdiv@divisor                                     cstackCOMRAM 00004F
___awdiv@quotient                                    cstackBANK0  0000E9
___awdiv@sign                                        cstackBANK0  0000E8
___awmod                                             text23       001EC0
___awmod@counter                                     cstackBANK0  0000E7
___awmod@dividend                                    cstackCOMRAM 00004D
___awmod@divisor                                     cstackCOMRAM 00004F
___awmod@sign                                        cstackBANK0  0000E8
___heap_hi                                           (abs)        000000
___heap_lo                                           (abs)        000000
___inthi_sp                                          stack        000000
___intlo_sp                                          stack        000000
___param_bank                                        (abs)        000000
___rparam_used                                       (abs)        000001
___sp                                                stack        000000
__accesstop                                          (abs)        000080
__activetblptr                                       (abs)        000003
__end_of_ADC_ISR                                     text65       002FB8
__end_of_CCP1_ISR                                    text64       002FB4
__end_of_CCP2_ISR                                    text63       002FB0
__end_of_EUSART_RX_ISR                               text62       002E3C
__end_of_EUSART_TX_ISR                               text61       002FAC
__end_of_INT0_ISR                                    text53       002E10
__end_of_INT0_SetInterruptHandler                    text16       002EBA
__end_of_INT1_ISR                                    text52       002DE2
__end_of_INT1_SetInterruptHandler                    text15       002E90
__end_of_INT2_ISR                                    text51       002DB4
__end_of_INT2_SetInterruptHandler                    text14       002E66
__end_of_Int0_APP_ISR                                text54       002B4C
__end_of_InterruptManager                            intcode_body 00153E
__end_of_Interrupt_INTx_Clear_Flag                   text22       0027A0
__end_of_Interrupt_INTx_Disable                      text21       00272A
__end_of_Interrupt_INTx_Edge_Init                    text20       001A36
__end_of_Interrupt_INTx_Enable                       text19       0023C6
__end_of_Interrupt_INTx_Init                         text12       002446
__end_of_Interrupt_INTx_Pin_Init                     text17       002D54
__end_of_Interrupt_INTx_SetInterruptHandler          text13       0020D0
__end_of_MSSP_I2C_BC_ISR                             text50       002FA8
__end_of_MSSP_I2C_ISR                                text49       002FA4
__end_of_MSSP_SPI_ISR                                text48       002FA0
__end_of_RB4_ISR                                     text47       002F6A
__end_of_RB5_ISR                                     text46       002F50
__end_of_RB6_ISR                                     text45       002F36
__end_of_RB7_ISR                                     text44       002F1C
__end_of_ReadyTimeOfCarsToMoveFinishedHandler        text28       0026B4
__end_of_ReadyTimeOfPedestriansToMoveFinishedHandler text27       00263A
__end_of_TMR0_DefualtInterruptHandler                text43       00217A
__end_of_TMR0_ISR                                    text42       002CBA
__end_of_TMR1_ISR                                    text41       002F92
__end_of_TMR2_ISR                                    text40       002F9A
__end_of_TMR3_ISR                                    text39       002F86
__end_of_TimeOfCarsMoveFinishedHandler               text26       001EC0
__end_of_TimeOfPedestriansMoveFinishedHandler        text25       001E02
__end_of_Timer0_Init                                 text8        002222
__end_of_Timer0_Mode_Select                          text11       0024C4
__end_of_Timer0_Prescaler_Config                     text10       002AF6
__end_of_Timer0_Register_Size_Config                 text9        002BDC
__end_of___awdiv                                     text24       001D44
__end_of___awmod                                     text23       001F72
__end_of__initialization                             cinit        002A94
__end_of_application_initialize                      text2        002F02
__end_of_btn_values                                  smallconst   001011
__end_of_ecu_layer_init                              text3        002812
__end_of_gpio_pin_direction_intialize                text18       0017D4
__end_of_gpio_pin_intialize                          text7        002884
__end_of_gpio_pin_write_logic                        text37       001906
__end_of_lcd_4bit_clear                              text56       002EE0
__end_of_lcd_4bit_intialize                          text6        00168A
__end_of_lcd_4bit_send_char_data                     text34       0025C0
__end_of_lcd_4bit_send_command                       text33       002542
__end_of_lcd_4bit_send_enable_signal                 text36       002C18
__end_of_lcd_4bit_send_string_pos                    text31       002344
__end_of_lcd_4bit_set_cursor                         text32       002024
__end_of_lcd_send_4bits                              text35       0028F6
__end_of_led_initialize                              text5        002D22
__end_of_led_turn_off                                text30       002C84
__end_of_led_turn_on                                 text29       002C4E
__end_of_main                                        text0        001C7E
__end_of_seven_segement_intialize                    text4        0029D4
__end_of_seven_segement_write_number                 text1        0022C0
__end_ofi2_gpio_pin_write_logic                      text60       001B62
__end_ofi2_lcd_4bit_send_command                     text57       002968
__end_ofi2_lcd_4bit_send_enable_signal               text59       002CF0
__end_ofi2_lcd_send_4bits                            text58       002A3C
__end_ofi2_led_turn_off                              text55       002D86
__initialization                                     cinit        002A3C
__mediumconst                                        mediumconst  000000
__pbssBANK0                                          bssBANK0     0000D1
__pbssCOMRAM                                         bssCOMRAM    000001
__pcinit                                             cinit        002A3C
__pcstackBANK0                                       cstackBANK0  0000E7
__pcstackBANK1                                       cstackBANK1  000100
__pcstackCOMRAM                                      cstackCOMRAM 00002F
__pdataBANK0                                         dataBANK0    000080
__pdataCOMRAM                                        dataCOMRAM   000051
__pidataBANK0                                        idataBANK0   002B4C
__pidataCOMRAM                                       idataCOMRAM  002F6A
__pintcode                                           intcode      000008
__pintcode_body                                      intcode_body 0010C6
__pnvBANK0                                           nvBANK0      0000FD
__pnvCOMRAM                                          nvCOMRAM     000060
__psmallconst                                        smallconst   001000
__ptext0                                             text0        001B62
__ptext1                                             text1        002222
__ptext10                                            text10       002A9E
__ptext11                                            text11       002446
__ptext12                                            text12       0023C6
__ptext13                                            text13       002024
__ptext14                                            text14       002E3C
__ptext15                                            text15       002E66
__ptext16                                            text16       002E90
__ptext17                                            text17       002D22
__ptext18                                            text18       00168A
__ptext19                                            text19       002344
__ptext2                                             text2        002EE0
__ptext20                                            text20       001906
__ptext21                                            text21       0026B4
__ptext22                                            text22       00272A
__ptext23                                            text23       001EC0
__ptext24                                            text24       001C7E
__ptext25                                            text25       001D44
__ptext26                                            text26       001E02
__ptext27                                            text27       0025C0
__ptext28                                            text28       00263A
__ptext29                                            text29       002C18
__ptext3                                             text3        0027A0
__ptext30                                            text30       002C4E
__ptext31                                            text31       0022C0
__ptext32                                            text32       001F72
__ptext33                                            text33       0024C4
__ptext34                                            text34       002542
__ptext35                                            text35       002884
__ptext36                                            text36       002BDC
__ptext37                                            text37       0017D4
__ptext39                                            text39       002F7A
__ptext4                                             text4        002968
__ptext40                                            text40       002F92
__ptext41                                            text41       002F86
__ptext42                                            text42       002C84
__ptext43                                            text43       0020D0
__ptext44                                            text44       002F02
__ptext45                                            text45       002F1C
__ptext46                                            text46       002F36
__ptext47                                            text47       002F50
__ptext48                                            text48       002F9A
__ptext49                                            text49       002FA0
__ptext5                                             text5        002CF0
__ptext50                                            text50       002FA4
__ptext51                                            text51       002D86
__ptext52                                            text52       002DB4
__ptext53                                            text53       002DE2
__ptext54                                            text54       002AF6
__ptext55                                            text55       002D54
__ptext56                                            text56       002EBA
__ptext57                                            text57       0028F6
__ptext58                                            text58       0029D4
__ptext59                                            text59       002CBA
__ptext6                                             text6        00153E
__ptext60                                            text60       001A36
__ptext61                                            text61       002FA8
__ptext62                                            text62       002E10
__ptext63                                            text63       002FAC
__ptext64                                            text64       002FB0
__ptext65                                            text65       002FB4
__ptext66                                            text66       000000
__ptext7                                             text7        002812
__ptext8                                             text8        00217A
__ptext9                                             text9        002B9E
__ramtop                                             ramtop       001000
__smallconst                                         smallconst   001000
_application_initialize                              text2        002EE0
_btn_values                                          smallconst   001001
_dc_motor_1                                          dataBANK0    0000B2
_dc_motor_2                                          dataBANK0    0000B0
_ecu_layer_init                                      text3        0027A0
_gpio_pin_direction_intialize                        text18       00168A
_gpio_pin_intialize                                  text7        002812
_gpio_pin_write_logic                                text37       0017D4
_int0_obj                                            dataBANK0    0000BB
_keypad1                                             dataBANK0    0000A8
_lat_registers                                       dataBANK0    00008A
_lcd_1                                               dataBANK0    0000C1
_lcd_2                                               dataBANK0    00009E
_lcd_4bit_clear                                      text56       002EBA
_lcd_4bit_intialize                                  text6        00153E
_lcd_4bit_send_char_data                             text34       002542
_lcd_4bit_send_command                               text33       0024C4
_lcd_4bit_send_enable_signal                         text36       002BDC
_lcd_4bit_send_string_pos                            text31       0022C0
_lcd_4bit_set_cursor                                 text32       001F72
_lcd_send_4bits                                      text35       002884
_led_green_car                                       dataCOMRAM   00005F
_led_green_people                                    dataCOMRAM   00005D
_led_initialize                                      text5        002CF0
_led_red_car                                         bssCOMRAM    00002E
_led_red_people                                      dataCOMRAM   00005E
_led_turn_off                                        text30       002C4E
_led_turn_on                                         text29       002C18
_main                                                text0        001B62
_next_state                                          bssCOMRAM    00002B
_next_traffic_light_event                            nvBANK0      0000FF
_port_registers                                      dataBANK0    000080
_ready_yellow                                        dataCOMRAM   00005C
_ret                                                 nvBANK0      0000FE
_seg1                                                dataBANK0    0000CC
_seg2                                                dataBANK0    0000C7
_seven_seg_cnt                                       bssCOMRAM    00002C
_seven_segement_intialize                            text4        002968
_seven_segement_write_number                         text1        002222
_timer0                                              dataBANK0    0000B4
_timer0_preload                                      bssCOMRAM    000005
_timer1_preload                                      bssCOMRAM    000003
_timer2_preload                                      bssCOMRAM    00002D
_timer3_preload                                      bssCOMRAM    000001
_traffic_light_event                                 nvCOMRAM     000060
_traffic_light_state                                 nvBANK0      0000FD
_tris_registers                                      dataBANK0    000094
btemp                                                temp         000061
end_of_initialization                                cinit        002A94
gpio_pin_direction_intialize@_pin_config             cstackCOMRAM 00004D
gpio_pin_direction_intialize@ret                     cstackCOMRAM 00004F
gpio_pin_intialize@_pin_config                       cstackBANK0  0000ED
gpio_pin_intialize@ret                               cstackBANK0  0000F0
gpio_pin_write_logic@_pin_config                     cstackCOMRAM 00004D
gpio_pin_write_logic@logic                           cstackCOMRAM 00004F
gpio_pin_write_logic@ret                             cstackCOMRAM 000050
i2_gpio_pin_write_logic                              text60       001A36
i2_lcd_4bit_send_command                             text57       0028F6
i2_lcd_4bit_send_enable_signal                       text59       002CBA
i2_lcd_send_4bits                                    text58       0029D4
i2_led_turn_off                                      text55       002D54
i2gpio_pin_write_logic@_pin_config                   cstackCOMRAM 00002F
i2gpio_pin_write_logic@logic                         cstackCOMRAM 000031
i2gpio_pin_write_logic@ret                           cstackCOMRAM 000038
i2lcd_4bit_send_command@command                      cstackCOMRAM 00003F
i2lcd_4bit_send_command@lcd                          cstackCOMRAM 00003D
i2lcd_4bit_send_command@ret                          cstackCOMRAM 000040
i2lcd_4bit_send_enable_signal@lcd                    cstackCOMRAM 000039
i2lcd_4bit_send_enable_signal@ret                    cstackCOMRAM 00003B
i2lcd_send_4bits@_data_command                       cstackCOMRAM 00003B
i2lcd_send_4bits@lcd                                 cstackCOMRAM 000039
i2lcd_send_4bits@ret                                 cstackCOMRAM 00003C
i2led_turn_off@led                                   cstackCOMRAM 000039
i2led_turn_off@ret                                   cstackCOMRAM 00003B
int$flags                                            temp         000061
int_func                                             intcode_body 0010C6
intlevel0                                            text         000000
intlevel1                                            text         000000
intlevel2                                            text         000000
intlevel3                                            text         000000
isa$std                                              (abs)        000001
isa$xinst                                            (abs)        000000
lcd_4bit_clear@lcd                                   cstackCOMRAM 000041
lcd_4bit_clear@ret                                   cstackCOMRAM 000043
lcd_4bit_intialize@l_data_pins_counter               cstackBANK0  0000F9
lcd_4bit_intialize@lcd                               cstackBANK0  0000F5
lcd_4bit_intialize@ret                               cstackBANK0  0000FA
lcd_4bit_send_char_data@data                         cstackBANK0  0000F3
lcd_4bit_send_char_data@lcd                          cstackBANK0  0000F1
lcd_4bit_send_char_data@ret                          cstackBANK0  0000F4
lcd_4bit_send_command@command                        cstackBANK0  0000F3
lcd_4bit_send_command@lcd                            cstackBANK0  0000F1
lcd_4bit_send_command@ret                            cstackBANK0  0000F4
lcd_4bit_send_enable_signal@lcd                      cstackBANK0  0000ED
lcd_4bit_send_enable_signal@ret                      cstackBANK0  0000EF
lcd_4bit_send_string_pos@column                      cstackBANK1  000103
lcd_4bit_send_string_pos@lcd                         cstackBANK1  000100
lcd_4bit_send_string_pos@ret                         cstackBANK0  0000FC
lcd_4bit_send_string_pos@row                         cstackBANK1  000102
lcd_4bit_send_string_pos@str                         cstackBANK1  000104
lcd_4bit_set_cursor@coulmn                           cstackBANK0  0000F8
lcd_4bit_set_cursor@lcd                              cstackBANK0  0000F5
lcd_4bit_set_cursor@ret                              cstackBANK0  0000FB
lcd_4bit_set_cursor@row                              cstackBANK0  0000F7
lcd_send_4bits@_data_command                         cstackBANK0  0000EF
lcd_send_4bits@lcd                                   cstackBANK0  0000ED
lcd_send_4bits@ret                                   cstackBANK0  0000F0
led_initialize@led                                   cstackBANK0  0000F1
led_initialize@ret                                   cstackBANK0  0000F3
led_turn_off@led                                     cstackBANK0  0000ED
led_turn_off@ret                                     cstackBANK0  0000EF
led_turn_on@led                                      cstackBANK0  0000ED
led_turn_on@ret                                      cstackBANK0  0000EF
seven_segement_intialize@ret                         cstackBANK0  0000F3
seven_segement_intialize@seg                         cstackBANK0  0000F1
seven_segement_write_number@number                   cstackBANK0  0000EF
seven_segement_write_number@ret                      cstackBANK0  0000F0
seven_segement_write_number@seg                      cstackBANK0  0000ED
stackhi                                              (abs)        000000
stacklo                                              (abs)        000000
start                                                init         00000E
start_initialization                                 cinit        002A3C
ttemp5                                               temp         000062
ttemp6                                               temp         000065
ttemp7                                               temp         000069
wtemp8                                               temp         000062


MODULE INFORMATION

Module		Function		Class		Link	Load	Size
C:\Program Files\Microchip\xc8\v2.41\pic\sources\c99\common\awmod.c
		___awmod       		CODE           	1EC0	0000	178

C:\Program Files\Microchip\xc8\v2.41\pic\sources\c99\common\awmod.c estimated size: 178

MCAL_Layer/Timer2/hal_timr2.c
		_TMR2_ISR      		CODE           	2F92	0000	8

MCAL_Layer/Timer2/hal_timr2.c estimated size: 8

MCAL_Layer/Timer0/hal_timr0.c
		_Timer0_Register_Size_Config		CODE           	2B9E	0000	62
		_Timer0_Init   		CODE           	217A	0000	168
		_Timer0_Prescaler_Config		CODE           	2A9E	0000	88
		_Timer0_Mode_Select		CODE           	2446	0000	126
		_TMR0_ISR      		CODE           	2C84	0000	54

MCAL_Layer/Timer0/hal_timr0.c estimated size: 498

ECU_Layer/7_Segment/ecu_seven_segment.c
		_seven_segement_write_number		CODE           	2222	0000	158
		_seven_segement_intialize		CODE           	2968	0000	108

ECU_Layer/7_Segment/ecu_seven_segment.c estimated size: 266

MCAL_Layer/SPI/hal_spi.c
		_MSSP_SPI_ISR  		CODE           	2F9A	0000	6

MCAL_Layer/SPI/hal_spi.c estimated size: 6

C:\Program Files\Microchip\xc8\v2.41\pic\sources\c99\common\awdiv.c
		___awdiv       		CODE           	1C7E	0000	198

C:\Program Files\Microchip\xc8\v2.41\pic\sources\c99\common\awdiv.c estimated size: 198

ECU_Layer/Chr_LCD/ecu_chr_lcd.c
		_lcd_4bit_clear		CODE           	2EBA	0000	38
		_lcd_4bit_send_command		CODE           	24C4	0000	126
		_lcd_4bit_send_string_pos		CODE           	22C0	0000	132
		_lcd_4bit_send_char_data		CODE           	2542	0000	126
		_lcd_send_4bits		CODE           	2884	0000	114
		_lcd_4bit_intialize		CODE           	153E	0000	332
		_lcd_4bit_set_cursor		CODE           	1F72	0000	178
		_lcd_4bit_send_enable_signal		CODE           	2BDC	0000	60

ECU_Layer/Chr_LCD/ecu_chr_lcd.c estimated size: 1106

MCAL_Layer/I2C/hal_i2c.c
		_MSSP_I2C_ISR  		CODE           	2FA0	0000	4
		_MSSP_I2C_BC_ISR		CODE           	2FA4	0000	4

MCAL_Layer/I2C/hal_i2c.c estimated size: 8

MCAL_Layer/usart/hal_usart.c
		_EUSART_RX_ISR 		CODE           	2E10	0000	44
		_EUSART_TX_ISR 		CODE           	2FA8	0000	4

MCAL_Layer/usart/hal_usart.c estimated size: 48

MCAL_Layer/Timer3/hal_timr3.c
		_TMR3_ISR      		CODE           	2F7A	0000	12

MCAL_Layer/Timer3/hal_timr3.c estimated size: 12

shared
		i2_lcd_send_4bits		CODE           	29D4	0000	104
		i2_lcd_4bit_send_command		CODE           	28F6	0000	114
		i2_lcd_4bit_send_enable_signal		CODE           	2CBA	0000	54
		_btn_values    		SMALLCONST     	1001	0000	16
		__initialization		CODE           	2A3C	0000	88
		i2_gpio_pin_write_logic		CODE           	1A36	0000	300
		i2_led_turn_off		CODE           	2D54	0000	50

shared estimated size: 726

MCAL_Layer/Interrupt/mcal_external_interrupt.c
		_INT0_SetInterruptHandler		CODE           	2E90	0000	42
		_Interrupt_INTx_Clear_Flag		CODE           	272A	0000	118
		_Interrupt_INTx_SetInterruptHandler		CODE           	2024	0000	172
		_INT1_SetInterruptHandler		CODE           	2E66	0000	42
		_Interrupt_INTx_Enable		CODE           	2344	0000	130
		_RB4_ISR       		CODE           	2F50	0000	26
		_INT2_SetInterruptHandler		CODE           	2E3C	0000	42
		_RB5_ISR       		CODE           	2F36	0000	26
		_RB6_ISR       		CODE           	2F1C	0000	26
		_RB7_ISR       		CODE           	2F02	0000	26
		_Interrupt_INTx_Edge_Init		CODE           	1906	0000	304
		_Interrupt_INTx_Init		CODE           	23C6	0000	128
		_Interrupt_INTx_Disable		CODE           	26B4	0000	118
		_INT0_ISR      		CODE           	2DE2	0000	46
		_Interrupt_INTx_Pin_Init		CODE           	2D22	0000	50
		_INT1_ISR      		CODE           	2DB4	0000	46
		_INT2_ISR      		CODE           	2D86	0000	46

MCAL_Layer/Interrupt/mcal_external_interrupt.c estimated size: 1388

MCAL_Layer/ADC/hal_adc.c
		_ADC_ISR       		CODE           	2FB4	0000	4

MCAL_Layer/ADC/hal_adc.c estimated size: 4

MCAL_Layer/Interrupt/mcal_interrupt_manager.c
		_InterruptManager		CODE           	0008	0000	1150

MCAL_Layer/Interrupt/mcal_interrupt_manager.c estimated size: 1150

MCAL_Layer/GPIO/hal_gpio.c
		_gpio_pin_write_logic		CODE           	17D4	0000	306
		_gpio_pin_intialize		CODE           	2812	0000	114
		_gpio_pin_direction_intialize		CODE           	168A	0000	330

MCAL_Layer/GPIO/hal_gpio.c estimated size: 750

ECU_Layer/LED/ecu_led.c
		_led_initialize		CODE           	2CF0	0000	50
		_led_turn_on   		CODE           	2C18	0000	54
		_led_turn_off  		CODE           	2C4E	0000	54

ECU_Layer/LED/ecu_led.c estimated size: 158

MCAL_Layer/Timer1/hal_timr1.c
		_TMR1_ISR      		CODE           	2F86	0000	12

MCAL_Layer/Timer1/hal_timr1.c estimated size: 12

ECU_Layer/ecu_layer_init.c
		_ecu_layer_init		CODE           	27A0	0000	114

ECU_Layer/ecu_layer_init.c estimated size: 114

application.c
		_Int0_APP_ISR  		CODE           	2AF6	0000	86
		_TimeOfCarsMoveFinishedHandler		CODE           	1E02	0000	190
		_application_initialize		CODE           	2EE0	0000	34
		_main          		CODE           	1B62	0000	284
		_TMR0_DefualtInterruptHandler		CODE           	20D0	0000	170
		_TimeOfPedestriansMoveFinishedHandler		CODE           	1D44	0000	190
		_ReadyTimeOfPedestriansToMoveFinishedHandler		CODE           	25C0	0000	122
		_ReadyTimeOfCarsToMoveFinishedHandler		CODE           	263A	0000	122

application.c estimated size: 1198

MCAL_Layer/CCP/hal_ccp.c
		_CCP1_ISR      		CODE           	2FB0	0000	4
		_CCP2_ISR      		CODE           	2FAC	0000	4

MCAL_Layer/CCP/hal_ccp.c estimated size: 8

