Microchip MPLAB XC8 Compiler V2.41

Linker command line:

-W-3 \
  --edf=C:/Program Files/Microchip/MPLABX/v6.15/packs/Microchip/PIC18Fxxxx_DFP/1.4.151/xc8\pic\dat\20230323171731_en.msgs \
  -cn -h+dist/default/debug\APP.debug.sym \
  --cmf=dist/default/debug\APP.debug.cmf -z -Q18F4620 \
  -oC:\Users\user\AppData\Local\Temp\xcAskao.\driver_tmp_3.o \
  --defsym=__MPLAB_BUILD=1 --fixupoverflow=error \
  -Mdist/default/debug/APP.debug.map \
  --md=C:\Users\user\AppData\Local\Temp\xcAskao.\driver_tmp_0.dat -E1 \
  -ver=XC8 Compiler --acfsm=1493 -ACODE=00h-0FFFFh -ACONST=00h-0FFFFh \
  -ASMALLCONST=01000h-010FFhx240 -AMEDIUMCONST=01000h-0FFFFh \
  -ACOMRAM=01h-07Fh -AABS1=00h-0F7Fh -ABIGRAM=01h-0F7Fh \
  -ARAM=080h-0FFh,0100h-01FFhx14,0F00h-0F7Fh -ABANK0=080h-0FFh \
  -ABANK1=0100h-01FFh -ABANK2=0200h-02FFh -ABANK3=0300h-03FFh \
  -ABANK4=0400h-04FFh -ABANK5=0500h-05FFh -ABANK6=0600h-06FFh \
  -ABANK7=0700h-07FFh -ABANK8=0800h-08FFh -ABANK9=0900h-09FFh \
  -ABANK10=0A00h-0AFFh -ABANK11=0B00h-0BFFh -ABANK12=0C00h-0CFFh \
  -ABANK13=0D00h-0DFFh -ABANK14=0E00h-0EFFh -ABANK15=0F00h-0F7Fh \
  -ASFR=0F80h-0FFFh -ABIGSFR=0F80h-0FFFh -ACONFIG=0300000h-030000Dh \
  -AIDLOC=0200000h-0200007h -AEEDATA=0F00000h-0F003FFh -peeprom_data=EEDATA \
  -preset_vec=00h,intcode=08h,intcodelo,powerup,init -pramtop=01000h \
  -psmallconst=SMALLCONST -pmediumconst=MEDIUMCONST -pconst=CONST \
  -AFARRAM=00h-00h \
  -prdata=COMRAM,nvrram=COMRAM,nvbit=COMRAM,rbss=COMRAM,rbit=COMRAM \
  -pfarbss=FARRAM,fardata=FARRAM,nvFARRAM=FARRAM \
  -pintsave_regs=BIGRAM,bigbss=BIGRAM,bigdata=BIGRAM -pbss=RAM \
  -pidata=CODE,irdata=CODE,ibigdata=CODE,ifardata=CODE -prparam=COMRAM \
  C:\Users\user\AppData\Local\Temp\xcAskao.\driver_tmp_14.o \
  dist/default/debug\APP.debug.o 

Object code version is 3.11

Machine type is 18F4620



                Name                               Link     Load   Length Selector   Space Scale
C:\Users\user\AppData\Local\Temp\xcAskao.\driver_tmp_14.o
                idloc                            200000   200000        8        0       5
                config                           300000   300000        E        0       4
                init                                  E        E        4        4       0
                reset_vec                             0        0        4        0       0
dist/default/debug\APP.debug.o
                intcode                               8        8        6        4       0
                idloc                            200000   200000        8        0       5
                config                           300000   300000        E        0       4
                temp                                 72       72        1        1       1
                smallconst                         1000     1000       3C      800       0
                text75                             3CB8     3CB8       C4      81E       0
                text74                             4A26     4A26       1C     2324       0
                text73                             4978     4978       30     2324       0
                text72                             4B2C     4B2C        4     2583       0
                text71                             4948     4948       30     2324       0
                text70                             49D6     49D6       2C     2324       0
                text69                             4B28     4B28        4     2583       0
                text68                             4B24     4B24        4     2583       0
                text67                             4B20     4B20        4     2583       0
                text66                             4B1C     4B1C        4     2583       0
                text65                             4B18     4B18        4     2583       0
                text64                             4B14     4B14        4     2583       0
                text63                             4B0E     4B0E        6     2583       0
                text62                             4AAA     4AAA       1A     2324       0
                text61                             4A90     4A90       1A     2324       0
                text60                             4A76     4A76       1A     2324       0
                text59                             4A5C     4A5C       1A     2324       0
                text58                             4AE0     4AE0        E     2324       0
                text57                             4AEE     4AEE        C     2324       0
                text56                             4B06     4B06        8     2583       0
                text55                             4AD2     4AD2        E     2324       0
                intcode_body                       14FC     14FC      468      81E       0
                text53                             3A52     3A52       D8      81E       0
                text52                             48A0     48A0       3A     2324       0
                text51                             4A02     4A02       24     2324       0
                text50                             47A4     47A4       44     2324       0
                text49                             103C     103C      4C0      81E       0
                text48                             2142     2142      39A      81E       0
                text47                             1964     1964      42A      81E       0
                text46                             3740     3740      108      81E       0
                text45                             2974     2974      1B4      81E       0
                text44                             2B28     2B28      1A0      81E       0
                text43                             44B2     44B2       66      81E       0
                text42                             45B4     45B4       4A      81E       0
                text41                             4760     4760       44     2324       0
                text40                             3D7C     3D7C       C0      81E       0
                text39                             436E     436E       70      81E       0
                text38                             3280     3280      140      81E       0
                text37                             2FD4     2FD4      168      81E       0
                text36                             4866     4866       3A     2324       0
                text35                             279C     279C      1D8      81E       0
                text34                             313C     313C      144      81E       0
                text33                             34EC     34EC      12C      81E       0
                text32                             43DE     43DE       6C      81E       0
                text31                             3848     3848      106      81E       0
                text30                             40F0     40F0       9A      81E       0
                text29                             4828     4828       3E     2324       0
                text28                             4912     4912       36     2324       0
                text27                             444A     444A       68      81E       0
                text26                             42FC     42FC       72      81E       0
                text25                             3618     3618      128      81E       0
                text24                             4A42     4A42       1A     2324       0
                text23                             49A8     49A8       2E     2324       0
                text22                             2E5E     2E5E      176      81E       0
                text21                             3BF4     3BF4       C4      81E       0
                text20                             3EF8     3EF8       B0      81E       0
                text19                             47E8     47E8       40     2324       0
                text18                             4B30     4B30        2     2583       0
                text17                             3B2A     3B2A       CA      81E       0
                text16                             471C     471C       44     2324       0
                text15                             4210     4210       7A      81E       0
                text14                             2CC8     2CC8      196      81E       0
                text13                             33C0     33C0      12C      81E       0
                text12                             4518     4518       50      81E       0
                text11                             4568     4568       4C      81E       0
                text10                             3E3C     3E3C       BC      81E       0
                text9                              46D6     46D6       46     2324       0
                text8                              4690     4690       46     2324       0
                text7                              428A     428A       72      81E       0
                text6                              3FA8     3FA8       A8      81E       0
                text5                              4050     4050       A0      81E       0
                text4                              394E     394E      104      81E       0
                text3                              48DA     48DA       38     2324       0
                text2                              4648     4648       48     2324       0
                text1                              1D8E     1D8E      3B4      81E       0
                text0                              24DC     24DC      2C0      81E       0
                cstackCOMRAM                          1        1       64        1       1
                cstackBANK0                          C4       C4       2C       80       1
                cstackBANK1                         17B      17B        D      100       1
                dataBANK1                           100      100       49      100       1
                bssBANK1                            149      149       32      100       1
                dataBANK0                            F0       F0        E       80       1
                bssBANK0                             80       80       44       80       1
                dataCOMRAM                           65       65        B        1       1
                bssCOMRAM                            70       70        2        1       1
                cinit                              418A     418A       86      81E       0
                nvBANK0                              FE       FE        2       80       1
                idataBANK1                         45FE     45FE       49      81E       0
                idataBANK0                         4AC4     4AC4        E     2324       0
                idataCOMRAM                        4AFA     4AFA        B     2324       0

TOTAL           Name                               Link     Load   Length     Space
        CLASS   CODE           
                intcode                               8        8        6         0
                init                                  E        E        4         0
                reset_vec                             0        0        4         0
                text75                             3CB8     3CB8       C4         0
                text74                             4A26     4A26       1C         0
                text73                             4978     4978       30         0
                text72                             4B2C     4B2C        4         0
                text71                             4948     4948       30         0
                text70                             49D6     49D6       2C         0
                text69                             4B28     4B28        4         0
                text68                             4B24     4B24        4         0
                text67                             4B20     4B20        4         0
                text66                             4B1C     4B1C        4         0
                text65                             4B18     4B18        4         0
                text64                             4B14     4B14        4         0
                text63                             4B0E     4B0E        6         0
                text62                             4AAA     4AAA       1A         0
                text61                             4A90     4A90       1A         0
                text60                             4A76     4A76       1A         0
                text59                             4A5C     4A5C       1A         0
                text58                             4AE0     4AE0        E         0
                text57                             4AEE     4AEE        C         0
                text56                             4B06     4B06        8         0
                text55                             4AD2     4AD2        E         0
                intcode_body                       14FC     14FC      468         0
                text53                             3A52     3A52       D8         0
                text52                             48A0     48A0       3A         0
                text51                             4A02     4A02       24         0
                text50                             47A4     47A4       44         0
                text49                             103C     103C      4C0         0
                text48                             2142     2142      39A         0
                text47                             1964     1964      42A         0
                text46                             3740     3740      108         0
                text45                             2974     2974      1B4         0
                text44                             2B28     2B28      1A0         0
                text43                             44B2     44B2       66         0
                text42                             45B4     45B4       4A         0
                text41                             4760     4760       44         0
                text40                             3D7C     3D7C       C0         0
                text39                             436E     436E       70         0
                text38                             3280     3280      140         0
                text37                             2FD4     2FD4      168         0
                text36                             4866     4866       3A         0
                text35                             279C     279C      1D8         0
                text34                             313C     313C      144         0
                text33                             34EC     34EC      12C         0
                text32                             43DE     43DE       6C         0
                text31                             3848     3848      106         0
                text30                             40F0     40F0       9A         0
                text29                             4828     4828       3E         0
                text28                             4912     4912       36         0
                text27                             444A     444A       68         0
                text26                             42FC     42FC       72         0
                text25                             3618     3618      128         0
                text24                             4A42     4A42       1A         0
                text23                             49A8     49A8       2E         0
                text22                             2E5E     2E5E      176         0
                text21                             3BF4     3BF4       C4         0
                text20                             3EF8     3EF8       B0         0
                text19                             47E8     47E8       40         0
                text18                             4B30     4B30        2         0
                text17                             3B2A     3B2A       CA         0
                text16                             471C     471C       44         0
                text15                             4210     4210       7A         0
                text14                             2CC8     2CC8      196         0
                text13                             33C0     33C0      12C         0
                text12                             4518     4518       50         0
                text11                             4568     4568       4C         0
                text10                             3E3C     3E3C       BC         0
                text9                              46D6     46D6       46         0
                text8                              4690     4690       46         0
                text7                              428A     428A       72         0
                text6                              3FA8     3FA8       A8         0
                text5                              4050     4050       A0         0
                text4                              394E     394E      104         0
                text3                              48DA     48DA       38         0
                text2                              4648     4648       48         0
                text1                              1D8E     1D8E      3B4         0
                text0                              24DC     24DC      2C0         0
                cinit                              418A     418A       86         0
                idataBANK1                         45FE     45FE       49         0
                idataBANK0                         4AC4     4AC4        E         0
                idataCOMRAM                        4AFA     4AFA        B         0

        CLASS   CONST          

        CLASS   SMALLCONST     
                smallconst                         1000     1000       3C         0

        CLASS   MEDIUMCONST    

        CLASS   COMRAM         
                temp                                 72       72        1         1
                cstackCOMRAM                          1        1       64         1
                dataCOMRAM                           65       65        B         1
                bssCOMRAM                            70       70        2         1

        CLASS   ABS1           

        CLASS   BIGRAM         

        CLASS   RAM            

        CLASS   BANK0          
                cstackBANK0                          C4       C4       2C         1
                dataBANK0                            F0       F0        E         1
                bssBANK0                             80       80       44         1
                nvBANK0                              FE       FE        2         1

        CLASS   BANK1          
                cstackBANK1                         17B      17B        D         1
                dataBANK1                           100      100       49         1
                bssBANK1                            149      149       32         1

        CLASS   BANK2          

        CLASS   BANK3          

        CLASS   BANK4          

        CLASS   BANK5          

        CLASS   BANK6          

        CLASS   BANK7          

        CLASS   BANK8          

        CLASS   BANK9          

        CLASS   BANK10         

        CLASS   BANK11         

        CLASS   BANK12         

        CLASS   BANK13         

        CLASS   BANK14         

        CLASS   BANK15         

        CLASS   SFR            

        CLASS   BIGSFR         

        CLASS   CONFIG         
                config                           300000   300000        E         4

        CLASS   IDLOC          
                idloc                            200000   200000        8         5

        CLASS   EEDATA         

        CLASS   FARRAM         

        CLASS   HEAP           

        CLASS   STACK          



SEGMENTS        Name                           Load    Length   Top    Selector   Space  Class

                reset_vec                      000000  000004  000004         0       0  CODE    
                cstackCOMRAM                   000001  000072  000073         1       1  COMRAM  
                intcode                        000008  00000A  000012         4       0  CODE    
                bssBANK0                       000080  000080  000100        80       1  BANK0   
                dataBANK1                      000100  000088  000188       100       1  BANK1   
                smallconst                     001000  00003C  00103C       800       0  SMALLCON
                text49                         00103C  00360B  004647       81E       0  CODE    
                text2                          004648  0004BD  004B05      2324       0  CODE    
                text56                         004B06  00002C  004B32      2583       0  CODE    


UNUSED ADDRESS RANGES

        Name                Unused          Largest block    Delta
        BANK1            000188-0001FF               78
        BANK10           000A00-000AFF              100
        BANK11           000B00-000BFF              100
        BANK12           000C00-000CFF              100
        BANK13           000D00-000DFF              100
        BANK14           000E00-000EFF              100
        BANK15           000F00-000F7F               80
        BANK2            000200-0002FF              100
        BANK3            000300-0003FF              100
        BANK4            000400-0004FF              100
        BANK5            000500-0005FF              100
        BANK6            000600-0006FF              100
        BANK7            000700-0007FF              100
        BANK8            000800-0008FF              100
        BANK9            000900-0009FF              100
        BIGRAM           000073-00007F                D
                         000188-000F7F              DF8
        BIGSFR           000F80-000FFF               80
        CODE             000004-000007                4
                         000012-000FFF              FEE
                         004647-004647                1
                         004B05-004B05                1
                         004B32-00FFFF             B4CE
        COMRAM           000073-00007F                D
        CONST            000004-000007                4
                         000012-000FFF              FEE
                         004647-004647                1
                         004B05-004B05                1
                         004B32-00FFFF             B4CE
        EEDATA           F00000-F003FF              400
        MEDIUMCONST      004647-004647                1
                         004B05-004B05                1
                         004B32-00FFFF             B4CE
        RAM              000188-000F7F              100
        SFR              000F80-000FFF               80
        SMALLCONST       004647-004647                1
                         004B05-004B05                1
                         004B32-00FFFF              100

                                  Symbol Table

?___awdiv                                          cstackCOMRAM 00000E
?___awmod                                          cstackCOMRAM 00000E
?___fladd                                          cstackCOMRAM 00004E
?___fldiv                                          cstackCOMRAM 000035
?___flmul                                          cstackCOMRAM 00001C
?___flneg                                          cstackCOMRAM 00000E
?___flsub                                          cstackBANK0  0000C4
?___fltol                                          cstackBANK0  0000E2
?___xxtofl                                         cstackCOMRAM 00000E
?_abs                                              cstackCOMRAM 000014
?_roundf                                           cstackCOMRAM 00005E
?_sprintf                                          cstackCOMRAM 00004C
?_vfprintf                                         cstackCOMRAM 000044
ADC_GetConversionResult@_adc                       cstackCOMRAM 000001
ADC_GetConversionResult@conversion_result          cstackCOMRAM 000003
ADC_GetConversionResult@ret                        cstackCOMRAM 000008
ADC_Init@_adc                                      cstackCOMRAM 000011
ADC_Init@ret                                       cstackCOMRAM 000014
ADC_SelectChannel@_adc                             cstackCOMRAM 000011
ADC_SelectChannel@channel                          cstackCOMRAM 000013
ADC_SelectChannel@ret                              cstackCOMRAM 000015
ADC_StartConversion@_adc                           cstackCOMRAM 00000E
ADC_StartConversion@ret                            cstackCOMRAM 000010
ADC_StartConversion_Interrupt@_adc                 cstackCOMRAM 000016
ADC_StartConversion_Interrupt@channel              cstackCOMRAM 000018
ADC_StartConversion_Interrupt@ret                  cstackCOMRAM 000019
CCP_Capture_Mode_Config@_ccp_obj                   cstackCOMRAM 000011
CCP_Capture_Mode_Config@ret                        cstackCOMRAM 000015
CCP_Compare_Mode_Config@_ccp_obj                   cstackCOMRAM 000011
CCP_Compare_Mode_Config@ret                        cstackCOMRAM 000015
CCP_Init@_ccp_obj                                  cstackBANK0  0000EC
CCP_Init@ret                                       cstackBANK0  0000EF
CCP_Interrupt_Config@_ccp_obj                      cstackCOMRAM 00000E
CCP_Mode_Timer_Select@_ccp_obj                     cstackCOMRAM 00000E
CCP_PWM_Mode_Config@_ccp_obj                       cstackBANK0  0000EA
CCP_PWM_Set_Duty@_ccp_obj                          cstackBANK0  0000EA
CCP_PWM_Set_Duty@_duty                             cstackBANK0  0000EC
CCP_PWM_Set_Duty@l_duty_temp                       cstackBANK1  000180
CCP_PWM_Set_Duty@ret                               cstackBANK1  00017F
CCP_PWM_Start@_ccp_obj                             cstackCOMRAM 00000E
CCP_PWM_Start@ret                                  cstackCOMRAM 000011
MSSP_SPI_Msster_Mode_GPIO_PIN_Configurations@F3596 dataCOMRAM   00006B
MSSP_SPI_Msster_Mode_GPIO_PIN_Configurations@F3598 dataCOMRAM   00006A
MSSP_SPI_Msster_Mode_GPIO_PIN_Configurations@F3600 dataCOMRAM   000069
MSSP_SPI_Slave_Mode_GPIO_PIN_Configurations@F3605  dataCOMRAM   000068
MSSP_SPI_Slave_Mode_GPIO_PIN_Configurations@F3607  dataCOMRAM   000067
MSSP_SPI_Slave_Mode_GPIO_PIN_Configurations@F3609  dataCOMRAM   000066
MSSP_SPI_Slave_Mode_GPIO_PIN_Configurations@F3611  dataCOMRAM   000065
RB4_ISR@RB4_Source                                 cstackCOMRAM 000001
RB5_ISR@RB5_Source                                 cstackCOMRAM 000001
RB6_ISR@RB6_Source                                 cstackCOMRAM 000001
RB7_ISR@RB7_Source                                 cstackCOMRAM 000001
Timer2_Init@_timer                                 cstackCOMRAM 00000E
Timer2_Init@ret                                    cstackCOMRAM 000011
_ADCON0bits                                        (abs)        000FC2
_ADCON1bits                                        (abs)        000FC1
_ADCON2bits                                        (abs)        000FC0
_ADC_DefaultinterruptHandler                       text74       004A26
_ADC_GetConversionResult                           text75       003CB8
_ADC_ISR                                           text73       004978
_ADC_Init                                          text40       003D7C
_ADC_InterruptHandler                              bssBANK0     0000BE
_ADC_SelectChannel                                 text52       0048A0
_ADC_StartConversion                               text51       004A02
_ADC_StartConversion_Interrupt                     text50       0047A4
_ADRESH                                            (abs)        000FC4
_ADRESL                                            (abs)        000FC3
_BAUDCONbits                                       (abs)        000FB8
_CCP1CONbits                                       (abs)        000FBD
_CCP1_ISR                                          text72       004B2C
_CCP1_InterruptHandler                             bssBANK0     0000BC
_CCP2CONbits                                       (abs)        000FBA
_CCP2_ISR                                          text71       004948
_CCP2_InterruptHandler                             bssBANK0     0000BA
_CCPR1L                                            (abs)        000FBE
_CCPR2L                                            (abs)        000FBB
_CCP_Capture_Mode_Config                           text38       003280
_CCP_Compare_Mode_Config                           text37       002FD4
_CCP_Init                                          text31       003848
_CCP_Interrupt_Config                              text36       004866
_CCP_Mode_Timer_Select                             text39       00436E
_CCP_PWM_Mode_Config                               text35       00279C
_CCP_PWM_Mode_Config$5737                          cstackBANK1  00017B
_CCP_PWM_Mode_Config$5738                          cstackBANK1  00017F
_CCP_PWM_Set_Duty                                  text44       002B28
_CCP_PWM_Set_Duty$5736                             cstackBANK1  00017B
_CCP_PWM_Start                                     text43       0044B2
_EEADR                                             (abs)        000FA9
_EEADRH                                            (abs)        000FAA
_EECON1bits                                        (abs)        000FA6
_EECON2                                            (abs)        000FA7
_EEDATA                                            (abs)        000FA8
_EUSART_FramingErrorHandler                        bssBANK0     00008A
_EUSART_OverrunErrorHandler                        bssBANK0     000088
_EUSART_RX_ISR                                     text70       0049D6
_EUSART_RxInterruptHandler                         bssBANK0     00008C
_EUSART_TX_ISR                                     text69       004B28
_EUSART_TxInterruptHandler                         bssBANK0     00008E
_I2C_DefaultInterruptHandle                        bssBANK0     0000B6
_I2C_Report_Receive_Overflow_InterruptHandle       bssBANK0     0000B4
_I2C_Report_Write_Collision_InterruptHandler       bssBANK0     0000B8
_INT0_ISR                                          text68       004B24
_INT0_InterruptHandler                             bssBANK0     0000B2
_INT1_ISR                                          text67       004B20
_INT1_InterruptHandler                             bssBANK0     0000B0
_INT2_ISR                                          text66       004B1C
_INT2_InterruptHandler                             bssBANK0     0000AE
_INTCON2bits                                       (abs)        000FF1
_INTCON3bits                                       (abs)        000FF0
_INTCONbits                                        (abs)        000FF2
_InterruptManager                                  intcode      000008
_LATA                                              (abs)        000F89
_LATB                                              (abs)        000F8A
_LATC                                              (abs)        000F8B
_LATD                                              (abs)        000F8C
_LATE                                              (abs)        000F8D
_MSSP_I2C_BC_ISR                                   text65       004B18
_MSSP_I2C_ISR                                      text64       004B14
_MSSP_SPI_ISR                                      text63       004B0E
_PIE1bits                                          (abs)        000F9D
_PIE2bits                                          (abs)        000FA0
_PIR1bits                                          (abs)        000F9E
_PIR2bits                                          (abs)        000FA1
_PORTA                                             (abs)        000F80
_PORTB                                             (abs)        000F81
_PORTBbits                                         (abs)        000F81
_PORTC                                             (abs)        000F82
_PORTD                                             (abs)        000F83
_PORTE                                             (abs)        000F84
_PR2                                               (abs)        000FCB
_RB4_Flag                                          dataCOMRAM   00006F
_RB4_ISR                                           text62       004AAA
_RB4_InterruptHandler_HIGH                         bssBANK0     0000AC
_RB4_InterruptHandler_LOW                          bssBANK0     0000AA
_RB5_Flag                                          dataCOMRAM   00006E
_RB5_ISR                                           text61       004A90
_RB5_InterruptHandler_HIGH                         bssBANK0     0000A8
_RB5_InterruptHandler_LOW                          bssBANK0     0000A6
_RB6_Flag                                          dataCOMRAM   00006D
_RB6_ISR                                           text60       004A76
_RB6_InterruptHandler_HIGH                         bssBANK0     0000A4
_RB6_InterruptHandler_LOW                          bssBANK0     0000A2
_RB7_Flag                                          dataCOMRAM   00006C
_RB7_ISR                                           text59       004A5C
_RB7_InterruptHandler_HIGH                         bssBANK0     0000A0
_RB7_InterruptHandler_LOW                          bssBANK0     00009E
_RCREG                                             (abs)        000FAE
_RCSTAbits                                         (abs)        000FAB
_SPBRG                                             (abs)        000FAF
_SPBRGH                                            (abs)        000FB0
_SPI_InterruptHandler                              bssBANK0     00009C
_SSPADD                                            (abs)        000FC8
_SSPBUF                                            (abs)        000FC9
_SSPCON1bits                                       (abs)        000FC6
_SSPCON2bits                                       (abs)        000FC5
_SSPSTATbits                                       (abs)        000FC7
_T0CONbits                                         (abs)        000FD5
_T1CONbits                                         (abs)        000FCD
_T2CONbits                                         (abs)        000FCA
_T3CONbits                                         (abs)        000FB1
_TMR0H                                             (abs)        000FD7
_TMR0L                                             (abs)        000FD6
_TMR0_ISR                                          text58       004AE0
_TMR0_InterruptHandler                             bssBANK0     00009A
_TMR1H                                             (abs)        000FCF
_TMR1L                                             (abs)        000FCE
_TMR1_ISR                                          text57       004AEE
_TMR1_InterruptHandler                             bssBANK0     000096
_TMR2                                              (abs)        000FCC
_TMR2_ISR                                          text56       004B06
_TMR2_InterruptHandler                             bssBANK0     000094
_TMR3H                                             (abs)        000FB3
_TMR3L                                             (abs)        000FB2
_TMR3_ISR                                          text55       004AD2
_TMR3_InterruptHandler                             bssBANK0     000092
_TRISA                                             (abs)        000F92
_TRISB                                             (abs)        000F93
_TRISC                                             (abs)        000F94
_TRISCbits                                         (abs)        000F94
_TRISD                                             (abs)        000F95
_TRISE                                             (abs)        000F96
_TXREG                                             (abs)        000FAD
_TXSTAbits                                         (abs)        000FAC
_Timer2_Init                                       text30       0040F0
__HRAM                                             (abs)        000000
__H__absolute__                                    __absolute__ 000000
__Habs1                                            abs1         000000
__Hbank0                                           bank0        000000
__Hbank1                                           bank1        000000
__Hbank10                                          bank10       000000
__Hbank11                                          bank11       000000
__Hbank12                                          bank12       000000
__Hbank13                                          bank13       000000
__Hbank14                                          bank14       000000
__Hbank15                                          bank15       000000
__Hbank2                                           bank2        000000
__Hbank3                                           bank3        000000
__Hbank4                                           bank4        000000
__Hbank5                                           bank5        000000
__Hbank6                                           bank6        000000
__Hbank7                                           bank7        000000
__Hbank8                                           bank8        000000
__Hbank9                                           bank9        000000
__Hbigbss                                          bigbss       000000
__Hbigdata                                         bigdata      000000
__Hbigram                                          bigram       000000
__Hbigsfr                                          bigsfr       000000
__Hbss                                             bss          000000
__HbssBANK0                                        bssBANK0     000000
__HbssBANK1                                        bssBANK1     000000
__HbssCOMRAM                                       bssCOMRAM    000000
__Hcinit                                           cinit        000000
__Hclrtext                                         clrtext      000000
__Hcomram                                          comram       000000
__Hconfig                                          config       30000E
__Hconst                                           const        000000
__HcstackBANK0                                     cstackBANK0  000000
__HcstackBANK1                                     cstackBANK1  000000
__HcstackCOMRAM                                    cstackCOMRAM 000000
__Hdata                                            data         000000
__HdataBANK0                                       dataBANK0    000000
__HdataBANK1                                       dataBANK1    000000
__HdataCOMRAM                                      dataCOMRAM   000000
__Heeprom_data                                     eeprom_data  000000
__Hfarbss                                          farbss       000000
__Hfardata                                         fardata      000000
__Hheap                                            heap         000000
__Hibigdata                                        ibigdata     000000
__Hidata                                           idata        000000
__HidataBANK0                                      idataBANK0   000000
__HidataBANK1                                      idataBANK1   000000
__HidataCOMRAM                                     idataCOMRAM  000000
__Hidloc                                           idloc        200008
__Hifardata                                        ifardata     000000
__Hinit                                            init         000012
__Hintcode                                         intcode      00000E
__Hintcode_body                                    intcode_body 000000
__Hintcodelo                                       intcodelo    00000E
__Hintentry                                        intentry     000000
__Hintret                                          intret       000000
__Hintsave_regs                                    intsave_regs 000000
__Hirdata                                          irdata       000000
__Hmediumconst                                     mediumconst  000000
__HnvBANK0                                         nvBANK0      000000
__HnvFARRAM                                        nvFARRAM     000000
__Hnvbit                                           nvbit        000000
__Hnvrram                                          nvrram       000000
__Hparam                                           rparam       000000
__Hpowerup                                         powerup      00000E
__Hram                                             ram          000000
__Hramtop                                          ramtop       001000
__Hrbit                                            rbit         000000
__Hrbss                                            rbss         000000
__Hrdata                                           rdata        000000
__Hreset_vec                                       reset_vec    000004
__Hrparam                                          rparam       000000
__Hsfr                                             sfr          000000
__Hsmallconst                                      smallconst   00103C
__Hspace_0                                         (abs)        004B32
__Hspace_1                                         (abs)        000188
__Hspace_2                                         (abs)        000000
__Hspace_4                                         (abs)        60000E
__Hstack                                           stack        000000
__Hstruct                                          struct       000000
__Htemp                                            temp         000073
__Htext                                            text         000000
__Htext0                                           text0        000000
__Htext1                                           text1        000000
__Htext10                                          text10       000000
__Htext11                                          text11       000000
__Htext12                                          text12       000000
__Htext13                                          text13       000000
__Htext14                                          text14       000000
__Htext15                                          text15       000000
__Htext16                                          text16       000000
__Htext17                                          text17       000000
__Htext18                                          text18       000000
__Htext19                                          text19       000000
__Htext2                                           text2        000000
__Htext20                                          text20       000000
__Htext21                                          text21       000000
__Htext22                                          text22       000000
__Htext23                                          text23       000000
__Htext24                                          text24       000000
__Htext25                                          text25       000000
__Htext26                                          text26       000000
__Htext27                                          text27       000000
__Htext28                                          text28       000000
__Htext29                                          text29       000000
__Htext3                                           text3        000000
__Htext30                                          text30       000000
__Htext31                                          text31       000000
__Htext32                                          text32       000000
__Htext33                                          text33       000000
__Htext34                                          text34       000000
__Htext35                                          text35       000000
__Htext36                                          text36       000000
__Htext37                                          text37       000000
__Htext38                                          text38       000000
__Htext39                                          text39       000000
__Htext4                                           text4        000000
__Htext40                                          text40       000000
__Htext41                                          text41       000000
__Htext42                                          text42       000000
__Htext43                                          text43       000000
__Htext44                                          text44       000000
__Htext45                                          text45       000000
__Htext46                                          text46       000000
__Htext47                                          text47       000000
__Htext48                                          text48       000000
__Htext49                                          text49       000000
__Htext5                                           text5        000000
__Htext50                                          text50       000000
__Htext51                                          text51       000000
__Htext52                                          text52       000000
__Htext53                                          text53       000000
__Htext55                                          text55       000000
__Htext56                                          text56       000000
__Htext57                                          text57       000000
__Htext58                                          text58       000000
__Htext59                                          text59       000000
__Htext6                                           text6        000000
__Htext60                                          text60       000000
__Htext61                                          text61       000000
__Htext62                                          text62       000000
__Htext63                                          text63       000000
__Htext64                                          text64       000000
__Htext65                                          text65       000000
__Htext66                                          text66       000000
__Htext67                                          text67       000000
__Htext68                                          text68       000000
__Htext69                                          text69       000000
__Htext7                                           text7        000000
__Htext70                                          text70       000000
__Htext71                                          text71       000000
__Htext72                                          text72       000000
__Htext73                                          text73       000000
__Htext74                                          text74       000000
__Htext75                                          text75       000000
__Htext76                                          text76       000000
__Htext8                                           text8        000000
__Htext9                                           text9        000000
__LRAM                                             (abs)        000001
__L__absolute__                                    __absolute__ 000000
__Labs1                                            abs1         000000
__Lbank0                                           bank0        000000
__Lbank1                                           bank1        000000
__Lbank10                                          bank10       000000
__Lbank11                                          bank11       000000
__Lbank12                                          bank12       000000
__Lbank13                                          bank13       000000
__Lbank14                                          bank14       000000
__Lbank15                                          bank15       000000
__Lbank2                                           bank2        000000
__Lbank3                                           bank3        000000
__Lbank4                                           bank4        000000
__Lbank5                                           bank5        000000
__Lbank6                                           bank6        000000
__Lbank7                                           bank7        000000
__Lbank8                                           bank8        000000
__Lbank9                                           bank9        000000
__Lbigbss                                          bigbss       000000
__Lbigdata                                         bigdata      000000
__Lbigram                                          bigram       000000
__Lbigsfr                                          bigsfr       000000
__Lbss                                             bss          000000
__LbssBANK0                                        bssBANK0     000000
__LbssBANK1                                        bssBANK1     000000
__LbssCOMRAM                                       bssCOMRAM    000000
__Lcinit                                           cinit        000000
__Lclrtext                                         clrtext      000000
__Lcomram                                          comram       000000
__Lconfig                                          config       000000
__Lconst                                           const        000000
__LcstackBANK0                                     cstackBANK0  000000
__LcstackBANK1                                     cstackBANK1  000000
__LcstackCOMRAM                                    cstackCOMRAM 000000
__Ldata                                            data         000000
__LdataBANK0                                       dataBANK0    000000
__LdataBANK1                                       dataBANK1    000000
__LdataCOMRAM                                      dataCOMRAM   000000
__Leeprom_data                                     eeprom_data  000000
__Lfarbss                                          farbss       000000
__Lfardata                                         fardata      000000
__Lheap                                            heap         000000
__Libigdata                                        ibigdata     000000
__Lidata                                           idata        000000
__LidataBANK0                                      idataBANK0   000000
__LidataBANK1                                      idataBANK1   000000
__LidataCOMRAM                                     idataCOMRAM  000000
__Lidloc                                           idloc        000000
__Lifardata                                        ifardata     000000
__Linit                                            init         00000E
__Lintcode                                         intcode      000008
__Lintcode_body                                    intcode_body 000000
__Lintcodelo                                       intcodelo    00000E
__Lintentry                                        intentry     000000
__Lintret                                          intret       000000
__Lintsave_regs                                    intsave_regs 000000
__Lirdata                                          irdata       000000
__Lmediumconst                                     mediumconst  000000
__LnvBANK0                                         nvBANK0      000000
__LnvFARRAM                                        nvFARRAM     000000
__Lnvbit                                           nvbit        000000
__Lnvrram                                          nvrram       000000
__Lparam                                           rparam       000000
__Lpowerup                                         powerup      00000E
__Lram                                             ram          000000
__Lramtop                                          ramtop       001000
__Lrbit                                            rbit         000000
__Lrbss                                            rbss         000000
__Lrdata                                           rdata        000000
__Lreset_vec                                       reset_vec    000000
__Lrparam                                          rparam       000000
__Lsfr                                             sfr          000000
__Lsmallconst                                      smallconst   001000
__Lspace_0                                         (abs)        000000
__Lspace_1                                         (abs)        000000
__Lspace_2                                         (abs)        000000
__Lspace_4                                         (abs)        000000
__Lstack                                           stack        000000
__Lstruct                                          struct       000000
__Ltemp                                            temp         000072
__Ltext                                            text         000000
__Ltext0                                           text0        000000
__Ltext1                                           text1        000000
__Ltext10                                          text10       000000
__Ltext11                                          text11       000000
__Ltext12                                          text12       000000
__Ltext13                                          text13       000000
__Ltext14                                          text14       000000
__Ltext15                                          text15       000000
__Ltext16                                          text16       000000
__Ltext17                                          text17       000000
__Ltext18                                          text18       000000
__Ltext19                                          text19       000000
__Ltext2                                           text2        000000
__Ltext20                                          text20       000000
__Ltext21                                          text21       000000
__Ltext22                                          text22       000000
__Ltext23                                          text23       000000
__Ltext24                                          text24       000000
__Ltext25                                          text25       000000
__Ltext26                                          text26       000000
__Ltext27                                          text27       000000
__Ltext28                                          text28       000000
__Ltext29                                          text29       000000
__Ltext3                                           text3        000000
__Ltext30                                          text30       000000
__Ltext31                                          text31       000000
__Ltext32                                          text32       000000
__Ltext33                                          text33       000000
__Ltext34                                          text34       000000
__Ltext35                                          text35       000000
__Ltext36                                          text36       000000
__Ltext37                                          text37       000000
__Ltext38                                          text38       000000
__Ltext39                                          text39       000000
__Ltext4                                           text4        000000
__Ltext40                                          text40       000000
__Ltext41                                          text41       000000
__Ltext42                                          text42       000000
__Ltext43                                          text43       000000
__Ltext44                                          text44       000000
__Ltext45                                          text45       000000
__Ltext46                                          text46       000000
__Ltext47                                          text47       000000
__Ltext48                                          text48       000000
__Ltext49                                          text49       000000
__Ltext5                                           text5        000000
__Ltext50                                          text50       000000
__Ltext51                                          text51       000000
__Ltext52                                          text52       000000
__Ltext53                                          text53       000000
__Ltext55                                          text55       000000
__Ltext56                                          text56       000000
__Ltext57                                          text57       000000
__Ltext58                                          text58       000000
__Ltext59                                          text59       000000
__Ltext6                                           text6        000000
__Ltext60                                          text60       000000
__Ltext61                                          text61       000000
__Ltext62                                          text62       000000
__Ltext63                                          text63       000000
__Ltext64                                          text64       000000
__Ltext65                                          text65       000000
__Ltext66                                          text66       000000
__Ltext67                                          text67       000000
__Ltext68                                          text68       000000
__Ltext69                                          text69       000000
__Ltext7                                           text7        000000
__Ltext70                                          text70       000000
__Ltext71                                          text71       000000
__Ltext72                                          text72       000000
__Ltext73                                          text73       000000
__Ltext74                                          text74       000000
__Ltext75                                          text75       000000
__Ltext76                                          text76       000000
__Ltext8                                           text8        000000
__Ltext9                                           text9        000000
__S0                                               (abs)        004B32
__S1                                               (abs)        000188
__S4                                               (abs)        000000
__S5                                               (abs)        000000
___awdiv                                           text21       003BF4
___awdiv@counter                                   cstackCOMRAM 000012
___awdiv@dividend                                  cstackCOMRAM 00000E
___awdiv@divisor                                   cstackCOMRAM 000010
___awdiv@quotient                                  cstackCOMRAM 000014
___awdiv@sign                                      cstackCOMRAM 000013
___awmod                                           text20       003EF8
___awmod@counter                                   cstackCOMRAM 000012
___awmod@dividend                                  cstackCOMRAM 00000E
___awmod@divisor                                   cstackCOMRAM 000010
___awmod@sign                                      cstackCOMRAM 000013
___fladd                                           text49       00103C
___fladd@a                                         cstackCOMRAM 000052
___fladd@aexp                                      cstackCOMRAM 00005B
___fladd@b                                         cstackCOMRAM 00004E
___fladd@bexp                                      cstackCOMRAM 00005C
___fladd@grs                                       cstackCOMRAM 00005D
___fladd@signs                                     cstackCOMRAM 00005A
___fldiv                                           text48       002142
___fldiv@a                                         cstackCOMRAM 000039
___fldiv@aexp                                      cstackCOMRAM 00004D
___fldiv@b                                         cstackCOMRAM 000035
___fldiv@bexp                                      cstackCOMRAM 00004C
___fldiv@grs                                       cstackCOMRAM 000048
___fldiv@new_exp                                   cstackCOMRAM 000046
___fldiv@rem                                       cstackCOMRAM 000041
___fldiv@sign                                      cstackCOMRAM 000045
___flge                                            text4        00394E
___flge@ff1                                        cstackCOMRAM 00000E
___flge@ff2                                        cstackCOMRAM 000012
___flmul                                           text47       001964
___flmul@a                                         cstackCOMRAM 000020
___flmul@aexp                                      cstackCOMRAM 000029
___flmul@b                                         cstackCOMRAM 00001C
___flmul@bexp                                      cstackCOMRAM 00002E
___flmul@grs                                       cstackCOMRAM 00002A
___flmul@prod                                      cstackCOMRAM 00002F
___flmul@sign                                      cstackCOMRAM 000028
___flmul@temp                                      cstackCOMRAM 000033
___flneg                                           text3        0048DA
___flneg@f1                                        cstackCOMRAM 00000E
___flsub                                           text2        004648
___flsub@a                                         cstackBANK0  0000C8
___flsub@b                                         cstackBANK0  0000C4
___fltol                                           text46       003740
___fltol@exp1                                      cstackCOMRAM 000063
___fltol@f1                                        cstackBANK0  0000E2
___fltol@sign1                                     cstackCOMRAM 000062
___heap_hi                                         (abs)        000000
___heap_lo                                         (abs)        000000
___inthi_sp                                        stack        000000
___intlo_sp                                        stack        000000
___param_bank                                      (abs)        000000
___rparam_used                                     (abs)        000001
___sp                                              stack        000000
___xxtofl                                          text45       002974
___xxtofl@arg                                      cstackCOMRAM 000018
___xxtofl@exp                                      cstackCOMRAM 000017
___xxtofl@sign                                     cstackCOMRAM 000016
___xxtofl@val                                      cstackCOMRAM 00000E
__accesstop                                        (abs)        000080
__activetblptr                                     (abs)        000003
__end_of_ADC_DefaultinterruptHandler               text74       004A42
__end_of_ADC_GetConversionResult                   text75       003D7C
__end_of_ADC_ISR                                   text73       0049A8
__end_of_ADC_Init                                  text40       003E3C
__end_of_ADC_SelectChannel                         text52       0048DA
__end_of_ADC_StartConversion                       text51       004A26
__end_of_ADC_StartConversion_Interrupt             text50       0047E8
__end_of_CCP1_ISR                                  text72       004B30
__end_of_CCP2_ISR                                  text71       004978
__end_of_CCP_Capture_Mode_Config                   text38       0033C0
__end_of_CCP_Compare_Mode_Config                   text37       00313C
__end_of_CCP_Init                                  text31       00394E
__end_of_CCP_Interrupt_Config                      text36       0048A0
__end_of_CCP_Mode_Timer_Select                     text39       0043DE
__end_of_CCP_PWM_Mode_Config                       text35       002974
__end_of_CCP_PWM_Set_Duty                          text44       002CC8
__end_of_CCP_PWM_Start                             text43       004518
__end_of_EUSART_RX_ISR                             text70       004A02
__end_of_EUSART_TX_ISR                             text69       004B2C
__end_of_INT0_ISR                                  text68       004B28
__end_of_INT1_ISR                                  text67       004B24
__end_of_INT2_ISR                                  text66       004B20
__end_of_InterruptManager                          intcode_body 001964
__end_of_MSSP_I2C_BC_ISR                           text65       004B1C
__end_of_MSSP_I2C_ISR                              text64       004B18
__end_of_MSSP_SPI_ISR                              text63       004B14
__end_of_RB4_ISR                                   text62       004AC4
__end_of_RB5_ISR                                   text61       004AAA
__end_of_RB6_ISR                                   text60       004A90
__end_of_RB7_ISR                                   text59       004A76
__end_of_TMR0_ISR                                  text58       004AEE
__end_of_TMR1_ISR                                  text57       004AFA
__end_of_TMR2_ISR                                  text56       004B0E
__end_of_TMR3_ISR                                  text55       004AE0
__end_of_Timer2_Init                               text30       00418A
__end_of___awdiv                                   text21       003CB8
__end_of___awmod                                   text20       003FA8
__end_of___fladd                                   text49       0014FC
__end_of___fldiv                                   text48       0024DC
__end_of___flge                                    text4        003A52
__end_of___flmul                                   text47       001D8E
__end_of___flneg                                   text3        004912
__end_of___flsub                                   text2        004690
__end_of___fltol                                   text46       003848
__end_of___xxtofl                                  text45       002B28
__end_of__initialization                           cinit        004206
__end_of_abs                                       text19       004828
__end_of_adc_input_channel_port_configure          text53       003B2A
__end_of_application_initialize                    text23       0049D6
__end_of_btn_values                                smallconst   001011
__end_of_configure_voltage_reference               text42       0045FE
__end_of_convert_uint16_to_string                  text10       003EF8
__end_of_dc_motor_initialize                       text29       004866
__end_of_dc_motor_move_right                       text9        00471C
__end_of_dc_motor_stop                             text8        0046D6
__end_of_dtoa                                      text14       002E5E
__end_of_ecu_layer_init                            text24       004A5C
__end_of_fputc                                     text17       003BF4
__end_of_fputs                                     text16       004760
__end_of_gpio_pin_direction_intialize              text34       003280
__end_of_gpio_pin_intialize                        text32       00444A
__end_of_gpio_pin_write_logic                      text33       003618
__end_of_lcd_4bit_intialize                        text25       003740
__end_of_lcd_4bit_send_char_data                   text7        0042FC
__end_of_lcd_4bit_send_command                     text26       00436E
__end_of_lcd_4bit_send_enable_signal               text28       004948
__end_of_lcd_4bit_send_string_pos                  text5        0040F0
__end_of_lcd_4bit_set_cursor                       text6        004050
__end_of_lcd_send_4bits                            text27       0044B2
__end_of_main                                      text0        00279C
__end_of_memset                                    text22       002FD4
__end_of_pad                                       text15       00428A
__end_of_putch                                     text18       004B32
__end_of_roundf                                    text1        002142
__end_of_select_result_format                      text41       0047A4
__end_of_sprintf                                   text11       0045B4
__end_of_toint                                     smallconst   001015
__end_of_vfpfcnvrt                                 text13       0034EC
__end_of_vfprintf                                  text12       004568
__initialization                                   cinit        00418A
__mediumconst                                      mediumconst  000000
__pbssBANK0                                        bssBANK0     000080
__pbssBANK1                                        bssBANK1     000149
__pbssCOMRAM                                       bssCOMRAM    000070
__pcinit                                           cinit        00418A
__pcstackBANK0                                     cstackBANK0  0000C4
__pcstackBANK1                                     cstackBANK1  00017B
__pcstackCOMRAM                                    cstackCOMRAM 000001
__pdataBANK0                                       dataBANK0    0000F0
__pdataBANK1                                       dataBANK1    000100
__pdataCOMRAM                                      dataCOMRAM   000065
__pidataBANK0                                      idataBANK0   004AC4
__pidataBANK1                                      idataBANK1   0045FE
__pidataCOMRAM                                     idataCOMRAM  004AFA
__pintcode                                         intcode      000008
__pintcode_body                                    intcode_body 0014FC
__pnvBANK0                                         nvBANK0      0000FE
__psmallconst                                      smallconst   001000
__ptext0                                           text0        0024DC
__ptext1                                           text1        001D8E
__ptext10                                          text10       003E3C
__ptext11                                          text11       004568
__ptext12                                          text12       004518
__ptext13                                          text13       0033C0
__ptext14                                          text14       002CC8
__ptext15                                          text15       004210
__ptext16                                          text16       00471C
__ptext17                                          text17       003B2A
__ptext18                                          text18       004B30
__ptext19                                          text19       0047E8
__ptext2                                           text2        004648
__ptext20                                          text20       003EF8
__ptext21                                          text21       003BF4
__ptext22                                          text22       002E5E
__ptext23                                          text23       0049A8
__ptext24                                          text24       004A42
__ptext25                                          text25       003618
__ptext26                                          text26       0042FC
__ptext27                                          text27       00444A
__ptext28                                          text28       004912
__ptext29                                          text29       004828
__ptext3                                           text3        0048DA
__ptext30                                          text30       0040F0
__ptext31                                          text31       003848
__ptext32                                          text32       0043DE
__ptext33                                          text33       0034EC
__ptext34                                          text34       00313C
__ptext35                                          text35       00279C
__ptext36                                          text36       004866
__ptext37                                          text37       002FD4
__ptext38                                          text38       003280
__ptext39                                          text39       00436E
__ptext4                                           text4        00394E
__ptext40                                          text40       003D7C
__ptext41                                          text41       004760
__ptext42                                          text42       0045B4
__ptext43                                          text43       0044B2
__ptext44                                          text44       002B28
__ptext45                                          text45       002974
__ptext46                                          text46       003740
__ptext47                                          text47       001964
__ptext48                                          text48       002142
__ptext49                                          text49       00103C
__ptext5                                           text5        004050
__ptext50                                          text50       0047A4
__ptext51                                          text51       004A02
__ptext52                                          text52       0048A0
__ptext53                                          text53       003A52
__ptext55                                          text55       004AD2
__ptext56                                          text56       004B06
__ptext57                                          text57       004AEE
__ptext58                                          text58       004AE0
__ptext59                                          text59       004A5C
__ptext6                                           text6        003FA8
__ptext60                                          text60       004A76
__ptext61                                          text61       004A90
__ptext62                                          text62       004AAA
__ptext63                                          text63       004B0E
__ptext64                                          text64       004B14
__ptext65                                          text65       004B18
__ptext66                                          text66       004B1C
__ptext67                                          text67       004B20
__ptext68                                          text68       004B24
__ptext69                                          text69       004B28
__ptext7                                           text7        00428A
__ptext70                                          text70       0049D6
__ptext71                                          text71       004948
__ptext72                                          text72       004B2C
__ptext73                                          text73       004978
__ptext74                                          text74       004A26
__ptext75                                          text75       003CB8
__ptext76                                          text76       000000
__ptext8                                           text8        004690
__ptext9                                           text9        0046D6
__ramtop                                           ramtop       001000
__smallconst                                       smallconst   001000
_abs                                               text19       0047E8
_adc_a0                                            dataBANK1    00013C
_adc_input_channel_port_configure                  text53       003A52
_application_initialize                            text23       0049A8
_btn_values                                        smallconst   001001
_ccp1_obj                                          dataBANK1    00012B
_configure_voltage_reference                       text42       0045B4
_convert_uint16_to_string                          text10       003E3C
_dbuf                                              bssBANK1     00014F
_dc_motor_1                                        dataBANK0    0000FC
_dc_motor_2                                        dataBANK0    0000FA
_dc_motor_initialize                               text29       004828
_dc_motor_move_right                               text9        0046D6
_dc_motor_stop                                     text8        004690
_dtoa                                              text14       002CC8
_dtoa$5164                                         cstackCOMRAM 00002D
_ecu_layer_init                                    text24       004A42
_flags                                             bssBANK0     0000C0
_fputc                                             text17       003B2A
_fputs                                             text16       00471C
_gpio_pin_direction_intialize                      text34       00313C
_gpio_pin_intialize                                text32       0043DE
_gpio_pin_write_logic                              text33       0034EC
_keypad1                                           dataBANK1    00011E
_lat_registers                                     dataBANK0    0000F0
_lcd_1                                             dataBANK1    000143
_lcd_2                                             dataBANK1    000114
_lcd_4bit_intialize                                text25       003618
_lcd_4bit_send_char_data                           text7        00428A
_lcd_4bit_send_command                             text26       0042FC
_lcd_4bit_send_enable_signal                       text28       004912
_lcd_4bit_send_string_pos                          text5        004050
_lcd_4bit_set_cursor                               text6        003FA8
_lcd_send_4bits                                    text27       00444A
_lm35_res1                                         bssBANK0     0000C2
_lm35_res1_Celsius                                 nvBANK0      0000FE
_lm35_res1_str                                     bssBANK1     000175
_main                                              text0        0024DC
_main$5740                                         cstackBANK1  000183
_memset                                            text22       002E5E
_pad                                               text15       004210
_port_registers                                    dataBANK1    000100
_prec                                              bssBANK0     000086
_putch                                             text18       004B30
_roundf                                            text1        001D8E
_roundf$5741                                       cstackBANK0  0000D6
_roundf$5742                                       cstackBANK0  0000D0
_seg1                                              dataBANK1    000126
_select_result_format                              text41       004760
_sprintf                                           text11       004568
_timer0_preload                                    bssBANK0     000098
_timer1_preload                                    bssCOMRAM    000070
_timer2_obj                                        bssBANK1     00016F
_timer2_preload                                    bssBANK0     0000C1
_timer3_preload                                    bssBANK0     000090
_tris_registers                                    dataBANK1    00010A
_vfpfcnvrt                                         text13       0033C0
_vfprintf                                          text12       004518
_width                                             bssBANK0     000084
abs@a                                              cstackCOMRAM 000014
adc_input_channel_port_configure@channel           cstackCOMRAM 000010
btemp                                              temp         000072
configure_voltage_reference@_adc                   cstackCOMRAM 00000E
convert_uint16_to_string@DataCounter               cstackBANK0  0000CF
convert_uint16_to_string@Temp_String               cstackBANK0  0000C8
convert_uint16_to_string@ret                       cstackBANK0  0000CE
convert_uint16_to_string@str                       cstackBANK0  0000C6
convert_uint16_to_string@value                     cstackBANK0  0000C4
dc_motor_initialize@_dc_motor                      cstackCOMRAM 00001C
dc_motor_initialize@ret                            cstackCOMRAM 00001E
dc_motor_move_right@_dc_motor                      cstackCOMRAM 000018
dc_motor_move_right@ret                            cstackCOMRAM 00001A
dc_motor_stop@_dc_motor                            cstackCOMRAM 000018
dc_motor_stop@ret                                  cstackCOMRAM 00001A
dtoa@d                                             cstackCOMRAM 00002B
dtoa@fp                                            cstackCOMRAM 000029
dtoa@i                                             cstackCOMRAM 000034
dtoa@p                                             cstackCOMRAM 00002F
dtoa@s                                             cstackCOMRAM 000033
dtoa@w                                             cstackCOMRAM 000031
end_of_initialization                              cinit        004206
fputc@c                                            cstackCOMRAM 00000E
fputc@fp                                           cstackCOMRAM 000010
fputs@c                                            cstackCOMRAM 00001B
fputs@fp                                           cstackCOMRAM 000019
fputs@i                                            cstackCOMRAM 00001C
fputs@s                                            cstackCOMRAM 000017
gpio_pin_direction_intialize@_pin_config           cstackCOMRAM 00000E
gpio_pin_direction_intialize@ret                   cstackCOMRAM 000016
gpio_pin_intialize@_pin_config                     cstackCOMRAM 000018
gpio_pin_intialize@ret                             cstackCOMRAM 00001B
gpio_pin_write_logic@_pin_config                   cstackCOMRAM 00000E
gpio_pin_write_logic@logic                         cstackCOMRAM 000010
gpio_pin_write_logic@ret                           cstackCOMRAM 000017
int$flags                                          temp         000072
int_func                                           intcode_body 0014FC
intlevel0                                          text         000000
intlevel1                                          text         000000
intlevel2                                          text         000000
intlevel3                                          text         000000
isa$std                                            (abs)        000001
isa$xinst                                          (abs)        000000
lcd_4bit_intialize@l_data_pins_counter             cstackCOMRAM 000024
lcd_4bit_intialize@lcd                             cstackCOMRAM 000020
lcd_4bit_intialize@ret                             cstackCOMRAM 000025
lcd_4bit_send_char_data@data                       cstackCOMRAM 00001E
lcd_4bit_send_char_data@lcd                        cstackCOMRAM 00001C
lcd_4bit_send_char_data@ret                        cstackCOMRAM 00001F
lcd_4bit_send_command@command                      cstackCOMRAM 00001E
lcd_4bit_send_command@lcd                          cstackCOMRAM 00001C
lcd_4bit_send_command@ret                          cstackCOMRAM 00001F
lcd_4bit_send_enable_signal@lcd                    cstackCOMRAM 000018
lcd_4bit_send_enable_signal@ret                    cstackCOMRAM 00001A
lcd_4bit_send_string_pos@column                    cstackCOMRAM 00002A
lcd_4bit_send_string_pos@lcd                       cstackCOMRAM 000027
lcd_4bit_send_string_pos@ret                       cstackCOMRAM 00002D
lcd_4bit_send_string_pos@row                       cstackCOMRAM 000029
lcd_4bit_send_string_pos@str                       cstackCOMRAM 00002B
lcd_4bit_set_cursor@coulmn                         cstackCOMRAM 000023
lcd_4bit_set_cursor@lcd                            cstackCOMRAM 000020
lcd_4bit_set_cursor@ret                            cstackCOMRAM 000026
lcd_4bit_set_cursor@row                            cstackCOMRAM 000022
lcd_send_4bits@_data_command                       cstackCOMRAM 00001A
lcd_send_4bits@lcd                                 cstackCOMRAM 000018
lcd_send_4bits@ret                                 cstackCOMRAM 00001B
main@ret                                           cstackBANK1  000187
memset@c                                           cstackCOMRAM 000010
memset@dest                                        cstackCOMRAM 00000E
memset@k                                           cstackCOMRAM 000016
memset@n                                           cstackCOMRAM 000012
memset@s                                           cstackCOMRAM 000018
pad@buf                                            cstackCOMRAM 000020
pad@fp                                             cstackCOMRAM 00001E
pad@i                                              cstackCOMRAM 000025
pad@p                                              cstackCOMRAM 000022
pad@w                                              cstackCOMRAM 000027
roundf@F527                                        bssBANK0     000080
roundf@e                                           cstackBANK0  0000D4
roundf@u                                           cstackBANK0  0000DA
roundf@x                                           cstackCOMRAM 00005E
roundf@y                                           cstackBANK0  0000DE
select_result_format@_adc                          cstackCOMRAM 00000E
sprintf@ap                                         cstackCOMRAM 000054
sprintf@f                                          cstackCOMRAM 000056
sprintf@fmt                                        cstackCOMRAM 00004E
sprintf@s                                          cstackCOMRAM 00004C
stackhi                                            (abs)        000000
stacklo                                            (abs)        000000
start                                              init         00000E
start_initialization                               cinit        00418A
ttemp5                                             temp         000073
ttemp6                                             temp         000076
ttemp7                                             temp         00007A
vfpfcnvrt@ap                                       cstackCOMRAM 00003A
vfpfcnvrt@convarg                                  cstackCOMRAM 00003E
vfpfcnvrt@cp                                       cstackCOMRAM 000042
vfpfcnvrt@fmt                                      cstackCOMRAM 000038
vfpfcnvrt@fp                                       cstackCOMRAM 000036
vfprintf@ap                                        cstackCOMRAM 000048
vfprintf@cfmt                                      cstackCOMRAM 00004A
vfprintf@fmt                                       cstackCOMRAM 000046
vfprintf@fp                                        cstackCOMRAM 000044
wtemp8                                             temp         000073


MODULE INFORMATION

Module		Function		Class		Link	Load	Size
C:\Program Files\Microchip\xc8\v2.41\pic\sources\c99\common\awmod.c
		___awmod       		CODE           	3EF8	0000	176

C:\Program Files\Microchip\xc8\v2.41\pic\sources\c99\common\awmod.c estimated size: 176

MCAL_Layer/Timer2/hal_timr2.c
		_TMR2_ISR      		CODE           	4B06	0000	8
		_Timer2_Init   		CODE           	40F0	0000	154

MCAL_Layer/Timer2/hal_timr2.c estimated size: 162

C:\Program Files\Microchip\xc8\v2.41\pic\sources\c99\common\roundf.c
		_roundf        		CODE           	1D8E	0000	948

C:\Program Files\Microchip\xc8\v2.41\pic\sources\c99\common\roundf.c estimated size: 948

C:\Program Files\Microchip\xc8\v2.41\pic\sources\c99\common\flge.c
		___flge        		CODE           	394E	0000	260

C:\Program Files\Microchip\xc8\v2.41\pic\sources\c99\common\flge.c estimated size: 260

MCAL_Layer/Timer0/hal_timr0.c
		_TMR0_ISR      		CODE           	4AE0	0000	14

MCAL_Layer/Timer0/hal_timr0.c estimated size: 14

C:\Program Files\Microchip\xc8\v2.41\pic\sources\c99\common\fltol.c
		___fltol       		CODE           	3740	0000	264

C:\Program Files\Microchip\xc8\v2.41\pic\sources\c99\common\fltol.c estimated size: 264

C:\Program Files\Microchip\xc8\v2.41\pic\sources\c99\common\xxtofl.c
		___xxtofl      		CODE           	2974	0000	436

C:\Program Files\Microchip\xc8\v2.41\pic\sources\c99\common\xxtofl.c estimated size: 436

ECU_Layer/DC_Motor/ecu_dc_motor.c
		_dc_motor_stop 		CODE           	4690	0000	70
		_dc_motor_initialize		CODE           	4828	0000	62
		_dc_motor_move_right		CODE           	46D6	0000	70

ECU_Layer/DC_Motor/ecu_dc_motor.c estimated size: 202

C:\Program Files\Microchip\xc8\v2.41\pic\sources\c99\common\nf_fputc.c
		_fputc         		CODE           	3B2A	0000	202

C:\Program Files\Microchip\xc8\v2.41\pic\sources\c99\common\nf_fputc.c estimated size: 202

C:\Program Files\Microchip\xc8\v2.41\pic\sources\c99\common\memset.c
		_memset        		CODE           	2E5E	0000	374

C:\Program Files\Microchip\xc8\v2.41\pic\sources\c99\common\memset.c estimated size: 374

C:\Program Files\Microchip\xc8\v2.41\pic\sources\c99\common\nf_sprintf.c
		_sprintf       		CODE           	4568	0000	76

C:\Program Files\Microchip\xc8\v2.41\pic\sources\c99\common\nf_sprintf.c estimated size: 76

C:\Program Files\Microchip\xc8\v2.41\pic\sources\c99\common\sprcadd.c
		___flsub       		CODE           	4648	0000	72
		___fladd       		CODE           	103C	0000	1216

C:\Program Files\Microchip\xc8\v2.41\pic\sources\c99\common\sprcadd.c estimated size: 1288

MCAL_Layer/SPI/hal_spi.c
		_MSSP_SPI_ISR  		CODE           	4B0E	0000	6

MCAL_Layer/SPI/hal_spi.c estimated size: 6

C:\Program Files\Microchip\xc8\v2.41\pic\sources\c99\common\awdiv.c
		___awdiv       		CODE           	3BF4	0000	196

C:\Program Files\Microchip\xc8\v2.41\pic\sources\c99\common\awdiv.c estimated size: 196

ECU_Layer/Chr_LCD/ecu_chr_lcd.c
		_lcd_4bit_send_command		CODE           	42FC	0000	114
		_lcd_4bit_send_string_pos		CODE           	4050	0000	160
		_lcd_4bit_send_char_data		CODE           	428A	0000	114
		_lcd_send_4bits		CODE           	444A	0000	104
		_lcd_4bit_intialize		CODE           	3618	0000	296
		_convert_uint16_to_string		CODE           	3E3C	0000	188
		_lcd_4bit_set_cursor		CODE           	3FA8	0000	168
		_lcd_4bit_send_enable_signal		CODE           	4912	0000	54

ECU_Layer/Chr_LCD/ecu_chr_lcd.c estimated size: 1198

MCAL_Layer/I2C/hal_i2c.c
		_MSSP_I2C_ISR  		CODE           	4B14	0000	4
		_MSSP_I2C_BC_ISR		CODE           	4B18	0000	4

MCAL_Layer/I2C/hal_i2c.c estimated size: 8

C:\Program Files\Microchip\xc8\v2.41\pic\sources\c99\common\abs.c
		_abs           		CODE           	47E8	0000	64

C:\Program Files\Microchip\xc8\v2.41\pic\sources\c99\common\abs.c estimated size: 64

C:\Program Files\Microchip\xc8\v2.41\pic\sources\c99\common\doprnt.c
		_vfpfcnvrt     		CODE           	33C0	0000	300
		_pad           		CODE           	4210	0000	122
		_dtoa          		CODE           	2CC8	0000	406
		_vfprintf      		CODE           	4518	0000	80

C:\Program Files\Microchip\xc8\v2.41\pic\sources\c99\common\doprnt.c estimated size: 908

C:\Program Files\Microchip\xc8\v2.41\pic\sources\c99\common\flneg.c
		___flneg       		CODE           	48DA	0000	56

C:\Program Files\Microchip\xc8\v2.41\pic\sources\c99\common\flneg.c estimated size: 56

MCAL_Layer/usart/hal_usart.c
		_EUSART_RX_ISR 		CODE           	49D6	0000	44
		_EUSART_TX_ISR 		CODE           	4B28	0000	4

MCAL_Layer/usart/hal_usart.c estimated size: 48

MCAL_Layer/Timer3/hal_timr3.c
		_TMR3_ISR      		CODE           	4AD2	0000	14

MCAL_Layer/Timer3/hal_timr3.c estimated size: 14

shared
		_btn_values    		SMALLCONST     	1001	0000	16
		__initialization		CODE           	418A	0000	124
		_toint         		SMALLCONST     	0000	0000	0

shared estimated size: 140

MCAL_Layer/Interrupt/mcal_external_interrupt.c
		_RB4_ISR       		CODE           	4AAA	0000	26
		_RB5_ISR       		CODE           	4A90	0000	26
		_RB6_ISR       		CODE           	4A76	0000	26
		_RB7_ISR       		CODE           	4A5C	0000	26
		_INT0_ISR      		CODE           	4B24	0000	4
		_INT1_ISR      		CODE           	4B20	0000	4
		_INT2_ISR      		CODE           	4B1C	0000	4

MCAL_Layer/Interrupt/mcal_external_interrupt.c estimated size: 116

MCAL_Layer/ADC/hal_adc.c
		_ADC_StartConversion_Interrupt		CODE           	47A4	0000	68
		_adc_input_channel_port_configure		CODE           	3A52	0000	216
		_ADC_GetConversionResult		CODE           	3CB8	0000	196
		_configure_voltage_reference		CODE           	45B4	0000	74
		_ADC_StartConversion		CODE           	4A02	0000	36
		_ADC_ISR       		CODE           	4978	0000	48
		_ADC_SelectChannel		CODE           	48A0	0000	58
		_ADC_Init      		CODE           	3D7C	0000	192
		_select_result_format		CODE           	4760	0000	68

MCAL_Layer/ADC/hal_adc.c estimated size: 956

MCAL_Layer/Interrupt/mcal_interrupt_manager.c
		_InterruptManager		CODE           	0008	0000	1134

MCAL_Layer/Interrupt/mcal_interrupt_manager.c estimated size: 1134

MCAL_Layer/GPIO/hal_gpio.c
		_gpio_pin_write_logic		CODE           	34EC	0000	300
		_gpio_pin_intialize		CODE           	43DE	0000	108
		_gpio_pin_direction_intialize		CODE           	313C	0000	324

MCAL_Layer/GPIO/hal_gpio.c estimated size: 732

MCAL_Layer/Timer1/hal_timr1.c
		_TMR1_ISR      		CODE           	4AEE	0000	12

MCAL_Layer/Timer1/hal_timr1.c estimated size: 12

C:\Program Files\Microchip\xc8\v2.41\pic\sources\c99\common\putch.c
		_putch         		CODE           	4B30	0000	2

C:\Program Files\Microchip\xc8\v2.41\pic\sources\c99\common\putch.c estimated size: 2

C:\Program Files\Microchip\xc8\v2.41\pic\sources\c99\common\nf_fputs.c
		_fputs         		CODE           	471C	0000	68

C:\Program Files\Microchip\xc8\v2.41\pic\sources\c99\common\nf_fputs.c estimated size: 68

ECU_Layer/ecu_layer_init.c
		_ecu_layer_init		CODE           	4A42	0000	26

ECU_Layer/ecu_layer_init.c estimated size: 26

application.c
		_ADC_DefaultinterruptHandler		CODE           	4A26	0000	28
		_application_initialize		CODE           	49A8	0000	46
		_main          		CODE           	24DC	0000	704

application.c estimated size: 778

C:\Program Files\Microchip\xc8\v2.41\pic\sources\c99\common\sprcmul.c
		___flmul       		CODE           	1964	0000	1066

C:\Program Files\Microchip\xc8\v2.41\pic\sources\c99\common\sprcmul.c estimated size: 1066

MCAL_Layer/CCP/hal_ccp.c
		_CCP_Capture_Mode_Config		CODE           	3280	0000	320
		_CCP_Mode_Timer_Select		CODE           	436E	0000	112
		_CCP_PWM_Mode_Config		CODE           	279C	0000	472
		_CCP1_ISR      		CODE           	4B2C	0000	4
		_CCP_Init      		CODE           	3848	0000	262
		_CCP2_ISR      		CODE           	4948	0000	48
		_CCP_PWM_Start 		CODE           	44B2	0000	102
		_CCP_PWM_Set_Duty		CODE           	2B28	0000	416
		_CCP_Compare_Mode_Config		CODE           	2FD4	0000	360
		_CCP_Interrupt_Config		CODE           	4866	0000	58

MCAL_Layer/CCP/hal_ccp.c estimated size: 2154

C:\Program Files\Microchip\xc8\v2.41\pic\sources\c99\common\sprcdiv.c
		___fldiv       		CODE           	2142	0000	922

C:\Program Files\Microchip\xc8\v2.41\pic\sources\c99\common\sprcdiv.c estimated size: 922

